Component: ARM Compiler 5.06 update 6 (build 750) Tool: armlink [4d35ed]

==============================================================================

Section Cross References

    main.o(i.main) refers to delay.o(i.delay_init) for delay_init
    main.o(i.main) refers to misc.o(i.NVIC_PriorityGroupConfig) for NVIC_PriorityGroupConfig
    main.o(i.main) refers to usart3.o(i.usart3_Init) for usart3_Init
    main.o(i.main) refers to uart5.o(i.uart5_Init) for uart5_Init
    main.o(i.main) refers to servo.o(i.Servo_Init) for Servo_Init
    main.o(i.main) refers to timer.o(i.TIM7_Int_Init) for TIM7_Int_Init
    main.o(i.main) refers to motor.o(i.Motor_Init) for Motor_Init
    main.o(i.main) refers to motor.o(i.Motor_Pin_Init) for Motor_Pin_Init
    main.o(i.main) refers to encoder.o(i.Encoder_MotorA_Init) for Encoder_MotorA_Init
    main.o(i.main) refers to encoder.o(i.Encoder_MotorB_Init) for Encoder_MotorB_Init
    main.o(i.main) refers to encoder.o(i.Encoder_MotorC_Init) for Encoder_MotorC_Init
    main.o(i.main) refers to encoder.o(i.Encoder_MotorD_Init) for Encoder_MotorD_Init
    main.o(i.main) refers to myiic.o(i.IIC_Init) for IIC_Init
    main.o(i.main) refers to oled.o(i.OLED_Init) for OLED_Init
    main.o(i.main) refers to oled.o(i.OLED_Clear) for OLED_Clear
    main.o(i.main) refers to oled.o(i.OLED_ShowString) for OLED_ShowString
    main.o(i.main) refers to hc05.o(i.HC05_Send_Encoders) for HC05_Send_Encoders
    main.o(i.main) refers to main.o(.data) for .data
    system_stm32f4xx.o(i.SystemCoreClockUpdate) refers to system_stm32f4xx.o(.data) for .data
    timer.o(i.TIM7_IRQHandler) refers to stm32f4xx_tim.o(i.TIM_GetITStatus) for TIM_GetITStatus
    timer.o(i.TIM7_IRQHandler) refers to encoder.o(i.Read_Encoder) for Read_Encoder
    timer.o(i.TIM7_IRQHandler) refers to control.o(i.Incremental_PI_MotorA) for Incremental_PI_MotorA
    timer.o(i.TIM7_IRQHandler) refers to control.o(i.Incremental_PI_MotorB) for Incremental_PI_MotorB
    timer.o(i.TIM7_IRQHandler) refers to control.o(i.Incremental_PI_MotorC) for Incremental_PI_MotorC
    timer.o(i.TIM7_IRQHandler) refers to control.o(i.Incremental_PI_MotorD) for Incremental_PI_MotorD
    timer.o(i.TIM7_IRQHandler) refers to control.o(i.Set_PWM) for Set_PWM
    timer.o(i.TIM7_IRQHandler) refers to stm32f4xx_tim.o(i.TIM_ClearITPendingBit) for TIM_ClearITPendingBit
    timer.o(i.TIM7_IRQHandler) refers to main.o(.data) for Encoder_A
    timer.o(i.TIM7_IRQHandler) refers to main.o(.data) for Motor_A
    timer.o(i.TIM7_IRQHandler) refers to main.o(.data) for Motor_B
    timer.o(i.TIM7_IRQHandler) refers to main.o(.data) for Motor_C
    timer.o(i.TIM7_IRQHandler) refers to main.o(.data) for Motor_D
    timer.o(i.TIM7_Int_Init) refers to stm32f4xx_rcc.o(i.RCC_APB1PeriphClockCmd) for RCC_APB1PeriphClockCmd
    timer.o(i.TIM7_Int_Init) refers to stm32f4xx_tim.o(i.TIM_TimeBaseInit) for TIM_TimeBaseInit
    timer.o(i.TIM7_Int_Init) refers to stm32f4xx_tim.o(i.TIM_ITConfig) for TIM_ITConfig
    timer.o(i.TIM7_Int_Init) refers to misc.o(i.NVIC_Init) for NVIC_Init
    timer.o(i.TIM7_Int_Init) refers to stm32f4xx_tim.o(i.TIM_Cmd) for TIM_Cmd
    servo.o(i.Servo1_SetAngle) refers to stm32f4xx_tim.o(i.TIM_SetCompare1) for TIM_SetCompare1
    servo.o(i.Servo2_SetAngle) refers to stm32f4xx_tim.o(i.TIM_SetCompare2) for TIM_SetCompare2
    servo.o(i.Servo3_SetAngle) refers to stm32f4xx_tim.o(i.TIM_SetCompare3) for TIM_SetCompare3
    servo.o(i.Servo4_SetAngle) refers to stm32f4xx_tim.o(i.TIM_SetCompare4) for TIM_SetCompare4
    servo.o(i.Servo5_SetAngle) refers to stm32f4xx_tim.o(i.TIM_SetCompare1) for TIM_SetCompare1
    servo.o(i.Servo_Init) refers to stm32f4xx_rcc.o(i.RCC_APB2PeriphClockCmd) for RCC_APB2PeriphClockCmd
    servo.o(i.Servo_Init) refers to stm32f4xx_rcc.o(i.RCC_AHB1PeriphClockCmd) for RCC_AHB1PeriphClockCmd
    servo.o(i.Servo_Init) refers to stm32f4xx_gpio.o(i.GPIO_PinAFConfig) for GPIO_PinAFConfig
    servo.o(i.Servo_Init) refers to stm32f4xx_gpio.o(i.GPIO_Init) for GPIO_Init
    servo.o(i.Servo_Init) refers to stm32f4xx_tim.o(i.TIM_TimeBaseInit) for TIM_TimeBaseInit
    servo.o(i.Servo_Init) refers to stm32f4xx_tim.o(i.TIM_OCStructInit) for TIM_OCStructInit
    servo.o(i.Servo_Init) refers to stm32f4xx_tim.o(i.TIM_OC1Init) for TIM_OC1Init
    servo.o(i.Servo_Init) refers to stm32f4xx_tim.o(i.TIM_OC1PreloadConfig) for TIM_OC1PreloadConfig
    servo.o(i.Servo_Init) refers to stm32f4xx_tim.o(i.TIM_OC2Init) for TIM_OC2Init
    servo.o(i.Servo_Init) refers to stm32f4xx_tim.o(i.TIM_OC2PreloadConfig) for TIM_OC2PreloadConfig
    servo.o(i.Servo_Init) refers to stm32f4xx_tim.o(i.TIM_OC3Init) for TIM_OC3Init
    servo.o(i.Servo_Init) refers to stm32f4xx_tim.o(i.TIM_OC3PreloadConfig) for TIM_OC3PreloadConfig
    servo.o(i.Servo_Init) refers to stm32f4xx_tim.o(i.TIM_OC4Init) for TIM_OC4Init
    servo.o(i.Servo_Init) refers to stm32f4xx_tim.o(i.TIM_OC4PreloadConfig) for TIM_OC4PreloadConfig
    servo.o(i.Servo_Init) refers to stm32f4xx_tim.o(i.TIM_Cmd) for TIM_Cmd
[...]
    .text                                    0x080011e4   Section        0  _printf_wchar.o(.text)
    .text                                    0x08001210   Section        0  _wcrtomb.o(.text)
    .text                                    0x08001250   Section        8  libspace.o(.text)
    .text                                    0x08001258   Section       74  sys_stackheap_outer.o(.text)
    .text                                    0x080012a4   Section       16  rt_ctype_table.o(.text)
    .text                                    0x080012b4   Section        8  rt_locale_intlibspace.o(.text)
    .text                                    0x080012bc   Section        0  _printf_fp_infnan.o(.text)
    .text                                    0x0800133c   Section        0  bigflt0.o(.text)
    .text                                    0x08001420   Section        0  exit.o(.text)
    .text                                    0x08001434   Section        0  sys_exit.o(.text)
    .text                                    0x08001440   Section        2  use_no_semi.o(.text)
    .text                                    0x08001442   Section        0  indicate_semi.o(.text)
    CL$$btod_d2e                             0x08001442   Section       62  btod.o(CL$$btod_d2e)
    CL$$btod_d2e_denorm_low                  0x08001480   Section       70  btod.o(CL$$btod_d2e_denorm_low)
    CL$$btod_d2e_norm_op1                    0x080014c6   Section       96  btod.o(CL$$btod_d2e_norm_op1)
    CL$$btod_div_common                      0x08001526   Section      824  btod.o(CL$$btod_div_common)
    CL$$btod_e2e                             0x0800185e   Section      220  btod.o(CL$$btod_e2e)
    CL$$btod_ediv                            0x0800193a   Section       42  btod.o(CL$$btod_ediv)
    CL$$btod_emul                            0x08001964   Section       42  btod.o(CL$$btod_emul)
    CL$$btod_mult_common                     0x0800198e   Section      580  btod.o(CL$$btod_mult_common)
    i.BusFault_Handler                       0x08001bd2   Section        0  stm32f4xx_it.o(i.BusFault_Handler)
    i.DebugMon_Handler                       0x08001bd4   Section        0  stm32f4xx_it.o(i.DebugMon_Handler)
    i.Encoder_MotorA_Init                    0x08001bd8   Section        0  encoder.o(i.Encoder_MotorA_Init)
    i.Encoder_MotorB_Init                    0x08001c9c   Section        0  encoder.o(i.Encoder_MotorB_Init)
    i.Encoder_MotorC_Init                    0x08001d44   Section        0  encoder.o(i.Encoder_MotorC_Init)
    i.Encoder_MotorD_Init                    0x08001dec   Section        0  encoder.o(i.Encoder_MotorD_Init)
    i.GPIO_Init                              0x08001e94   Section        0  stm32f4xx_gpio.o(i.GPIO_Init)
    i.GPIO_PinAFConfig                       0x08001f32   Section        0  stm32f4xx_gpio.o(i.GPIO_PinAFConfig)
    i.HC05_Send_Encoders                     0x08001f54   Section        0  hc05.o(i.HC05_Send_Encoders)
    i.HardFault_Handler                      0x08001f88   Section        0  stm32f4xx_it.o(i.HardFault_Handler)
    i.IIC_Init                               0x08001f8c   Section        0  myiic.o(i.IIC_Init)
    i.IIC_Send_Byte                          0x08001fd4   Section        0  myiic.o(i.IIC_Send_Byte)
    i.IIC_Start                              0x0800203c   Section        0  myiic.o(i.IIC_Start)
    i.IIC_Stop                               0x0800207c   Section        0  myiic.o(i.IIC_Stop)
    i.IIC_Wait_Ack                           0x080020c0   Section        0  myiic.o(i.IIC_Wait_Ack)
    i.Incremental_PI_MotorA                  0x08002148   Section        0  control.o(i.Incremental_PI_MotorA)
    i.Incremental_PI_MotorB                  0x080021ac   Section        0  control.o(i.Incremental_PI_MotorB)
    i.Incremental_PI_MotorC                  0x08002210   Section        0  control.o(i.Incremental_PI_MotorC)
    i.Incremental_PI_MotorD                  0x08002274   Section        0  control.o(i.Incremental_PI_MotorD)
    i.MemManage_Handler                      0x080022d8   Section        0  stm32f4xx_it.o(i.MemManage_Handler)
    i.Motor_Init                             0x080022dc   Section        0  motor.o(i.Motor_Init)
    i.Motor_Pin_Init                         0x080023d4   Section        0  motor.o(i.Motor_Pin_Init)
    i.NMI_Handler                            0x0800246c   Section        0  stm32f4xx_it.o(i.NMI_Handler)
    i.NVIC_Init                              0x08002470   Section        0  misc.o(i.NVIC_Init)
    i.NVIC_PriorityGroupConfig               0x080024e4   Section        0  misc.o(i.NVIC_PriorityGroupConfig)
    i.OLED_Clear                             0x080024f8   Section        0  oled.o(i.OLED_Clear)
    i.OLED_Init                              0x0800254e   Section        0  oled.o(i.OLED_Init)
    i.OLED_Set_Pos                           0x0800265e   Section        0  oled.o(i.OLED_Set_Pos)
    i.OLED_ShowString                        0x08002688   Section        0  oled.o(i.OLED_ShowString)
    i.OLED_WrCmd                             0x0800278c   Section        0  oled.o(i.OLED_WrCmd)
    i.PendSV_Handler                         0x080027be   Section        0  stm32f4xx_it.o(i.PendSV_Handler)
    i.RCC_AHB1PeriphClockCmd                 0x080027c0   Section        0  stm32f4xx_rcc.o(i.RCC_AHB1PeriphClockCmd)
    i.RCC_APB1PeriphClockCmd                 0x080027d8   Section        0  stm32f4xx_rcc.o(i.RCC_APB1PeriphClockCmd)
    i.RCC_APB1PeriphResetCmd                 0x080027f0   Section        0  stm32f4xx_rcc.o(i.RCC_APB1PeriphResetCmd)
    i.RCC_APB2PeriphClockCmd                 0x08002808   Section        0  stm32f4xx_rcc.o(i.RCC_APB2PeriphClockCmd)
    i.RCC_APB2PeriphResetCmd                 0x08002820   Section        0  stm32f4xx_rcc.o(i.RCC_APB2PeriphResetCmd)
    i.RCC_GetClocksFreq                      0x08002838   Section        0  stm32f4xx_rcc.o(i.RCC_GetClocksFreq)
    i.Read_Encoder                           0x080028c0   Section        0  encoder.o(i.Read_Encoder)
    i.SVC_Handler                            0x0800290c   Section        0  stm32f4xx_it.o(i.SVC_Handler)
    i.Servo_Init                             0x08002910   Section        0  servo.o(i.Servo_Init)
    i.Set_PWM                                0x08002a3c   Section        0  control.o(i.Set_PWM)
    i.SysTick_CLKSourceConfig                0x08002ae8   Section        0  misc.o(i.SysTick_CLKSourceConfig)
    i.SysTick_Handler                        0x08002afe   Section        0  stm32f4xx_it.o(i.SysTick_Handler)
    i.SystemInit                             0x08002b00   Section        0  system_stm32f4xx.o(i.SystemInit)
    i.TI2_Config                             0x08002c14   Section        0  stm32f4xx_tim.o(i.TI2_Config)
    TI2_Config                               0x08002c15   Thumb Code    62  stm32f4xx_tim.o(i.TI2_Config)
    i.TIM7_IRQHandler                        0x08002c54   Section        0  timer.o(i.TIM7_IRQHandler)
    i.TIM7_Int_Init                          0x08002d18   Section        0  timer.o(i.TIM7_Int_Init)
    i.TIM_ClearITPendingBit                  0x08002d78   Section        0  stm32f4xx_tim.o(i.TIM_ClearITPendingBit)
    i.TIM_Cmd                                0x08002d7e   Section        0  stm32f4xx_tim.o(i.TIM_Cmd)
    i.TIM_CtrlPWMOutputs                     0x08002d90   Section        0  stm32f4xx_tim.o(i.TIM_CtrlPWMOutputs)
    i.TIM_DeInit                             0x08002da6   Section        0  stm32f4xx_tim.o(i.TIM_DeInit)
    i.TIM_EncoderInterfaceConfig             0x08002f5a   Section        0  stm32f4xx_tim.o(i.TIM_EncoderInterfaceConfig)
    i.TIM_GetITStatus                        0x08002f96   Section        0  stm32f4xx_tim.o(i.TIM_GetITStatus)
    i.TIM_ICInit                             0x08002fac   Section        0  stm32f4xx_tim.o(i.TIM_ICInit)
    i.TIM_ICStructInit                       0x080030a6   Section        0  stm32f4xx_tim.o(i.TIM_ICStructInit)
    i.TIM_ITConfig                           0x080030b6   Section        0  stm32f4xx_tim.o(i.TIM_ITConfig)
    i.TIM_OC1Init                            0x080030c6   Section        0  stm32f4xx_tim.o(i.TIM_OC1Init)
    i.TIM_OC1PreloadConfig                   0x0800312e   Section        0  stm32f4xx_tim.o(i.TIM_OC1PreloadConfig)
    i.TIM_OC2Init                            0x0800313a   Section        0  stm32f4xx_tim.o(i.TIM_OC2Init)
    i.TIM_OC2PreloadConfig                   0x080031c0   Section        0  stm32f4xx_tim.o(i.TIM_OC2PreloadConfig)
    i.TIM_OC3Init                            0x080031d4   Section        0  stm32f4xx_tim.o(i.TIM_OC3Init)
    i.TIM_OC3PreloadConfig                   0x08003258   Section        0  stm32f4xx_tim.o(i.TIM_OC3PreloadConfig)
    i.TIM_OC4Init                            0x08003264   Section        0  stm32f4xx_tim.o(i.TIM_OC4Init)
    i.TIM_OC4PreloadConfig                   0x080032cc   Section        0  stm32f4xx_tim.o(i.TIM_OC4PreloadConfig)
    i.TIM_OCStructInit                       0x080032e0   Section        0  stm32f4xx_tim.o(i.TIM_OCStructInit)
    i.TIM_TimeBaseInit                       0x080032f4   Section        0  stm32f4xx_tim.o(i.TIM_TimeBaseInit)
    i.UART5_IRQHandler                       0x08003374   Section        0  uart5.o(i.UART5_IRQHandler)
    i.USART3_IRQHandler                      0x080033e8   Section        0  usart3.o(i.USART3_IRQHandler)
    i.USART_Cmd                              0x0800345c   Section        0  stm32f4xx_usart.o(i.USART_Cmd)
    i.USART_GetFlagStatus                    0x0800346e   Section        0  stm32f4xx_usart.o(i.USART_GetFlagStatus)
    i.USART_GetITStatus                      0x0800347c   Section        0  stm32f4xx_usart.o(i.USART_GetITStatus)
    i.USART_ITConfig                         0x080034be   Section        0  stm32f4xx_usart.o(i.USART_ITConfig)
    i.USART_Init                             0x080034f0   Section        0  stm32f4xx_usart.o(i.USART_Init)
    i.USART_ReceiveData                      0x080035a8   Section        0  stm32f4xx_usart.o(i.USART_ReceiveData)
    i.USART_SendData                         0x080035b0   Section        0  stm32f4xx_usart.o(i.USART_SendData)
    i.UsageFault_Handler                     0x080035b8   Section        0  stm32f4xx_it.o(i.UsageFault_Handler)
    i.__ARM_fpclassify                       0x080035ba   Section        0  fpclassify.o(i.__ARM_fpclassify)
    i._is_digit                              0x080035ea   Section        0  __printf_wp.o(i._is_digit)
    i.delay_init                             0x080035f8   Section        0  delay.o(i.delay_init)
    i.delay_ms                               0x08003624   Section        0  delay.o(i.delay_ms)
    i.delay_us                               0x0800368c   Section        0  delay.o(i.delay_us)
    i.delay_xms                              0x080036c4   Section        0  delay.o(i.delay_xms)
    i.main                                   0x080036fc   Section        0  main.o(i.main)
    i.uart5_Init                             0x08003790   Section        0  uart5.o(i.uart5_Init)
    i.uart5_printf                           0x08003874   Section        0  uart5.o(i.uart5_printf)
    i.usart3_Init                            0x080038cc   Section        0  usart3.o(i.usart3_Init)
    locale$$code                             0x08003978   Section       44  lc_numeric_c.o(locale$$code)
    locale$$code                             0x080039a4   Section       44  lc_ctype_c.o(locale$$code)
    x$fpl$fpinit                             0x080039d0   Section       10  fpinit.o(x$fpl$fpinit)
    $v0                                      0x080039d0   Number         0  fpinit.o(x$fpl$fpinit)
    x$fpl$printf1                            0x080039da   Section        4  printf1.o(x$fpl$printf1)
    $v0                                      0x080039da   Number         0  printf1.o(x$fpl$printf1)
    x$fpl$printf2                            0x080039de   Section        4  printf2.o(x$fpl$printf2)
    $v0                                      0x080039de   Number         0  printf2.o(x$fpl$printf2)
    .constdata                               0x080039e2   Section     2424  oled.o(.constdata)
    x$fpl$usenofp                            0x080039e2   Section        0  usenofp.o(x$fpl$usenofp)
    .constdata                               0x0800435a   Section       17  __printf_flags_ss_wp.o(.constdata)
    maptable                                 0x0800435a   Data          17  __printf_flags_ss_wp.o(.constdata)
    .constdata                               0x0800436c   Section        8  _printf_wctomb.o(.constdata)
    initial_mbstate                          0x0800436c   Data           8  _printf_wctomb.o(.constdata)
    .constdata                               0x08004374   Section       40  _printf_hex_int_ll_ptr.o(.constdata)
    uc_hextab                                0x08004374   Data          20  _printf_hex_int_ll_ptr.o(.constdata)
    lc_hextab                                0x08004388   Data          20  _printf_hex_int_ll_ptr.o(.constdata)
    .constdata                               0x0800439c   Section       38  _printf_fp_hex.o(.constdata)
    lc_hextab                                0x0800439c   Data          19  _printf_fp_hex.o(.constdata)
    uc_hextab                                0x080043af   Data          19  _printf_fp_hex.o(.constdata)
    .constdata                               0x080043c4   Section      148  bigflt0.o(.constdata)
    tenpwrs_x                                0x080043c4   Data          60  bigflt0.o(.constdata)
    tenpwrs_i                                0x08004400   Data          64  bigflt0.o(.constdata)
    locale$$data                             0x08004478   Section       28  lc_numeric_c.o(locale$$data)
    __lcnum_c_name                           0x0800447c   Data           2  lc_numeric_c.o(locale$$data)
    __lcnum_c_start                          0x08004484   Data           0  lc_numeric_c.o(locale$$data)
    __lcnum_c_point                          0x08004490   Data           0  lc_numeric_c.o(locale$$data)
    __lcnum_c_thousands                      0x08004492   Data           0  lc_numeric_c.o(locale$$data)
    __lcnum_c_grouping                       0x08004493   Data           0  lc_numeric_c.o(locale$$data)
    locale$$data                             0x08004494   Section      272  lc_ctype_c.o(locale$$data)
    __lcnum_c_end                            0x08004494   Data           0  lc_numeric_c.o(locale$$data)
    __lcctype_c_name                         0x08004498   Data           2  lc_ctype_c.o(locale$$data)
    __lcctype_c_start                        0x080044a0   Data           0  lc_ctype_c.o(locale$$data)
    __lcctype_c_end                          0x080045a4   Data           0  lc_ctype_c.o(locale$$data)
    .data                                    0x20000000   Section        4  main.o(.data)
    .data                                    0x20000004   Section        4  main.o(.data)
    .data                                    0x20000008   Section        4  main.o(.data)
    .data                                    0x2000000c   Section        4  main.o(.data)
    .data                                    0x20000010   Section       32  main.o(.data)
    .data                                    0x20000030   Section        2  usart3.o(.data)
    .data                                    0x20000034   Section       56  control.o(.data)
    Bias                                     0x2000003c   Data           4  control.o(.data)
    Pwm                                      0x20000040   Data           4  control.o(.data)
    Last_bias                                0x20000044   Data           4  control.o(.data)
    Bias                                     0x20000048   Data           4  control.o(.data)
    Pwm                                      0x2000004c   Data           4  control.o(.data)
    Last_bias                                0x20000050   Data           4  control.o(.data)
    Bias                                     0x20000054   Data           4  control.o(.data)
    Pwm                                      0x20000058   Data           4  control.o(.data)
    Last_bias                                0x2000005c   Data           4  control.o(.data)
    Bias                                     0x20000060   Data           4  control.o(.data)
    Pwm                                      0x20000064   Data           4  control.o(.data)
    Last_bias                                0x20000068   Data           4  control.o(.data)
    .data                                    0x2000006c   Section        2  uart5.o(.data)
    .data                                    0x2000006e   Section        4  delay.o(.data)
    fac_us                                   0x2000006e   Data           1  delay.o(.data)
    fac_ms                                   0x20000070   Data           2  delay.o(.data)
    .data                                    0x20000072   Section       16  stm32f4xx_rcc.o(.data)
    APBAHBPrescTable                         0x20000072   Data          16  stm32f4xx_rcc.o(.data)
    .bss                                     0x20000088   Section      511  usart3.o(.bss)
    .bss                                     0x20000288   Section      511  uart5.o(.bss)
    .bss                                     0x20000488   Section       96  libspace.o(.bss)
    HEAP                                     0x200004e8   Section      512  startup_stm32f40_41xxx.o(HEAP)
    Heap_Mem                                 0x200004e8   Data         512  startup_stm32f40_41xxx.o(HEAP)
    STACK                                    0x200006e8   Section     1024  startup_stm32f40_41xxx.o(STACK)
    Stack_Mem                                0x200006e8   Data        1024  startup_stm32f40_41xxx.o(STACK)
    __initial_sp                             0x20000ae8   Data           0  startup_stm32f40_41xxx.o(STACK)

    Global Symbols

    Symbol Name                              Value     Ov Type        Size  Object(Section)

    BuildAttributes$$THM_ISAv4$E$P$D$K$B$S$7EM$VFPi3$EXTD16$VFPS$VFMA$PE$A:L22UL41UL21$X:L11$S22US41US21$IEEE1$IW$USESV6$~STKCKD$USESV7$~SHL$OTIME$ROPI$IEEEX$EBA8$UX$STANDARDLIB$REQ8$PRES8$EABIv2 0x00000000   Number         0  anon$$obj.o ABSOLUTE
    __ARM_use_no_argv                        0x00000000   Number         0  main.o ABSOLUTE
    _printf_flags                            0x00000000   Number         0  printf_stubs.o ABSOLUTE
    _printf_return_value                     0x00000000   Number         0  printf_stubs.o ABSOLUTE
    _printf_sizespec                         0x00000000   Number         0  printf_stubs.o ABSOLUTE
    _printf_widthprec                        0x00000000   Number         0  printf_stubs.o ABSOLUTE
    __ARM_exceptions_init                     - Undefined Weak Reference
    __alloca_initialize                       - Undefined Weak Reference
    __arm_preinit_                            - Undefined Weak Reference
    __cpp_initialize__aeabi_                  - Undefined Weak Reference
    __cxa_finalize                            - Undefined Weak Reference
    __sigvec_lookup                           - Undefined Weak Reference
    _atexit_init                              - Undefined Weak Reference
    _call_atexit_fns                          - Undefined Weak Reference
    _clock_init                               - Undefined Weak Reference
    _fp_trap_init                             - Undefined Weak Reference
    _fp_trap_shutdown                         - Undefined Weak Reference
    _get_lc_collate                           - Undefined Weak Reference
    _get_lc_monetary                          - Undefined Weak Reference
    _get_lc_time                              - Undefined Weak Reference
    _getenv_init                              - Undefined Weak Reference
    _handle_redirection                       - Undefined Weak Reference
    _init_alloc                               - Undefined Weak Reference
    _init_user_alloc                          - Undefined Weak Reference
    _initio                                   - Undefined Weak Reference
    _printf_mbtowc                            - Undefined Weak Reference
    _printf_wc                                - Undefined Weak Reference
    _rand_init                                - Undefined Weak Reference
    _signal_finish                            - Undefined Weak Reference
    _signal_init                              - Undefined Weak Reference
    _terminate_alloc                          - Undefined Weak Reference
    _terminate_user_alloc                     - Undefined Weak Reference
    _terminateio                              - Undefined Weak Reference
    __Vectors_Size                           0x00000188   Number         0  startup_stm32f40_41xxx.o ABSOLUTE
    __Vectors                                0x08000000   Data           4  startup_stm32f40_41xxx.o(RESET)
    __Vectors_End                            0x08000188   Data           0  startup_stm32f40_41xxx.o(RESET)
    __main                                   0x08000189   Thumb Code     8  __main.o(!!!main)
    __scatterload                            0x08000191   Thumb Code     0  __scatter.o(!!!scatter)
    __scatterload_rt2                        0x08000191   Thumb Code    44  __scatter.o(!!!scatter)
    __scatterload_rt2_thumb_only             0x08000191   Thumb Code     0  __scatter.o(!!!scatter)
    __scatterload_null                       0x0800019f   Thumb Code     0  __scatter.o(!!!scatter)
    __scatterload_copy                       0x080001c5   Thumb Code    26  __scatter_copy.o(!!handler_copy)
    __scatterload_zeroinit                   0x080001e1   Thumb Code    28  __scatter_zi.o(!!handler_zi)
    _printf_n                                0x080001fd   Thumb Code     0  _printf_n.o(.ARM.Collect$$_printf_percent$$00000001)
    _printf_percent                          0x080001fd   Thumb Code     0  _printf_percent.o(.ARM.Collect$$_printf_percent$$00000000)
    _printf_p                                0x08000203   Thumb Code     0  _printf_p.o(.ARM.Collect$$_printf_percent$$00000002)
    _printf_f                                0x08000209   Thumb Code     0  _printf_f.o(.ARM.Collect$$_printf_percent$$00000003)
    _printf_e                                0x0800020f   Thumb Code     0  _printf_e.o(.ARM.Collect$$_printf_percent$$00000004)
    _printf_g                                0x08000215   Thumb Code     0  _printf_g.o(.ARM.Collect$$_printf_percent$$00000005)
    _printf_a                                0x0800021b   Thumb Code     0  _printf_a.o(.ARM.Collect$$_printf_percent$$00000006)
    _printf_ll                               0x08000221   Thumb Code     0  _printf_ll.o(.ARM.Collect$$_printf_percent$$00000007)
    _printf_i                                0x0800022b   Thumb Code     0  _printf_i.o(.ARM.Collect$$_printf_percent$$00000008)
    _printf_d                                0x08000231   Thumb Code     0  _printf_d.o(.ARM.Collect$$_printf_percent$$00000009)
    _printf_u                                0x08000237   Thumb Code     0  _printf_u.o(.ARM.Collect$$_printf_percent$$0000000A)
    _printf_o                                0x0800023d   Thumb Code     0  _printf_o.o(.ARM.Collect$$_printf_percent$$0000000B)
    _printf_x                                0x08000243   Thumb Code     0  _printf_x.o(.ARM.Collect$$_printf_percent$$0000000C)
    _printf_lli                              0x08000249   Thumb Code     0  _printf_lli.o(.ARM.Collect$$_printf_percent$$0000000D)
    _printf_lld                              0x0800024f   Thumb Code     0  _printf_lld.o(.ARM.Collect$$_printf_percent$$0000000E)
    _printf_llu                              0x08000255   Thumb Code     0  _printf_llu.o(.ARM.Collect$$_printf_percent$$0000000F)
    _printf_llo                              0x0800025b   Thumb Code     0  _printf_llo.o(.ARM.Collect$$_printf_percent$$00000010)
    _printf_llx                              0x08000261   Thumb Code     0  _printf_llx.o(.ARM.Collect$$_printf_percent$$00000011)
    _printf_l                                0x08000267   Thumb Code     0  _printf_l.o(.ARM.Collect$$_printf_percent$$00000012)
    _printf_c                                0x08000271   Thumb Code     0  _printf_c.o(.ARM.Collect$$_printf_percent$$00000013)
    _printf_s                                0x08000277   Thumb Code     0  _printf_s.o(.ARM.Collect$$_printf_percent$$00000014)
    _printf_lc                               0x0800027d   Thumb Code     0  _printf_lc.o(.ARM.Collect$$_printf_percent$$00000015)
    _printf_ls                               0x08000283   Thumb Code     0  _printf_ls.o(.ARM.Collect$$_printf_percent$$00000016)
    _printf_percent_end                      0x08000289   Thumb Code     0  _printf_percent_end.o(.ARM.Collect$$_printf_percent$$00000017)
    __rt_lib_init                            0x0800028d   Thumb Code     0  libinit.o(.ARM.Collect$$libinit$$00000000)
    __rt_lib_init_fp_1                       0x0800028f   Thumb Code     0  libinit2.o(.ARM.Collect$$libinit$$00000001)
    __rt_lib_init_heap_1                     0x08000293   Thumb Code     0  libinit2.o(.ARM.Collect$$libinit$$0000000A)
    __rt_lib_init_lc_common                  0x08000293   Thumb Code     0  libinit2.o(.ARM.Collect$$libinit$$0000000F)
    __rt_lib_init_preinit_1                  0x08000293   Thumb Code     0  libinit2.o(.ARM.Collect$$libinit$$00000004)
    __rt_lib_init_rand_1                     0x08000293   Thumb Code     0  libinit2.o(.ARM.Collect$$libinit$$0000000E)
    __rt_lib_init_user_alloc_1               0x08000293   Thumb Code     0  libinit2.o(.ARM.Collect$$libinit$$0000000C)
    __rt_lib_init_lc_collate_1               0x08000299   Thumb Code     0  libinit2.o(.ARM.Collect$$libinit$$00000011)
    __rt_lib_init_lc_ctype_2                 0x08000299   Thumb Code     0  libinit2.o(.ARM.Collect$$libinit$$00000012)
    __rt_lib_init_lc_ctype_1                 0x080002a5   Thumb Code     0  libinit2.o(.ARM.Collect$$libinit$$00000013)
    __rt_lib_init_lc_monetary_1              0x080002a5   Thumb Code     0  libinit2.o(.ARM.Collect$$libinit$$00000015)
    __rt_lib_init_lc_numeric_2               0x080002a5   Thumb Code     0  libinit2.o(.ARM.Collect$$libinit$$00000016)
    __rt_lib_init_alloca_1                   0x080002af   Thumb Code     0  libinit2.o(.ARM.Collect$$libinit$$0000002E)
    __rt_lib_init_argv_1                     0x080002af   Thumb Code     0  libinit2.o(.ARM.Collect$$libinit$$0000002C)
    __rt_lib_init_atexit_1                   0x080002af   Thumb Code     0  libinit2.o(.ARM.Collect$$libinit$$0000001B)
    __rt_lib_init_clock_1                    0x080002af   Thumb Code     0  libinit2.o(.ARM.Collect$$libinit$$00000021)
    __rt_lib_init_cpp_1                      0x080002af   Thumb Code     0  libinit2.o(.ARM.Collect$$libinit$$00000032)
    __rt_lib_init_exceptions_1               0x080002af   Thumb Code     0  libinit2.o(.ARM.Collect$$libinit$$00000030)
    __rt_lib_init_fp_trap_1                  0x080002af   Thumb Code     0  libinit2.o(.ARM.Collect$$libinit$$0000001F)
    __rt_lib_init_getenv_1                   0x080002af   Thumb Code     0  libinit2.o(.ARM.Collect$$libinit$$00000023)
    __rt_lib_init_lc_numeric_1               0x080002af   Thumb Code     0  libinit2.o(.ARM.Collect$$libinit$$00000017)
    __rt_lib_init_lc_time_1                  0x080002af   Thumb Code     0  libinit2.o(.ARM.Collect$$libinit$$00000019)
    __rt_lib_init_return                     0x080002af   Thumb Code     0  libinit2.o(.ARM.Collect$$libinit$$00000033)
    __rt_lib_init_signal_1                   0x080002af   Thumb Code     0  libinit2.o(.ARM.Collect$$libinit$$0000001D)
    __rt_lib_init_stdio_1                    0x080002af   Thumb Code     0  libinit2.o(.ARM.Collect$$libinit$$00000025)
    __rt_lib_shutdown                        0x080002b1   Thumb Code     0  libshutdown.o(.ARM.Collect$$libshutdown$$00000000)
    __rt_lib_shutdown_cpp_1                  0x080002b3   Thumb Code     0  libshutdown2.o(.ARM.Collect$$libshutdown$$00000002)
    __rt_lib_shutdown_fp_trap_1              0x080002b3   Thumb Code     0  libshutdown2.o(.ARM.Collect$$libshutdown$$00000007)
    __rt_lib_shutdown_heap_1                 0x080002b3   Thumb Code     0  libshutdown2.o(.ARM.Collect$$libshutdown$$0000000F)
    __rt_lib_shutdown_return                 0x080002b3   Thumb Code     0  libshutdown2.o(.ARM.Collect$$libshutdown$$00000010)
    __rt_lib_shutdown_signal_1               0x080002b3   Thumb Code     0  libshutdown2.o(.ARM.Collect$$libshutdown$$0000000A)
    __rt_lib_shutdown_stdio_1                0x080002b3   Thumb Code     0  libshutdown2.o(.ARM.Collect$$libshutdown$$00000004)
    __rt_lib_shutdown_user_alloc_1           0x080002b3   Thumb Code     0  libshutdown2.o(.ARM.Collect$$libshutdown$$0000000C)
    __rt_entry                               0x080002b5   Thumb Code     0  __rtentry.o(.ARM.Collect$$rtentry$$00000000)
    __rt_entry_presh_1                       0x080002b5   Thumb Code     0  __rtentry2.o(.ARM.Collect$$rtentry$$00000002)
    __rt_entry_sh                            0x080002b5   Thumb Code     0  __rtentry4.o(.ARM.Collect$$rtentry$$00000004)
    __rt_entry_li                            0x080002bb   Thumb Code     0  __rtentry2.o(.ARM.Collect$$rtentry$$0000000A)
    __rt_entry_postsh_1                      0x080002bb   Thumb Code     0  __rtentry2.o(.ARM.Collect$$rtentry$$00000009)
    __rt_entry_main                          0x080002bf   Thumb Code     0  __rtentry2.o(.ARM.Collect$$rtentry$$0000000D)
    __rt_entry_postli_1                      0x080002bf   Thumb Code     0  __rtentry2.o(.ARM.Collect$$rtentry$$0000000C)
    __rt_exit                                0x080002c7   Thumb Code     0  rtexit.o(.ARM.Collect$$rtexit$$00000000)
    __rt_exit_ls                             0x080002c9   Thumb Code     0  rtexit2.o(.ARM.Collect$$rtexit$$00000003)
    __rt_exit_prels_1                        0x080002c9   Thumb Code     0  rtexit2.o(.ARM.Collect$$rtexit$$00000002)
    __rt_exit_exit                           0x080002cd   Thumb Code     0  rtexit2.o(.ARM.Collect$$rtexit$$00000004)
    Reset_Handler                            0x080002d5   Thumb Code     8  startup_stm32f40_41xxx.o(.text)
    ADC_IRQHandler                           0x080002ef   Thumb Code     0  startup_stm32f40_41xxx.o(.text)
    CAN1_RX0_IRQHandler                      0x080002ef   Thumb Code     0  startup_stm32f40_41xxx.o(.text)
    CAN1_RX1_IRQHandler                      0x080002ef   Thumb Code     0  startup_stm32f40_41xxx.o(.text)
    CAN1_SCE_IRQHandler                      0x080002ef   Thumb Code     0  startup_stm32f40_41xxx.o(.text)
    CAN1_TX_IRQHandler                       0x080002ef   Thumb Code     0  startup_stm32f40_41xxx.o(.text)
    CAN2_RX0_IRQHandler                      0x080002ef   Thumb Code     0  startup_stm32f40_41xxx.o(.text)
    CAN2_RX1_IRQHandler                      0x080002ef   Thumb Code     0  startup_stm32f40_41xxx.o(.text)
    CAN2_SCE_IRQHandler                      0x080002ef   Thumb Code     0  startup_stm32f40_41xxx.o(.text)
    CAN2_TX_IRQHandler                       0x080002ef   Thumb Code     0  startup_stm32f40_41xxx.o(.text)
    CRYP_IRQHandler                          0x080002ef   Thumb Code     0  startup_stm32f40_41xxx.o(.text)
    DCMI_IRQHandler                          0x080002ef   Thumb Code     0  startup_stm32f40_41xxx.o(.text)
    DMA1_Stream0_IRQHandler                  0x080002ef   Thumb Code     0  startup_stm32f40_41xxx.o(.text)
    DMA1_Stream1_IRQHandler                  0x080002ef   Thumb Code     0  startup_stm32f40_41xxx.o(.text)
    DMA1_Stream2_IRQHandler                  0x080002ef   Thumb Code     0  startup_stm32f40_41xxx.o(.text)
    DMA1_Stream3_IRQHandler                  0x080002ef   Thumb Code     0  startup_stm32f40_41xxx.o(.text)
    DMA1_Stream4_IRQHandler                  0x080002ef   Thumb Code     0  startup_stm32f40_41xxx.o(.text)
    DMA1_Stream5_IRQHandler                  0x080002ef   Thumb Code     0  startup_stm32f40_41xxx.o(.text)
    DMA1_Stream6_IRQHandler                  0x080002ef   Thumb Code     0  startup_stm32f40_41xxx.o(.text)
    DMA1_Stream7_IRQHandler                  0x080002ef   Thumb Code     0  startup_stm32f40_41xxx.o(.text)
    DMA2_Stream0_IRQHandler                  0x080002ef   Thumb Code     0  startup_stm32f40_41xxx.o(.text)
    DMA2_Stream1_IRQHandler                  0x080002ef   Thumb Code     0  startup_stm32f40_41xxx.o(.text)
    DMA2_Stream2_IRQHandler                  0x080002ef   Thumb Code     0  startup_stm32f40_41xxx.o(.text)
    DMA2_Stream3_IRQHandler                  0x080002ef   Thumb Code     0  startup_stm32f40_41xxx.o(.text)
    DMA2_Stream4_IRQHandler                  0x080002ef   Thumb Code     0  startup_stm32f40_41xxx.o(.text)
    DMA2_Stream5_IRQHandler                  0x080002ef   Thumb Code     0  startup_stm32f40_41xxx.o(.text)
    DMA2_Stream6_IRQHandler                  0x080002ef   Thumb Code     0  startup_stm32f40_41xxx.o(.text)
    DMA2_Stream7_IRQHandler                  0x080002ef   Thumb Code     0  startup_stm32f40_41xxx.o(.text)
    ETH_IRQHandler                           0x080002ef   Thumb Code     0  startup_stm32f40_41xxx.o(.text)
    ETH_WKUP_IRQHandler                      0x080002ef   Thumb Code     0  startup_stm32f40_41xxx.o(.text)
    EXTI0_IRQHandler                         0x080002ef   Thumb Code     0  startup_stm32f40_41xxx.o(.text)
    EXTI15_10_IRQHandler                     0x080002ef   Thumb Code     0  startup_stm32f40_41xxx.o(.text)
    EXTI1_IRQHandler                         0x080002ef   Thumb Code     0  startup_stm32f40_41xxx.o(.text)
    EXTI2_IRQHandler                         0x080002ef   Thumb Code     0  startup_stm32f40_41xxx.o(.text)
    EXTI3_IRQHandler                         0x080002ef   Thumb Code     0  startup_stm32f40_41xxx.o(.text)
    EXTI4_IRQHandler                         0x080002ef   Thumb Code     0  startup_stm32f40_41xxx.o(.text)
    EXTI9_5_IRQHandler                       0x080002ef   Thumb Code     0  startup_stm32f40_41xxx.o(.text)
    FLASH_IRQHandler                         0x080002ef   Thumb Code     0  startup_stm32f40_41xxx.o(.text)
    FPU_IRQHandler                           0x080002ef   Thumb Code     0  startup_stm32f40_41xxx.o(.text)
    FSMC_IRQHandler                          0x080002ef   Thumb Code     0  startup_stm32f40_41xxx.o(.text)
    HASH_RNG_IRQHandler                      0x080002ef   Thumb Code     0  startup_stm32f40_41xxx.o(.text)
    I2C1_ER_IRQHandler                       0x080002ef   Thumb Code     0  startup_stm32f40_41xxx.o(.text)
    I2C1_EV_IRQHandler                       0x080002ef   Thumb Code     0  startup_stm32f40_41xxx.o(.text)
    I2C2_ER_IRQHandler                       0x080002ef   Thumb Code     0  startup_stm32f40_41xxx.o(.text)
    I2C2_EV_IRQHandler                       0x080002ef   Thumb Code     0  startup_stm32f40_41xxx.o(.text)
    I2C3_ER_IRQHandler                       0x080002ef   Thumb Code     0  startup_stm32f40_41xxx.o(.text)
    I2C3_EV_IRQHandler                       0x080002ef   Thumb Code     0  startup_stm32f40_41xxx.o(.text)
    OTG_FS_IRQHandler                        0x080002ef   Thumb Code     0  startup_stm32f40_41xxx.o(.text)
    OTG_FS_WKUP_IRQHandler                   0x080002ef   Thumb Code     0  startup_stm32f40_41xxx.o(.text)
    OTG_HS_EP1_IN_IRQHandler                 0x080002ef   Thumb Code     0  startup_stm32f40_41xxx.o(.text)
    OTG_HS_EP1_OUT_IRQHandler                0x080002ef   Thumb Code     0  startup_stm32f40_41xxx.o(.text)
    OTG_HS_IRQHandler                        0x080002ef   Thumb Code     0  startup_stm32f40_41xxx.o(.text)
    OTG_HS_WKUP_IRQHandler                   0x080002ef   Thumb Code     0  startup_stm32f40_41xxx.o(.text)
    PVD_IRQHandler                           0x080002ef   Thumb Code     0  startup_stm32f40_41xxx.o(.text)
    RCC_IRQHandler                           0x080002ef   Thumb Code     0  startup_stm32f40_41xxx.o(.text)
    RTC_Alarm_IRQHandler                     0x080002ef   Thumb Code     0  startup_stm32f40_41xxx.o(.text)
    RTC_WKUP_IRQHandler                      0x080002ef   Thumb Code     0  startup_stm32f40_41xxx.o(.text)
    SDIO_IRQHandler                          0x080002ef   Thumb Code     0  startup_stm32f40_41xxx.o(.text)
    SPI1_IRQHandler                          0x080002ef   Thumb Code     0  startup_stm32f40_41xxx.o(.text)
    SPI2_IRQHandler                          0x080002ef   Thumb Code     0  startup_stm32f40_41xxx.o(.text)
    SPI3_IRQHandler                          0x080002ef   Thumb Code     0  startup_stm32f40_41xxx.o(.text)
    TAMP_STAMP_IRQHandler                    0x080002ef   Thumb Code     0  startup_stm32f40_41xxx.o(.text)
    TIM1_BRK_TIM9_IRQHandler                 0x080002ef   Thumb Code     0  startup_stm32f40_41xxx.o(.text)
    TIM1_CC_IRQHandler                       0x080002ef   Thumb Code     0  startup_stm32f40_41xxx.o(.text)
    TIM1_TRG_COM_TIM11_IRQHandler            0x080002ef   Thumb Code     0  startup_stm32f40_41xxx.o(.text)
    TIM1_UP_TIM10_IRQHandler                 0x080002ef   Thumb Code     0  startup_stm32f40_41xxx.o(.text)
    TIM2_IRQHandler                          0x080002ef   Thumb Code     0  startup_stm32f40_41xxx.o(.text)
    TIM3_IRQHandler                          0x080002ef   Thumb Code     0  startup_stm32f40_41xxx.o(.text)
    TIM4_IRQHandler                          0x080002ef   Thumb Code     0  startup_stm32f40_41xxx.o(.text)
    TIM5_IRQHandler                          0x080002ef   Thumb Code     0  startup_stm32f40_41xxx.o(.text)
    TIM6_DAC_IRQHandler                      0x080002ef   Thumb Code     0  startup_stm32f40_41xxx.o(.text)
    TIM8_BRK_TIM12_IRQHandler                0x080002ef   Thumb Code     0  startup_stm32f40_41xxx.o(.text)
    TIM8_CC_IRQHandler                       0x080002ef   Thumb Code     0  startup_stm32f40_41xxx.o(.text)
    TIM8_TRG_COM_TIM14_IRQHandler            0x080002ef   Thumb Code     0  startup_stm32f40_41xxx.o(.text)
    TIM8_UP_TIM13_IRQHandler                 0x080002ef   Thumb Code     0  startup_stm32f40_41xxx.o(.text)
    UART4_IRQHandler                         0x080002ef   Thumb Code     0  startup_stm32f40_41xxx.o(.text)
    USART1_IRQHandler                        0x080002ef   Thumb Code     0  startup_stm32f40_41xxx.o(.text)
    USART2_IRQHandler                        0x080002ef   Thumb Code     0  startup_stm32f40_41xxx.o(.text)
    USART6_IRQHandler                        0x080002ef   Thumb Code     0  startup_stm32f40_41xxx.o(.text)
    WWDG_IRQHandler                          0x080002ef   Thumb Code     0  startup_stm32f40_41xxx.o(.text)
    __user_initial_stackheap                 0x080002f1   Thumb Code     0  startup_stm32f40_41xxx.o(.text)
    vsprintf                                 0x08000315   Thumb Code    32  vsprintf.o(.text)
    _printf_int_dec                          0x08000339   Thumb Code   104  _printf_dec.o(.text)
    __printf                                 0x080003b1   Thumb Code   388  __printf_flags_ss_wp.o(.text)
    strlen                                   0x08000539   Thumb Code    62  strlen.o(.text)
    strcmp                                   0x08000579   Thumb Code   128  strcmpv7m.o(.text)
    __use_two_region_memory                  0x080005f9   Thumb Code     2  heapauxi.o(.text)
    __rt_heap_escrow$2region                 0x080005fb   Thumb Code     2  heapauxi.o(.text)
    __rt_heap_expand$2region                 0x080005fd   Thumb Code     2  heapauxi.o(.text)
    _printf_pre_padding                      0x080005ff   Thumb Code    44  _printf_pad.o(.text)
    _printf_post_padding                     0x0800062b   Thumb Code    34  _printf_pad.o(.text)
    _printf_truncate_signed                  0x0800064d   Thumb Code    18  _printf_truncate.o(.text)
    _printf_truncate_unsigned                0x0800065f   Thumb Code    18  _printf_truncate.o(.text)
    _printf_str                              0x08000671   Thumb Code    82  _printf_str.o(.text)
    _printf_int_common                       0x080006c3   Thumb Code   178  _printf_intcommon.o(.text)
    _printf_charcount                        0x08000775   Thumb Code    40  _printf_charcount.o(.text)
    _printf_char_common                      0x080007a7   Thumb Code    32  _printf_char_common.o(.text)
    _sputc                                   0x080007cd   Thumb Code    10  _sputc.o(.text)
    _printf_wctomb                           0x080007d9   Thumb Code   182  _printf_wctomb.o(.text)
    _printf_longlong_dec                     0x08000895   Thumb Code   108  _printf_longlong_dec.o(.text)
    _printf_longlong_oct                     0x08000911   Thumb Code    66  _printf_oct_int_ll.o(.text)
    _printf_int_oct                          0x08000953   Thumb Code    24  _printf_oct_int_ll.o(.text)
    _printf_ll_oct                           0x0800096b   Thumb Code    12  _printf_oct_int_ll.o(.text)
    _printf_longlong_hex                     0x08000981   Thumb Code    86  _printf_hex_int_ll_ptr.o(.text)
    _printf_int_hex                          0x080009d7   Thumb Code    28  _printf_hex_int_ll_ptr.o(.text)
    _printf_ll_hex                           0x080009f3   Thumb Code    12  _printf_hex_int_ll_ptr.o(.text)
    _printf_hex_ptr                          0x080009ff   Thumb Code    18  _printf_hex_int_ll_ptr.o(.text)
    _ll_udiv10                               0x08000a15   Thumb Code   138  lludiv10.o(.text)
    __lib_sel_fp_printf                      0x08000a9f   Thumb Code     2  _printf_fp_dec.o(.text)
    _printf_fp_dec_real                      0x08000c51   Thumb Code   620  _printf_fp_dec.o(.text)
    _printf_fp_hex_real                      0x08000ebd   Thumb Code   756  _printf_fp_hex.o(.text)
    _printf_cs_common                        0x080011b9   Thumb Code    20  _printf_char.o(.text)
    _printf_char                             0x080011cd   Thumb Code    16  _printf_char.o(.text)
    _printf_string                           0x080011dd   Thumb Code     8  _printf_char.o(.text)
    _printf_lcs_common                       0x080011e5   Thumb Code    20  _printf_wchar.o(.text)
    _printf_wchar                            0x080011f9   Thumb Code    16  _printf_wchar.o(.text)
    _printf_wstring                          0x08001209   Thumb Code     8  _printf_wchar.o(.text)
    _wcrtomb                                 0x08001211   Thumb Code    64  _wcrtomb.o(.text)
    __user_libspace                          0x08001251   Thumb Code     8  libspace.o(.text)
    __user_perproc_libspace                  0x08001251   Thumb Code     0  libspace.o(.text)
    __user_perthread_libspace                0x08001251   Thumb Code     0  libspace.o(.text)
    __user_setup_stackheap                   0x08001259   Thumb Code    74  sys_stackheap_outer.o(.text)
    __rt_ctype_table                         0x080012a5   Thumb Code    16  rt_ctype_table.o(.text)
    __rt_locale                              0x080012b5   Thumb Code     8  rt_locale_intlibspace.o(.text)
    _printf_fp_infnan                        0x080012bd   Thumb Code   112  _printf_fp_infnan.o(.text)
    _btod_etento                             0x0800133d   Thumb Code   224  bigflt0.o(.text)
    exit                                     0x08001421   Thumb Code    18  exit.o(.text)
    _sys_exit                                0x08001435   Thumb Code     8  sys_exit.o(.text)
    __I$use$semihosting                      0x08001441   Thumb Code     0  use_no_semi.o(.text)
    __use_no_semihosting_swi                 0x08001441   Thumb Code     2  use_no_semi.o(.text)
    __semihosting_library_function           0x08001443   Thumb Code     0  indicate_semi.o(.text)
    _btod_d2e                                0x08001443   Thumb Code    62  btod.o(CL$$btod_d2e)
    _d2e_denorm_low                          0x08001481   Thumb Code    70  btod.o(CL$$btod_d2e_denorm_low)
    _d2e_norm_op1                            0x080014c7   Thumb Code    96  btod.o(CL$$btod_d2e_norm_op1)
    __btod_div_common                        0x08001527   Thumb Code   696  btod.o(CL$$btod_div_common)
    _e2e                                     0x0800185f   Thumb Code   220  btod.o(CL$$btod_e2e)
    _btod_ediv                               0x0800193b   Thumb Code    42  btod.o(CL$$btod_ediv)
    _btod_emul                               0x08001965   Thumb Code    42  btod.o(CL$$btod_emul)
    __btod_mult_common                       0x0800198f   Thumb Code   580  btod.o(CL$$btod_mult_common)
    BusFault_Handler                         0x08001bd3   Thumb Code     2  stm32f4xx_it.o(i.BusFault_Handler)
    DebugMon_Handler                         0x08001bd5   Thumb Code     2  stm32f4xx_it.o(i.DebugMon_Handler)
    Encoder_MotorA_Init                      0x08001bd9   Thumb Code   186  encoder.o(i.Encoder_MotorA_Init)
    Encoder_MotorB_Init                      0x08001c9d   Thumb Code   154  encoder.o(i.Encoder_MotorB_Init)
    Encoder_MotorC_Init                      0x08001d45   Thumb Code   154  encoder.o(i.Encoder_MotorC_Init)
    Encoder_MotorD_Init                      0x08001ded   Thumb Code   154  encoder.o(i.Encoder_MotorD_Init)
    GPIO_Init                                0x08001e95   Thumb Code   158  stm32f4xx_gpio.o(i.GPIO_Init)
    GPIO_PinAFConfig                         0x08001f33   Thumb Code    34  stm32f4xx_gpio.o(i.GPIO_PinAFConfig)
    HC05_Send_Encoders                       0x08001f55   Thumb Code    18  hc05.o(i.HC05_Send_Encoders)
    HardFault_Handler                        0x08001f89   Thumb Code     2  stm32f4xx_it.o(i.HardFault_Handler)
    IIC_Init                                 0x08001f8d   Thumb Code    62  myiic.o(i.IIC_Init)
    IIC_Send_Byte                            0x08001fd5   Thumb Code    94  myiic.o(i.IIC_Send_Byte)
    IIC_Start                                0x0800203d   Thumb Code    56  myiic.o(i.IIC_Start)
    IIC_Stop                                 0x0800207d   Thumb Code    58  myiic.o(i.IIC_Stop)
    IIC_Wait_Ack                             0x080020c1   Thumb Code   128  myiic.o(i.IIC_Wait_Ack)
    Incremental_PI_MotorA                    0x08002149   Thumb Code    92  control.o(i.Incremental_PI_MotorA)
    Incremental_PI_MotorB                    0x080021ad   Thumb Code    92  control.o(i.Incremental_PI_MotorB)
    Incremental_PI_MotorC                    0x08002211   Thumb Code    92  control.o(i.Incremental_PI_MotorC)
    Incremental_PI_MotorD                    0x08002275   Thumb Code    92  control.o(i.Incremental_PI_MotorD)
    MemManage_Handler                        0x080022d9   Thumb Code     2  stm32f4xx_it.o(i.MemManage_Handler)
    Motor_Init                               0x080022dd   Thumb Code   238  motor.o(i.Motor_Init)
    Motor_Pin_Init                           0x080023d5   Thumb Code   136  motor.o(i.Motor_Pin_Init)
    NMI_Handler                              0x0800246d   Thumb Code     2  stm32f4xx_it.o(i.NMI_Handler)
    NVIC_Init                                0x08002471   Thumb Code   110  misc.o(i.NVIC_Init)
    NVIC_PriorityGroupConfig                 0x080024e5   Thumb Code    14  misc.o(i.NVIC_PriorityGroupConfig)
    OLED_Clear                               0x080024f9   Thumb Code    86  oled.o(i.OLED_Clear)
    OLED_Init                                0x0800254f   Thumb Code   272  oled.o(i.OLED_Init)
    OLED_Set_Pos                             0x0800265f   Thumb Code    40  oled.o(i.OLED_Set_Pos)
    OLED_ShowString                          0x08002689   Thumb Code   254  oled.o(i.OLED_ShowString)
    OLED_WrCmd                               0x0800278d   Thumb Code    50  oled.o(i.OLED_WrCmd)
    PendSV_Handler                           0x080027bf   Thumb Code     2  stm32f4xx_it.o(i.PendSV_Handler)
    RCC_AHB1PeriphClockCmd                   0x080027c1   Thumb Code    18  stm32f4xx_rcc.o(i.RCC_AHB1PeriphClockCmd)
    RCC_APB1PeriphClockCmd                   0x080027d9   Thumb Code    18  stm32f4xx_rcc.o(i.RCC_APB1PeriphClockCmd)
    RCC_APB1PeriphResetCmd                   0x080027f1   Thumb Code    18  stm32f4xx_rcc.o(i.RCC_APB1PeriphResetCmd)
    RCC_APB2PeriphClockCmd                   0x08002809   Thumb Code    18  stm32f4xx_rcc.o(i.RCC_APB2PeriphClockCmd)
    RCC_APB2PeriphResetCmd                   0x08002821   Thumb Code    18  stm32f4xx_rcc.o(i.RCC_APB2PeriphResetCmd)
    RCC_GetClocksFreq                        0x08002839   Thumb Code   118  stm32f4xx_rcc.o(i.RCC_GetClocksFreq)
    Read_Encoder                             0x080028c1   Thumb Code    64  encoder.o(i.Read_Encoder)
    SVC_Handler                              0x0800290d   Thumb Code     2  stm32f4xx_it.o(i.SVC_Handler)
    Servo_Init                               0x08002911   Thumb Code   288  servo.o(i.Servo_Init)
    Set_PWM                                  0x08002a3d   Thumb Code   138  control.o(i.Set_PWM)
    SysTick_CLKSourceConfig                  0x08002ae9   Thumb Code    22  misc.o(i.SysTick_CLKSourceConfig)
    SysTick_Handler                          0x08002aff   Thumb Code     2  stm32f4xx_it.o(i.SysTick_Handler)
    SystemInit                               0x08002b01   Thumb Code   238  system_stm32f4xx.o(i.SystemInit)
    TIM7_IRQHandler                          0x08002c55   Thumb Code   142  timer.o(i.TIM7_IRQHandler)
    TIM7_Int_Init                            0x08002d19   Thumb Code    90  timer.o(i.TIM7_Int_Init)
    TIM_ClearITPendingBit                    0x08002d79   Thumb Code     6  stm32f4xx_tim.o(i.TIM_ClearITPendingBit)
    TIM_Cmd                                  0x08002d7f   Thumb Code    18  stm32f4xx_tim.o(i.TIM_Cmd)
    TIM_CtrlPWMOutputs                       0x08002d91   Thumb Code    22  stm32f4xx_tim.o(i.TIM_CtrlPWMOutputs)
    TIM_DeInit                               0x08002da7   Thumb Code   436  stm32f4xx_tim.o(i.TIM_DeInit)
    TIM_EncoderInterfaceConfig               0x08002f5b   Thumb Code    60  stm32f4xx_tim.o(i.TIM_EncoderInterfaceConfig)
    TIM_GetITStatus                          0x08002f97   Thumb Code    22  stm32f4xx_tim.o(i.TIM_GetITStatus)
    TIM_ICInit                               0x08002fad   Thumb Code   250  stm32f4xx_tim.o(i.TIM_ICInit)
    TIM_ICStructInit                         0x080030a7   Thumb Code    16  stm32f4xx_tim.o(i.TIM_ICStructInit)
    TIM_ITConfig                             0x080030b7   Thumb Code    16  stm32f4xx_tim.o(i.TIM_ITConfig)
    TIM_OC1Init                              0x080030c7   Thumb Code   104  stm32f4xx_tim.o(i.TIM_OC1Init)
    TIM_OC1PreloadConfig                     0x0800312f   Thumb Code    12  stm32f4xx_tim.o(i.TIM_OC1PreloadConfig)
    TIM_OC2Init                              0x0800313b   Thumb Code   134  stm32f4xx_tim.o(i.TIM_OC2Init)
    TIM_OC2PreloadConfig                     0x080031c1   Thumb Code    20  stm32f4xx_tim.o(i.TIM_OC2PreloadConfig)
    TIM_OC3Init                              0x080031d5   Thumb Code   132  stm32f4xx_tim.o(i.TIM_OC3Init)
    TIM_OC3PreloadConfig                     0x08003259   Thumb Code    12  stm32f4xx_tim.o(i.TIM_OC3PreloadConfig)
    TIM_OC4Init                              0x08003265   Thumb Code   104  stm32f4xx_tim.o(i.TIM_OC4Init)
    TIM_OC4PreloadConfig                     0x080032cd   Thumb Code    20  stm32f4xx_tim.o(i.TIM_OC4PreloadConfig)
    TIM_OCStructInit                         0x080032e1   Thumb Code    20  stm32f4xx_tim.o(i.TIM_OCStructInit)
    TIM_TimeBaseInit                         0x080032f5   Thumb Code   120  stm32f4xx_tim.o(i.TIM_TimeBaseInit)
    UART5_IRQHandler                         0x08003375   Thumb Code   102  uart5.o(i.UART5_IRQHandler)
    USART3_IRQHandler                        0x080033e9   Thumb Code   102  usart3.o(i.USART3_IRQHandler)
    USART_Cmd                                0x0800345d   Thumb Code    18  stm32f4xx_usart.o(i.USART_Cmd)
    USART_GetFlagStatus                      0x0800346f   Thumb Code    14  stm32f4xx_usart.o(i.USART_GetFlagStatus)
    USART_GetITStatus                        0x0800347d   Thumb Code    66  stm32f4xx_usart.o(i.USART_GetITStatus)
    USART_ITConfig                           0x080034bf   Thumb Code    48  stm32f4xx_usart.o(i.USART_ITConfig)
    USART_Init                               0x080034f1   Thumb Code   180  stm32f4xx_usart.o(i.USART_Init)
    USART_ReceiveData                        0x080035a9   Thumb Code     8  stm32f4xx_usart.o(i.USART_ReceiveData)
    USART_SendData                           0x080035b1   Thumb Code     8  stm32f4xx_usart.o(i.USART_SendData)
    UsageFault_Handler                       0x080035b9   Thumb Code     2  stm32f4xx_it.o(i.UsageFault_Handler)
    __ARM_fpclassify                         0x080035bb   Thumb Code    48  fpclassify.o(i.__ARM_fpclassify)
    _is_digit                                0x080035eb   Thumb Code    14  __printf_wp.o(i._is_digit)
    delay_init                               0x080035f9   Thumb Code    38  delay.o(i.delay_init)
    delay_ms                                 0x08003625   Thumb Code   100  delay.o(i.delay_ms)
    delay_us                                 0x0800368d   Thumb Code    50  delay.o(i.delay_us)
    delay_xms                                0x080036c5   Thumb Code    50  delay.o(i.delay_xms)
    main                                     0x080036fd   Thumb Code   132  main.o(i.main)
    uart5_Init                               0x08003791   Thumb Code   214  uart5.o(i.uart5_Init)
    uart5_printf                             0x08003875   Thumb Code    80  uart5.o(i.uart5_printf)
    usart3_Init                              0x080038cd   Thumb Code   162  usart3.o(i.usart3_Init)
    _get_lc_numeric                          0x08003979   Thumb Code    44  lc_numeric_c.o(locale$$code)
    _get_lc_ctype                            0x080039a5   Thumb Code    44  lc_ctype_c.o(locale$$code)
    _fp_init                                 0x080039d1   Thumb Code    10  fpinit.o(x$fpl$fpinit)
    __fplib_config_fpu_vfp                   0x080039d9   Thumb Code     0  fpinit.o(x$fpl$fpinit)
    __fplib_config_pureend_doubles           0x080039d9   Thumb Code     0  fpinit.o(x$fpl$fpinit)
    _printf_fp_dec                           0x080039db   Thumb Code     4  printf1.o(x$fpl$printf1)
    _printf_fp_hex                           0x080039df   Thumb Code     4  printf2.o(x$fpl$printf2)
    F16x16                                   0x080039e2   Data         352  oled.o(.constdata)
    __I$use$fp                               0x080039e2   Number         0  usenofp.o(x$fpl$usenofp)
    F6x8                                     0x08003b42   Data         552  oled.o(.constdata)
    F8X16                                    0x08003d6a   Data        1520  oled.o(.constdata)
    Region$$Table$$Base                      0x08004458   Number         0  anon$$obj.o(Region$$Table)
    Region$$Table$$Limit                     0x08004478   Number         0  anon$$obj.o(Region$$Table)
    __ctype                                  0x080044a1   Data           0  lc_ctype_c.o(locale$$data)
    Motor_A                                  0x20000000   Data           4  main.o(.data)
    Motor_B                                  0x20000004   Data           4  main.o(.data)
    Motor_C                                  0x20000008   Data           4  main.o(.data)
    Motor_D                                  0x2000000c   Data           4  main.o(.data)
    Encoder_A                                0x20000010   Data           4  main.o(.data)
    Encoder_B                                0x20000014   Data           4  main.o(.data)
    Encoder_C                                0x20000018   Data           4  main.o(.data)
    Encoder_D                                0x2000001c   Data           4  main.o(.data)
    Target_A                                 0x20000020   Data           4  main.o(.data)
    Target_B                                 0x20000024   Data           4  main.o(.data)
    Target_C                                 0x20000028   Data           4  main.o(.data)
    Target_D                                 0x2000002c   Data           4  main.o(.data)
    USART3_RX_STA                            0x20000030   Data           2  usart3.o(.data)
    Kp                                       0x20000034   Data           4  control.o(.data)
    Ki                                       0x20000038   Data           4  control.o(.data)
    UART5_RX_STA                             0x2000006c   Data           2  uart5.o(.data)
    USART3_RX_BUF                            0x20000088   Data         255  usart3.o(.bss)
    USART3_TX_BUF                            0x20000188   Data         255  usart3.o(.bss)
    UART5_RX_BUF                             0x20000288   Data         255  uart5.o(.bss)
    UART5_TX_BUF                             0x20000388   Data         255  uart5.o(.bss)
    __libspace_start                         0x20000488   Data          96  libspace.o(.bss)
    __temporary_stack_top$libspace           0x200004e8   Data           0  libspace.o(.bss)



==============================================================================

Memory Map of the image

  Image Entry point : 0x08000189

  Load Region LR_IROM1 (Base: 0x08000000, Size: 0x00004628, Max: 0x00100000, ABSOLUTE)

    Execution Region ER_IROM1 (Exec base: 0x08000000, Load base: 0x08000000, Size: 0x000045a4, Max: 0x00100000, ABSOLUTE)

    Exec Addr    Load Addr    Size         Type   Attr      Idx    E Section Name        Object

    0x08000000   0x08000000   0x00000188   Data   RO         1130    RESET               startup_stm32f40_41xxx.o
    0x08000188   0x08000188   0x00000008   Code   RO         2499  * !!!main             c_w.l(__main.o)
    0x08000190   0x08000190   0x00000034   Code   RO         2842    !!!scatter          c_w.l(__scatter.o)
    0x080001c4   0x080001c4   0x0000001a   Code   RO         2844    !!handler_copy      c_w.l(__scatter_copy.o)
    0x080001de   0x080001de   0x00000002   PAD
    0x080001e0   0x080001e0   0x0000001c   Code   RO         2846    !!handler_zi        c_w.l(__scatter_zi.o)
    0x080001fc   0x080001fc   0x00000000   Code   RO         2492    .ARM.Collect$$_printf_percent$$00000000  c_w.l(_printf_percent.o)
    0x080001fc   0x080001fc   0x00000006   Code   RO         2576    .ARM.Collect$$_printf_percent$$00000001  c_w.l(_printf_n.o)
    0x08000202   0x08000202   0x00000006   Code   RO         2578    .ARM.Collect$$_printf_percent$$00000002  c_w.l(_printf_p.o)
    0x08000208   0x08000208   0x00000006   Code   RO         2582    .ARM.Collect$$_printf_percent$$00000003  c_w.l(_printf_f.o)
    0x0800020e   0x0800020e   0x00000006   Code   RO         2583    .ARM.Collect$$_printf_percent$$00000004  c_w.l(_printf_e.o)
    0x08000214   0x08000214   0x00000006   Code   RO         2584    .ARM.Collect$$_printf_percent$$00000005  c_w.l(_printf_g.o)
    0x0800021a   0x0800021a   0x00000006   Code   RO         2585    .ARM.Collect$$_printf_percent$$00000006  c_w.l(_printf_a.o)
    0x08000220   0x08000220   0x0000000a   Code   RO         2590    .ARM.Collect$$_printf_percent$$00000007  c_w.l(_printf_ll.o)
    0x0800022a   0x0800022a   0x00000006   Code   RO         2580    .ARM.Collect$$_printf_percent$$00000008  c_w.l(_printf_i.o)
    0x08000230   0x08000230   0x00000006   Code   RO         2491    .ARM.Collect$$_printf_percent$$00000009  c_w.l(_printf_d.o)
    0x08000236   0x08000236   0x00000006   Code   RO         2581    .ARM.Collect$$_printf_percent$$0000000A  c_w.l(_printf_u.o)
    0x0800023c   0x0800023c   0x00000006   Code   RO         2579    .ARM.Collect$$_printf_percent$$0000000B  c_w.l(_printf_o.o)
    0x08000242   0x08000242   0x00000006   Code   RO         2577    .ARM.Collect$$_printf_percent$$0000000C  c_w.l(_printf_x.o)
    0x08000248   0x08000248   0x00000006   Code   RO         2587    .ARM.Collect$$_printf_percent$$0000000D  c_w.l(_printf_lli.o)
    0x0800024e   0x0800024e   0x00000006   Code   RO         2588    .ARM.Collect$$_printf_percent$$0000000E  c_w.l(_printf_lld.o)
    0x08000254   0x08000254   0x00000006   Code   RO         2589    .ARM.Collect$$_printf_percent$$0000000F  c_w.l(_printf_llu.o)
    0x0800025a   0x0800025a   0x00000006   Code   RO         2594    .ARM.Collect$$_printf_percent$$00000010  c_w.l(_printf_llo.o)
    0x08000260   0x08000260   0x00000006   Code   RO         2595    .ARM.Collect$$_printf_percent$$00000011  c_w.l(_printf_llx.o)
    0x08000266   0x08000266   0x0000000a   Code   RO         2591    .ARM.Collect$$_printf_percent$$00000012  c_w.l(_printf_l.o)
    0x08000270   0x08000270   0x00000006   Code   RO         2574    .ARM.Collect$$_printf_percent$$00000013  c_w.l(_printf_c.o)
    0x08000276   0x08000276   0x00000006   Code   RO         2575    .ARM.Collect$$_printf_percent$$00000014  c_w.l(_printf_s.o)
    0x0800027c   0x0800027c   0x00000006   Code   RO         2592    .ARM.Collect$$_printf_percent$$00000015  c_w.l(_printf_lc.o)
    0x08000282   0x08000282   0x00000006   Code   RO         2593    .ARM.Collect$$_printf_percent$$00000016  c_w.l(_printf_ls.o)
    0x08000288   0x08000288   0x00000004   Code   RO         2586    .ARM.Collect$$_printf_percent$$00000017  c_w.l(_printf_percent_end.o)
    0x0800028c   0x0800028c   0x00000002   Code   RO         2708    .ARM.Collect$$libinit$$00000000  c_w.l(libinit.o)
    0x0800028e   0x0800028e   0x00000004   Code   RO         2718    .ARM.Collect$$libinit$$00000001  c_w.l(libinit2.o)
    0x08000292   0x08000292   0x00000000   Code   RO         2721    .ARM.Collect$$libinit$$00000004  c_w.l(libinit2.o)
    0x08000292   0x08000292   0x00000000   Code   RO         2724    .ARM.Collect$$libinit$$0000000A  c_w.l(libinit2.o)
    0x08000292   0x08000292   0x00000000   Code   RO         2726    .ARM.Collect$$libinit$$0000000C  c_w.l(libinit2.o)
    0x08000292   0x08000292   0x00000000   Code   RO         2728    .ARM.Collect$$libinit$$0000000E  c_w.l(libinit2.o)
    0x08000292   0x08000292   0x00000006   Code   RO         2729    .ARM.Collect$$libinit$$0000000F  c_w.l(libinit2.o)
    0x08000298   0x08000298   0x00000000   Code   RO         2731    .ARM.Collect$$libinit$$00000011  c_w.l(libinit2.o)
    0x08000298   0x08000298   0x0000000c   Code   RO         2732    .ARM.Collect$$libinit$$00000012  c_w.l(libinit2.o)
    0x080002a4   0x080002a4   0x00000000   Code   RO         2733    .ARM.Collect$$libinit$$00000013  c_w.l(libinit2.o)
    0x080002a4   0x080002a4   0x00000000   Code   RO         2735    .ARM.Collect$$libinit$$00000015  c_w.l(libinit2.o)
    0x080002a4   0x080002a4   0x0000000a   Code   RO         2736    .ARM.Collect$$libinit$$00000016  c_w.l(libinit2.o)
    0x080002ae   0x080002ae   0x00000000   Code   RO         2737    .ARM.Collect$$libinit$$00000017  c_w.l(libinit2.o)
    0x080002ae   0x080002ae   0x00000000   Code   RO         2739    .ARM.Collect$$libinit$$00000019  c_w.l(libinit2.o)
    0x080002ae   0x080002ae   0x00000000   Code   RO         2741    .ARM.Collect$$libinit$$0000001B  c_w.l(libinit2.o)
    0x080002ae   0x080002ae   0x00000000   Code   RO         2743    .ARM.Collect$$libinit$$0000001D  c_w.l(libinit2.o)
    0x080002ae   0x080002ae   0x00000000   Code   RO         2745    .ARM.Collect$$libinit$$0000001F  c_w.l(libinit2.o)
    0x080002ae   0x080002ae   0x00000000   Code   RO         2747    .ARM.Collect$$libinit$$00000021  c_w.l(libinit2.o)
    0x080002ae   0x080002ae   0x00000000   Code   RO         2749    .ARM.Collect$$libinit$$00000023  c_w.l(libinit2.o)
    0x080002ae   0x080002ae   0x00000000   Code   RO         2751    .ARM.Collect$$libinit$$00000025  c_w.l(libinit2.o)
    0x080002ae   0x080002ae   0x00000000   Code   RO         2755    .ARM.Collect$$libinit$$0000002C  c_w.l(libinit2.o)
    0x080002ae   0x080002ae   0x00000000   Code   RO         2757    .ARM.Collect$$libinit$$0000002E  c_w.l(libinit2.o)
    0x080002ae   0x080002ae   0x00000000   Code   RO         2759    .ARM.Collect$$libinit$$00000030  c_w.l(libinit2.o)
    0x080002ae   0x080002ae   0x00000000   Code   RO         2761    .ARM.Collect$$libinit$$00000032  c_w.l(libinit2.o)
    0x080002ae   0x080002ae   0x00000002   Code   RO         2762    .ARM.Collect$$libinit$$00000033  c_w.l(libinit2.o)
    0x080002b0   0x080002b0   0x00000002   Code   RO         2782    .ARM.Collect$$libshutdown$$00000000  c_w.l(libshutdown.o)
    0x080002b2   0x080002b2   0x00000000   Code   RO         2795    .ARM.Collect$$libshutdown$$00000002  c_w.l(libshutdown2.o)
    0x080002b2   0x080002b2   0x00000000   Code   RO         2797    .ARM.Collect$$libshutdown$$00000004  c_w.l(libshutdown2.o)
    0x080002b2   0x080002b2   0x00000000   Code   RO         2800    .ARM.Collect$$libshutdown$$00000007  c_w.l(libshutdown2.o)
    0x080002b2   0x080002b2   0x00000000   Code   RO         2803    .ARM.Collect$$libshutdown$$0000000A  c_w.l(libshutdown2.o)
    0x080002b2   0x080002b2   0x00000000   Code   RO         2805    .ARM.Collect$$libshutdown$$0000000C  c_w.l(libshutdown2.o)
    0x080002b2   0x080002b2   0x00000000   Code   RO         2808    .ARM.Collect$$libshutdown$$0000000F  c_w.l(libshutdown2.o)
    0x080002b2   0x080002b2   0x00000002   Code   RO         2809    .ARM.Collect$$libshutdown$$00000010  c_w.l(libshutdown2.o)
    0x080002b4   0x080002b4   0x00000000   Code   RO         2525    .ARM.Collect$$rtentry$$00000000  c_w.l(__rtentry.o)
    0x080002b4   0x080002b4   0x00000000   Code   RO         2625    .ARM.Collect$$rtentry$$00000002  c_w.l(__rtentry2.o)
    0x080002b4   0x080002b4   0x00000006   Code   RO         2637    .ARM.Collect$$rtentry$$00000004  c_w.l(__rtentry4.o)
    0x080002ba   0x080002ba   0x00000000   Code   RO         2627    .ARM.Collect$$rtentry$$00000009  c_w.l(__rtentry2.o)
    0x080002ba   0x080002ba   0x00000004   Code   RO         2628    .ARM.Collect$$rtentry$$0000000A  c_w.l(__rtentry2.o)
    0x080002be   0x080002be   0x00000000   Code   RO         2630    .ARM.Collect$$rtentry$$0000000C  c_w.l(__rtentry2.o)
    0x080002be   0x080002be   0x00000008   Code   RO         2631    .ARM.Collect$$rtentry$$0000000D  c_w.l(__rtentry2.o)
    0x080002c6   0x080002c6   0x00000002   Code   RO         2713    .ARM.Collect$$rtexit$$00000000  c_w.l(rtexit.o)
    0x080002c8   0x080002c8   0x00000000   Code   RO         2764    .ARM.Collect$$rtexit$$00000002  c_w.l(rtexit2.o)
    0x080002c8   0x080002c8   0x00000004   Code   RO         2765    .ARM.Collect$$rtexit$$00000003  c_w.l(rtexit2.o)
    0x080002cc   0x080002cc   0x00000006   Code   RO         2766    .ARM.Collect$$rtexit$$00000004  c_w.l(rtexit2.o)
    0x080002d2   0x080002d2   0x00000002   PAD
    0x080002d4   0x080002d4   0x00000040   Code   RO         1131    .text               startup_stm32f40_41xxx.o
    0x08000314   0x08000314   0x00000024   Code   RO         2461    .text               c_w.l(vsprintf.o)
    0x08000338   0x08000338   0x00000078   Code   RO         2469    .text               c_w.l(_printf_dec.o)
    0x080003b0   0x080003b0   0x00000188   Code   RO         2488    .text               c_w.l(__printf_flags_ss_wp.o)
    0x08000538   0x08000538   0x0000003e   Code   RO         2493    .text               c_w.l(strlen.o)
    0x08000576   0x08000576   0x00000002   PAD
    0x08000578   0x08000578   0x00000080   Code   RO         2495    .text               c_w.l(strcmpv7m.o)
    0x080005f8   0x080005f8   0x00000006   Code   RO         2497    .text               c_w.l(heapauxi.o)
    0x080005fe   0x080005fe   0x0000004e   Code   RO         2528    .text               c_w.l(_printf_pad.o)
    0x0800064c   0x0800064c   0x00000024   Code   RO         2530    .text               c_w.l(_printf_truncate.o)
    0x08000670   0x08000670   0x00000052   Code   RO         2532    .text               c_w.l(_printf_str.o)
    0x080006c2   0x080006c2   0x000000b2   Code   RO         2534    .text               c_w.l(_printf_intcommon.o)
    0x08000774   0x08000774   0x00000028   Code   RO         2536    .text               c_w.l(_printf_charcount.o)
    0x0800079c   0x0800079c   0x00000030   Code   RO         2538    .text               c_w.l(_printf_char_common.o)
    0x080007cc   0x080007cc   0x0000000a   Code   RO         2540    .text               c_w.l(_sputc.o)
    0x080007d6   0x080007d6   0x00000002   PAD
    0x080007d8   0x080007d8   0x000000bc   Code   RO         2542    .text               c_w.l(_printf_wctomb.o)
    0x08000894   0x08000894   0x0000007c   Code   RO         2545    .text               c_w.l(_printf_longlong_dec.o)
    0x08000910   0x08000910   0x00000070   Code   RO         2551    .text               c_w.l(_printf_oct_int_ll.o)
    0x08000980   0x08000980   0x00000094   Code   RO         2571    .text               c_w.l(_printf_hex_int_ll_ptr.o)
    0x08000a14   0x08000a14   0x0000008a   Code   RO         2644    .text               c_w.l(lludiv10.o)
    0x08000a9e   0x08000a9e   0x0000041e   Code   RO         2646    .text               c_w.l(_printf_fp_dec.o)
    0x08000ebc   0x08000ebc   0x000002fc   Code   RO         2648    .text               c_w.l(_printf_fp_hex.o)
    0x080011b8   0x080011b8   0x0000002c   Code   RO         2653    .text               c_w.l(_printf_char.o)
    0x080011e4   0x080011e4   0x0000002c   Code   RO         2655    .text               c_w.l(_printf_wchar.o)
    0x08001210   0x08001210   0x00000040   Code   RO         2657    .text               c_w.l(_wcrtomb.o)
    0x08001250   0x08001250   0x00000008   Code   RO         2659    .text               c_w.l(libspace.o)
    0x08001258   0x08001258   0x0000004a   Code   RO         2662    .text               c_w.l(sys_stackheap_outer.o)
    0x080012a2   0x080012a2   0x00000002   PAD
    0x080012a4   0x080012a4   0x00000010   Code   RO         2664    .text               c_w.l(rt_ctype_table.o)
    0x080012b4   0x080012b4   0x00000008   Code   RO         2669    .text               c_w.l(rt_locale_intlibspace.o)
    0x080012bc   0x080012bc   0x00000080   Code   RO         2671    .text               c_w.l(_printf_fp_infnan.o)
    0x0800133c   0x0800133c   0x000000e4   Code   RO         2673    .text               c_w.l(bigflt0.o)
    0x08001420   0x08001420   0x00000012   Code   RO         2701    .text               c_w.l(exit.o)
    0x08001432   0x08001432   0x00000002   PAD
    0x08001434   0x08001434   0x0000000c   Code   RO         2774    .text               c_w.l(sys_exit.o)
    0x08001440   0x08001440   0x00000002   Code   RO         2785    .text               c_w.l(use_no_semi.o)
    0x08001442   0x08001442   0x00000000   Code   RO         2787    .text               c_w.l(indicate_semi.o)
    0x08001442   0x08001442   0x0000003e   Code   RO         2676    CL$$btod_d2e        c_w.l(btod.o)
    0x08001480   0x08001480   0x00000046   Code   RO         2678    CL$$btod_d2e_denorm_low  c_w.l(btod.o)
    0x080014c6   0x080014c6   0x00000060   Code   RO         2677    CL$$btod_d2e_norm_op1  c_w.l(btod.o)
    0x08001526   0x08001526   0x00000338   Code   RO         2686    CL$$btod_div_common  c_w.l(btod.o)
    0x0800185e   0x0800185e   0x000000dc   Code   RO         2683    CL$$btod_e2e        c_w.l(btod.o)
    0x0800193a   0x0800193a   0x0000002a   Code   RO         2680    CL$$btod_ediv       c_w.l(btod.o)
    0x08001964   0x08001964   0x0000002a   Code   RO         2679    CL$$btod_emul       c_w.l(btod.o)
    0x0800198e   0x0800198e   0x00000244   Code   RO         2685    CL$$btod_mult_common  c_w.l(btod.o)
    0x08001bd2   0x08001bd2   0x00000002   Code   RO          194    i.BusFault_Handler  stm32f4xx_it.o
    0x08001bd4   0x08001bd4   0x00000002   Code   RO          195    i.DebugMon_Handler  stm32f4xx_it.o
    0x08001bd6   0x08001bd6   0x00000002   PAD
    0x08001bd8   0x08001bd8   0x000000c4   Code   RO          520    i.Encoder_MotorA_Init  encoder.o
    0x08001c9c   0x08001c9c   0x000000a8   Code   RO          521    i.Encoder_MotorB_Init  encoder.o
    0x08001d44   0x08001d44   0x000000a8   Code   RO          522    i.Encoder_MotorC_Init  encoder.o
    0x08001dec   0x08001dec   0x000000a8   Code   RO          523    i.Encoder_MotorD_Init  encoder.o
    0x08001e94   0x08001e94   0x0000009e   Code   RO         1182    i.GPIO_Init         stm32f4xx_gpio.o
    0x08001f32   0x08001f32   0x00000022   Code   RO         1183    i.GPIO_PinAFConfig  stm32f4xx_gpio.o
    0x08001f54   0x08001f54   0x00000034   Code   RO         1052    i.HC05_Send_Encoders  hc05.o
    0x08001f88   0x08001f88   0x00000002   Code   RO          196    i.HardFault_Handler  stm32f4xx_it.o
    0x08001f8a   0x08001f8a   0x00000002   PAD
    0x08001f8c   0x08001f8c   0x00000048   Code   RO          773    i.IIC_Init          myiic.o
    0x08001fd4   0x08001fd4   0x00000068   Code   RO          776    i.IIC_Send_Byte     myiic.o
    0x0800203c   0x0800203c   0x00000040   Code   RO          777    i.IIC_Start         myiic.o
    0x0800207c   0x0800207c   0x00000044   Code   RO          778    i.IIC_Stop          myiic.o
    0x080020c0   0x080020c0   0x00000088   Code   RO          779    i.IIC_Wait_Ack      myiic.o
    0x08002148   0x08002148   0x00000064   Code   RO          611    i.Incremental_PI_MotorA  control.o
    0x080021ac   0x080021ac   0x00000064   Code   RO          612    i.Incremental_PI_MotorB  control.o
    0x08002210   0x08002210   0x00000064   Code   RO          613    i.Incremental_PI_MotorC  control.o
    0x08002274   0x08002274   0x00000064   Code   RO          614    i.Incremental_PI_MotorD  control.o
    0x080022d8   0x080022d8   0x00000002   Code   RO          197    i.MemManage_Handler  stm32f4xx_it.o
    0x080022da   0x080022da   0x00000002   PAD
    0x080022dc   0x080022dc   0x000000f8   Code   RO          468    i.Motor_Init        motor.o
    0x080023d4   0x080023d4   0x00000098   Code   RO          469    i.Motor_Pin_Init    motor.o
    0x0800246c   0x0800246c   0x00000002   Code   RO          198    i.NMI_Handler       stm32f4xx_it.o
    0x0800246e   0x0800246e   0x00000002   PAD
    0x08002470   0x08002470   0x00000074   Code   RO         1137    i.NVIC_Init         misc.o
    0x080024e4   0x080024e4   0x00000014   Code   RO         1138    i.NVIC_PriorityGroupConfig  misc.o
    0x080024f8   0x080024f8   0x00000056   Code   RO          839    i.OLED_Clear        oled.o
    0x0800254e   0x0800254e   0x00000110   Code   RO          841    i.OLED_Init         oled.o
    0x0800265e   0x0800265e   0x00000028   Code   RO          843    i.OLED_Set_Pos      oled.o
    0x08002686   0x08002686   0x00000002   PAD
    0x08002688   0x08002688   0x00000104   Code   RO          846    i.OLED_ShowString   oled.o
    0x0800278c   0x0800278c   0x00000032   Code   RO          847    i.OLED_WrCmd        oled.o
    0x080027be   0x080027be   0x00000002   Code   RO          199    i.PendSV_Handler    stm32f4xx_it.o
    0x080027c0   0x080027c0   0x00000018   Code   RO         1279    i.RCC_AHB1PeriphClockCmd  stm32f4xx_rcc.o
    0x080027d8   0x080027d8   0x00000018   Code   RO         1288    i.RCC_APB1PeriphClockCmd  stm32f4xx_rcc.o
    0x080027f0   0x080027f0   0x00000018   Code   RO         1290    i.RCC_APB1PeriphResetCmd  stm32f4xx_rcc.o
    0x08002808   0x08002808   0x00000018   Code   RO         1291    i.RCC_APB2PeriphClockCmd  stm32f4xx_rcc.o
    0x08002820   0x08002820   0x00000018   Code   RO         1293    i.RCC_APB2PeriphResetCmd  stm32f4xx_rcc.o
    0x08002838   0x08002838   0x00000088   Code   RO         1300    i.RCC_GetClocksFreq  stm32f4xx_rcc.o
    0x080028c0   0x080028c0   0x0000004c   Code   RO          524    i.Read_Encoder      encoder.o
    0x0800290c   0x0800290c   0x00000002   Code   RO          200    i.SVC_Handler       stm32f4xx_it.o
    0x0800290e   0x0800290e   0x00000002   PAD
    0x08002910   0x08002910   0x0000012c   Code   RO          365    i.Servo_Init        servo.o
    0x08002a3c   0x08002a3c   0x000000ac   Code   RO          615    i.Set_PWM           control.o
    0x08002ae8   0x08002ae8   0x00000016   Code   RO         1141    i.SysTick_CLKSourceConfig  misc.o
    0x08002afe   0x08002afe   0x00000002   Code   RO          201    i.SysTick_Handler   stm32f4xx_it.o
    0x08002b00   0x08002b00   0x00000114   Code   RO          292    i.SystemInit        system_stm32f4xx.o
    0x08002c14   0x08002c14   0x0000003e   Code   RO         1857    i.TI2_Config        stm32f4xx_tim.o
    0x08002c52   0x08002c52   0x00000002   PAD
    0x08002c54   0x08002c54   0x000000c4   Code   RO          323    i.TIM7_IRQHandler   timer.o
    0x08002d18   0x08002d18   0x00000060   Code   RO          324    i.TIM7_Int_Init     timer.o
    0x08002d78   0x08002d78   0x00000006   Code   RO         1865    i.TIM_ClearITPendingBit  stm32f4xx_tim.o
    0x08002d7e   0x08002d7e   0x00000012   Code   RO         1870    i.TIM_Cmd           stm32f4xx_tim.o
    0x08002d90   0x08002d90   0x00000016   Code   RO         1872    i.TIM_CtrlPWMOutputs  stm32f4xx_tim.o
    0x08002da6   0x08002da6   0x000001b4   Code   RO         1875    i.TIM_DeInit        stm32f4xx_tim.o
    0x08002f5a   0x08002f5a   0x0000003c   Code   RO         1879    i.TIM_EncoderInterfaceConfig  stm32f4xx_tim.o
    0x08002f96   0x08002f96   0x00000016   Code   RO         1891    i.TIM_GetITStatus   stm32f4xx_tim.o
    0x08002fac   0x08002fac   0x000000fa   Code   RO         1893    i.TIM_ICInit        stm32f4xx_tim.o
    0x080030a6   0x080030a6   0x00000010   Code   RO         1894    i.TIM_ICStructInit  stm32f4xx_tim.o
    0x080030b6   0x080030b6   0x00000010   Code   RO         1895    i.TIM_ITConfig      stm32f4xx_tim.o
    0x080030c6   0x080030c6   0x00000068   Code   RO         1899    i.TIM_OC1Init       stm32f4xx_tim.o
    0x0800312e   0x0800312e   0x0000000c   Code   RO         1902    i.TIM_OC1PreloadConfig  stm32f4xx_tim.o
    0x0800313a   0x0800313a   0x00000086   Code   RO         1904    i.TIM_OC2Init       stm32f4xx_tim.o
    0x080031c0   0x080031c0   0x00000014   Code   RO         1907    i.TIM_OC2PreloadConfig  stm32f4xx_tim.o
    0x080031d4   0x080031d4   0x00000084   Code   RO         1909    i.TIM_OC3Init       stm32f4xx_tim.o
    0x08003258   0x08003258   0x0000000c   Code   RO         1912    i.TIM_OC3PreloadConfig  stm32f4xx_tim.o
    0x08003264   0x08003264   0x00000068   Code   RO         1914    i.TIM_OC4Init       stm32f4xx_tim.o
    0x080032cc   0x080032cc   0x00000014   Code   RO         1916    i.TIM_OC4PreloadConfig  stm32f4xx_tim.o
    0x080032e0   0x080032e0   0x00000014   Code   RO         1917    i.TIM_OCStructInit  stm32f4xx_tim.o
    0x080032f4   0x080032f4   0x00000080   Code   RO         1942    i.TIM_TimeBaseInit  stm32f4xx_tim.o
    0x08003374   0x08003374   0x00000074   Code   RO          945    i.UART5_IRQHandler  uart5.o
    0x080033e8   0x080033e8   0x00000074   Code   RO          413    i.USART3_IRQHandler  usart3.o
    0x0800345c   0x0800345c   0x00000012   Code   RO         1673    i.USART_Cmd         stm32f4xx_usart.o
    0x0800346e   0x0800346e   0x0000000e   Code   RO         1676    i.USART_GetFlagStatus  stm32f4xx_usart.o
    0x0800347c   0x0800347c   0x00000042   Code   RO         1677    i.USART_GetITStatus  stm32f4xx_usart.o
    0x080034be   0x080034be   0x00000030   Code   RO         1679    i.USART_ITConfig    stm32f4xx_usart.o
    0x080034ee   0x080034ee   0x00000002   PAD
    0x080034f0   0x080034f0   0x000000b8   Code   RO         1680    i.USART_Init        stm32f4xx_usart.o
    0x080035a8   0x080035a8   0x00000008   Code   RO         1687    i.USART_ReceiveData  stm32f4xx_usart.o
    0x080035b0   0x080035b0   0x00000008   Code   RO         1690    i.USART_SendData    stm32f4xx_usart.o
    0x080035b8   0x080035b8   0x00000002   Code   RO          202    i.UsageFault_Handler  stm32f4xx_it.o
    0x080035ba   0x080035ba   0x00000030   Code   RO         2711    i.__ARM_fpclassify  m_wm.l(fpclassify.o)
    0x080035ea   0x080035ea   0x0000000e   Code   RO         2481    i._is_digit         c_w.l(__printf_wp.o)
    0x080035f8   0x080035f8   0x0000002c   Code   RO         1072    i.delay_init        delay.o
    0x08003624   0x08003624   0x00000068   Code   RO         1073    i.delay_ms          delay.o
    0x0800368c   0x0800368c   0x00000038   Code   RO         1074    i.delay_us          delay.o
    0x080036c4   0x080036c4   0x00000038   Code   RO         1075    i.delay_xms         delay.o
    0x080036fc   0x080036fc   0x00000094   Code   RO            3    i.main              main.o
    0x08003790   0x08003790   0x000000e4   Code   RO          946    i.uart5_Init        uart5.o
    0x08003874   0x08003874   0x00000058   Code   RO          947    i.uart5_printf      uart5.o
    0x080038cc   0x080038cc   0x000000ac   Code   RO          415    i.usart3_Init       usart3.o
    0x08003978   0x08003978   0x0000002c   Code   RO         2699    locale$$code        c_w.l(lc_numeric_c.o)
    0x080039a4   0x080039a4   0x0000002c   Code   RO         2716    locale$$code        c_w.l(lc_ctype_c.o)
    0x080039d0   0x080039d0   0x0000000a   Code   RO         2772    x$fpl$fpinit        fz_wm.l(fpinit.o)
    0x080039da   0x080039da   0x00000004   Code   RO         2596    x$fpl$printf1       fz_wm.l(printf1.o)
    0x080039de   0x080039de   0x00000004   Code   RO         2598    x$fpl$printf2       fz_wm.l(printf2.o)
    0x080039e2   0x080039e2   0x00000000   Code   RO         2604    x$fpl$usenofp       fz_wm.l(usenofp.o)
    0x080039e2   0x080039e2   0x00000978   Data   RO          850    .constdata          oled.o
    0x0800435a   0x0800435a   0x00000011   Data   RO         2489    .constdata          c_w.l(__printf_flags_ss_wp.o)
    0x0800436b   0x0800436b   0x00000001   PAD
    0x0800436c   0x0800436c   0x00000008   Data   RO         2543    .constdata          c_w.l(_printf_wctomb.o)
    0x08004374   0x08004374   0x00000028   Data   RO         2572    .constdata          c_w.l(_printf_hex_int_ll_ptr.o)
    0x0800439c   0x0800439c   0x00000026   Data   RO         2649    .constdata          c_w.l(_printf_fp_hex.o)
    0x080043c2   0x080043c2   0x00000002   PAD
    0x080043c4   0x080043c4   0x00000094   Data   RO         2674    .constdata          c_w.l(bigflt0.o)
    0x08004458   0x08004458   0x00000020   Data   RO         2840    Region$$Table       anon$$obj.o
    0x08004478   0x08004478   0x0000001c   Data   RO         2698    locale$$data        c_w.l(lc_numeric_c.o)
    0x08004494   0x08004494   0x00000110   Data   RO         2715    locale$$data        c_w.l(lc_ctype_c.o)


    Execution Region RW_IRAM1 (Exec base: 0x20000000, Load base: 0x080045a4, Size: 0x00000ae8, Max: 0x00020000, ABSOLUTE)

    Exec Addr    Load Addr    Size         Type   Attr      Idx    E Section Name        Object

    0x20000000   0x080045a4   0x00000004   Data   RW            7    .data               main.o
    0x20000004   0x080045a8   0x00000004   Data   RW            8    .data               main.o
    0x20000008   0x080045ac   0x00000004   Data   RW            9    .data               main.o
    0x2000000c   0x080045b0   0x00000004   Data   RW           10    .data               main.o
    0x20000010   0x080045b4   0x00000020   Data   RW           11    .data               main.o
    0x20000030   0x080045d4   0x00000002   Data   RW          418    .data               usart3.o
    0x20000032   0x080045d6   0x00000002   PAD
    0x20000034   0x080045d8   0x00000038   Data   RW          616    .data               control.o
    0x2000006c   0x08004610   0x00000002   Data   RW          951    .data               uart5.o
    0x2000006e   0x08004612   0x00000004   Data   RW         1076    .data               delay.o
    0x20000072   0x08004616   0x00000010   Data   RW         1332    .data               stm32f4xx_rcc.o
    0x20000082   0x08004626   0x00000006   PAD
    0x20000088        -       0x000001ff   Zero   RW          417    .bss                usart3.o
    0x20000287   0x08004626   0x00000001   PAD
    0x20000288        -       0x000001ff   Zero   RW          950    .bss                uart5.o
    0x20000487   0x08004626   0x00000001   PAD
    0x20000488        -       0x00000060   Zero   RW         2660    .bss                c_w.l(libspace.o)
    0x200004e8        -       0x00000200   Zero   RW         1129    HEAP                startup_stm32f40_41xxx.o
    0x200006e8        -       0x00000400   Zero   RW         1128    STACK               startup_stm32f40_41xxx.o


==============================================================================

Image component sizes


      Code (inc. data)   RO Data    RW Data    ZI Data      Debug   Object Name

       572         66          0         56          0       4042   control.o
       260         22          0          4          0       3027   delay.o
       776         64          0          0          0       3799   encoder.o
        52         34          0          0          0        665   hc05.o
       148         16          0         48          0     282866   main.o
       158         12          0          0          0       2197   misc.o
       400         26          0          0          0       1606   motor.o
       444         46          0          0          0       3458   myiic.o
       708          6       2424          0          0       5010   oled.o
       300         12          0          0          0        869   servo.o
        64         26        392          0       1536        848   startup_stm32f40_41xxx.o
       192          0          0          0          0       1791   stm32f4xx_gpio.o
        18          0          0          0          0       4126   stm32f4xx_it.o
       256         48          0         16          0       6109   stm32f4xx_rcc.o
      1594          8          0          0          0      16895   stm32f4xx_tim.o
       346          4          0          0          0       5629   stm32f4xx_usart.o
       276         38          0          0          0       1125   system_stm32f4xx.o
       292         60          0          0          0       1330   timer.o
       432         36          0          2        511       3042   uart5.o
       288         24          0          2        511       2786   usart3.o

    ----------------------------------------------------------------------
      7592        548       2848        132       2564     351220   Object Totals
         0          0         32          0          0          0   (incl. Generated)
        16          0          0          4          6          0   (incl. Padding)

    ----------------------------------------------------------------------

      Code (inc. data)   RO Data    RW Data    ZI Data      Debug   Library Member Name

         8          0          0          0          0         68   __main.o
       392          4         17          0          0         92   __printf_flags_ss_wp.o
        14          0          0          0          0         68   __printf_wp.o
         0          0          0          0          0          0   __rtentry.o
        12          0          0          0          0          0   __rtentry2.o
         6          0          0          0          0          0   __rtentry4.o
        52          8          0          0          0          0   __scatter.o
        26          0          0          0          0          0   __scatter_copy.o
        28          0          0          0          0          0   __scatter_zi.o
         6          0          0          0          0          0   _printf_a.o
         6          0          0          0          0          0   _printf_c.o
        44          0          0          0          0        108   _printf_char.o
        48          6          0          0          0         96   _printf_char_common.o
        40          0          0          0          0         68   _printf_charcount.o
         6          0          0          0          0          0   _printf_d.o
       120         16          0          0          0         92   _printf_dec.o
         6          0          0          0          0          0   _printf_e.o
         6          0          0          0          0          0   _printf_f.o
      1054          0          0          0          0        216   _printf_fp_dec.o
       764          8         38          0          0        100   _printf_fp_hex.o
       128         16          0          0          0         84   _printf_fp_infnan.o
         6          0          0          0          0          0   _printf_g.o
       148          4         40          0          0        160   _printf_hex_int_ll_ptr.o
         6          0          0          0          0          0   _printf_i.o
       178          0          0          0          0         88   _printf_intcommon.o
        10          0          0          0          0          0   _printf_l.o
         6          0          0          0          0          0   _printf_lc.o
        10          0          0          0          0          0   _printf_ll.o
         6          0          0          0          0          0   _printf_lld.o
         6          0          0          0          0          0   _printf_lli.o
         6          0          0          0          0          0   _printf_llo.o
         6          0          0          0          0          0   _printf_llu.o
         6          0          0          0          0          0   _printf_llx.o
       124         16          0          0          0         92   _printf_longlong_dec.o
         6          0          0          0          0          0   _printf_ls.o
         6          0          0          0          0          0   _printf_n.o
         6          0          0          0          0          0   _printf_o.o
       112         10          0          0          0        124   _printf_oct_int_ll.o
         6          0          0          0          0          0   _printf_p.o
        78          0          0          0          0        108   _printf_pad.o
         0          0          0          0          0          0   _printf_percent.o
         4          0          0          0          0          0   _printf_percent_end.o
         6          0          0          0          0          0   _printf_s.o
        82          0          0          0          0         80   _printf_str.o
        36          0          0          0          0         84   _printf_truncate.o
         6          0          0          0          0          0   _printf_u.o
        44          0          0          0          0        108   _printf_wchar.o
       188          6          8          0          0         92   _printf_wctomb.o
         6          0          0          0          0          0   _printf_x.o
        10          0          0          0          0         68   _sputc.o
        64          0          0          0          0         92   _wcrtomb.o
       228          4        148          0          0         96   bigflt0.o
      1936        128          0          0          0        672   btod.o
        18          0          0          0          0         80   exit.o
         6          0          0          0          0        152   heapauxi.o
         0          0          0          0          0          0   indicate_semi.o
        44         10        272          0          0         76   lc_ctype_c.o
        44         10         28          0          0         76   lc_numeric_c.o
         2          0          0          0          0          0   libinit.o
        34          0          0          0          0          0   libinit2.o
         2          0          0          0          0          0   libshutdown.o
         2          0          0          0          0          0   libshutdown2.o
         8          4          0          0         96         68   libspace.o
       138          0          0          0          0         80   lludiv10.o
        16          4          0          0          0         76   rt_ctype_table.o
         8          4          0          0          0         68   rt_locale_intlibspace.o
         2          0          0          0          0          0   rtexit.o
        10          0          0          0          0          0   rtexit2.o
       128          0          0          0          0         68   strcmpv7m.o
        62          0          0          0          0         76   strlen.o
        12          4          0          0          0         68   sys_exit.o
        74          0          0          0          0         80   sys_stackheap_outer.o
         2          0          0          0          0         68   use_no_semi.o
        36          4          0          0          0         76   vsprintf.o
        10          0          0          0          0        116   fpinit.o
         4          0          0          0          0        116   printf1.o
         4          0          0          0          0        116   printf2.o
         0          0          0          0          0          0   usenofp.o
        48          0          0          0          0        124   fpclassify.o

    ----------------------------------------------------------------------
      6834        266        554          0         96       4440   Library Totals
        12          0          3          0          0          0   (incl. Padding)

    ----------------------------------------------------------------------

      Code (inc. data)   RO Data    RW Data    ZI Data      Debug   Library Name

      6756        266        551          0         96       3968   c_w.l
        18          0          0          0          0        348   fz_wm.l
        48          0          0          0          0        124   m_wm.l

    ----------------------------------------------------------------------
      6834        266        554          0         96       4440   Library Totals

    ----------------------------------------------------------------------

==============================================================================


      Code (inc. data)   RO Data    RW Data    ZI Data      Debug   

     14426        814       3402        132       2660     345628   Grand Totals
     14426        814       3402        132       2660     345628   ELF Image Totals
     14426        814       3402        132          0          0   ROM Totals

==============================================================================

    Total RO  Size (Code + RO Data)                17828 (  17.41kB)
    Total RW  Size (RW Data + ZI Data)              2792 (   2.73kB)
    Total ROM Size (Code + RO Data + RW Data)      17960 (  17.54kB)

==============================================================================

