Component: ARM Compiler 5.06 update 6 (build 750) Tool: armlink [4d35ed]

==============================================================================

Section Cross References

    main.o(i.main) refers to delay.o(i.delay_init) for delay_init
    main.o(i.main) refers to misc.o(i.NVIC_PriorityGroupConfig) for NVIC_PriorityGroupConfig
    main.o(i.main) refers to usart3.o(i.usart3_Init) for usart3_Init
    main.o(i.main) refers to uart5.o(i.uart5_Init) for uart5_Init
    main.o(i.main) refers to uart5.o(i.TIM9_Int_Init) for TIM9_Int_Init
    main.o(i.main) refers to servo.o(i.Servo_Init) for Servo_Init
    main.o(i.main) refers to timer.o(i.TIM7_Int_Init) for TIM7_Int_Init
    main.o(i.main) refers to motor.o(i.Motor_Init) for Motor_Init
    main.o(i.main) refers to motor.o(i.Motor_Pin_Init) for Motor_Pin_Init
    main.o(i.main) refers to encoder.o(i.Encoder_MotorA_Init) for Encoder_MotorA_Init
    main.o(i.main) refers to encoder.o(i.Encoder_MotorB_Init) for Encoder_MotorB_Init
    main.o(i.main) refers to encoder.o(i.Encoder_MotorC_Init) for Encoder_MotorC_Init
    main.o(i.main) refers to encoder.o(i.Encoder_MotorD_Init) for Encoder_MotorD_Init
    main.o(i.main) refers to sensor.o(i.Sensor_Track_Init) for Sensor_Track_Init
    main.o(i.main) refers to key.o(i.KEY_Init) for KEY_Init
    main.o(i.main) refers to beep.o(i.Beep_Init) for Beep_Init
    main.o(i.main) refers to myiic.o(i.IIC_Init) for IIC_Init
    main.o(i.main) refers to oled.o(i.OLED_Init) for OLED_Init
    main.o(i.main) refers to strategy.o(i.PlaceColor_Init) for PlaceColor_Init
    main.o(i.main) refers to action.o(i.Action_First) for Action_First
    main.o(i.main) refers to task.o(i.Task_OLED) for Task_OLED
    main.o(i.main) refers to key.o(i.KEY_Scan) for KEY_Scan
    main.o(i.main) refers to strategy.o(i.Strategy_MaterialColor) for Strategy_MaterialColor
    main.o(i.main) refers to strategy.o(i.Strategy_QrcodeSquence) for Strategy_QrcodeSquence
    main.o(i.main) refers to task.o(i.Task_Full) for Task_Full
    main.o(i.main) refers to task.o(i.Task_TestSensor) for Task_TestSensor
    main.o(i.main) refers to main.o(.data) for .data
    system_stm32f4xx.o(i.SystemCoreClockUpdate) refers to system_stm32f4xx.o(.data) for .data
    timer.o(i.TIM7_IRQHandler) refers to stm32f4xx_tim.o(i.TIM_GetITStatus) for TIM_GetITStatus
    timer.o(i.TIM7_IRQHandler) refers to encoder.o(i.Read_Encoder) for Read_Encoder
    timer.o(i.TIM7_IRQHandler) refers to control.o(i.Incremental_PI_MotorA) for Incremental_PI_MotorA
    timer.o(i.TIM7_IRQHandler) refers to control.o(i.Incremental_PI_MotorB) for Incremental_PI_MotorB
    timer.o(i.TIM7_IRQHandler) refers to control.o(i.Incremental_PI_MotorC) for Incremental_PI_MotorC
    timer.o(i.TIM7_IRQHandler) refers to control.o(i.Incremental_PI_MotorD) for Incremental_PI_MotorD
    timer.o(i.TIM7_IRQHandler) refers to control.o(i.Set_PWM) for Set_PWM
    timer.o(i.TIM7_IRQHandler) refers to stm32f4xx_tim.o(i.TIM_ClearITPendingBit) for TIM_ClearITPendingBit
    timer.o(i.TIM7_IRQHandler) refers to main.o(.data) for Encoder_A
    timer.o(i.TIM7_IRQHandler) refers to main.o(.data) for Encoder_B
    timer.o(i.TIM7_IRQHandler) refers to main.o(.data) for Encoder_C
    timer.o(i.TIM7_IRQHandler) refers to main.o(.data) for Encoder_D
    timer.o(i.TIM7_IRQHandler) refers to main.o(.data) for Target_A
    timer.o(i.TIM7_IRQHandler) refers to main.o(.data) for Motor_A
    timer.o(i.TIM7_IRQHandler) refers to main.o(.data) for Target_B
    timer.o(i.TIM7_IRQHandler) refers to main.o(.data) for Motor_B
    timer.o(i.TIM7_IRQHandler) refers to main.o(.data) for Target_C
    timer.o(i.TIM7_IRQHandler) refers to main.o(.data) for Motor_C
    timer.o(i.TIM7_IRQHandler) refers to main.o(.data) for Target_D
    timer.o(i.TIM7_IRQHandler) refers to main.o(.data) for Motor_D
    timer.o(i.TIM7_Int_Init) refers to stm32f4xx_rcc.o(i.RCC_APB1PeriphClockCmd) for RCC_APB1PeriphClockCmd
    timer.o(i.TIM7_Int_Init) refers to stm32f4xx_tim.o(i.TIM_TimeBaseInit) for TIM_TimeBaseInit
    timer.o(i.TIM7_Int_Init) refers to stm32f4xx_tim.o(i.TIM_ITConfig) for TIM_ITConfig
    timer.o(i.TIM7_Int_Init) refers to misc.o(i.NVIC_Init) for NVIC_Init
    timer.o(i.TIM7_Int_Init) refers to stm32f4xx_tim.o(i.TIM_Cmd) for TIM_Cmd
    servo.o(i.Servo1_SetAngle) refers to stm32f4xx_tim.o(i.TIM_SetCompare2) for TIM_SetCompare2
    servo.o(i.Servo1_SpeedRegulation) refers to stm32f4xx_tim.o(i.TIM_SetCompare2) for TIM_SetCompare2
    servo.o(i.Servo1_SpeedRegulation) refers to delay.o(i.delay_ms) for delay_ms
    servo.o(i.Servo1_SpeedRegulation) refers to servo.o(.data) for .data
    servo.o(i.Servo2_SetAngle) refers to stm32f4xx_tim.o(i.TIM_SetCompare1) for TIM_SetCompare1
    servo.o(i.Servo2_SpeedRegulation) refers to stm32f4xx_tim.o(i.TIM_SetCompare1) for TIM_SetCompare1
    servo.o(i.Servo2_SpeedRegulation) refers to delay.o(i.delay_ms) for delay_ms
    servo.o(i.Servo2_SpeedRegulation) refers to servo.o(.data) for .data
[...]
    ../clib/microlib/stubs.s                 0x00000000   Number         0  iusefp.o ABSOLUTE
    ../clib/microlib/stubs.s                 0x00000000   Number         0  iusesemip.o ABSOLUTE
    ../clib/scanf.c                          0x00000000   Number         0  _chval.o ABSOLUTE
    ../clib/scanf.c                          0x00000000   Number         0  _strtoul.o ABSOLUTE
    ../clib/scanf.c                          0x00000000   Number         0  strtol.o ABSOLUTE
    ../clib/scanf.c                          0x00000000   Number         0  atoi.o ABSOLUTE
    ../fplib/microlib/fpadd.c                0x00000000   Number         0  dadd.o ABSOLUTE
    ../fplib/microlib/fpdiv.c                0x00000000   Number         0  ddiv.o ABSOLUTE
    ../fplib/microlib/fpepilogue.c           0x00000000   Number         0  depilogue.o ABSOLUTE
    ../fplib/microlib/fpfix.c                0x00000000   Number         0  dfixul.o ABSOLUTE
    ../fplib/microlib/fpmul.c                0x00000000   Number         0  dmul.o ABSOLUTE
    ../mathlib/cosf.c                        0x00000000   Number         0  cosf_x.o ABSOLUTE
    ../mathlib/cosf.c                        0x00000000   Number         0  cosf.o ABSOLUTE
    ../mathlib/fpclassifyf.c                 0x00000000   Number         0  fpclassifyf.o ABSOLUTE
    ../mathlib/funder.c                      0x00000000   Number         0  funder.o ABSOLUTE
    ../mathlib/rredf.c                       0x00000000   Number         0  rredf.o ABSOLUTE
    ../mathlib/sinf.c                        0x00000000   Number         0  sinf_x.o ABSOLUTE
    ../mathlib/sinf.c                        0x00000000   Number         0  sinf.o ABSOLUTE
    ..\CORE\startup_stm32f40_41xxx.s         0x00000000   Number         0  startup_stm32f40_41xxx.o ABSOLUTE
    ..\FWLIB\src\misc.c                      0x00000000   Number         0  misc.o ABSOLUTE
    ..\FWLIB\src\stm32f4xx_exti.c            0x00000000   Number         0  stm32f4xx_exti.o ABSOLUTE
    ..\FWLIB\src\stm32f4xx_gpio.c            0x00000000   Number         0  stm32f4xx_gpio.o ABSOLUTE
    ..\FWLIB\src\stm32f4xx_rcc.c             0x00000000   Number         0  stm32f4xx_rcc.o ABSOLUTE
    ..\FWLIB\src\stm32f4xx_syscfg.c          0x00000000   Number         0  stm32f4xx_syscfg.o ABSOLUTE
    ..\FWLIB\src\stm32f4xx_tim.c             0x00000000   Number         0  stm32f4xx_tim.o ABSOLUTE
    ..\FWLIB\src\stm32f4xx_usart.c           0x00000000   Number         0  stm32f4xx_usart.o ABSOLUTE
    ..\HARDWARE\ACTION\action.c              0x00000000   Number         0  action.o ABSOLUTE
    ..\HARDWARE\ANO\ano.c                    0x00000000   Number         0  ano.o ABSOLUTE
    ..\HARDWARE\BEEP\beep.c                  0x00000000   Number         0  beep.o ABSOLUTE
    ..\HARDWARE\CONTROL\control.c            0x00000000   Number         0  control.o ABSOLUTE
    ..\HARDWARE\ENCODER\encoder.c            0x00000000   Number         0  encoder.o ABSOLUTE
    ..\HARDWARE\HC05\hc05.c                  0x00000000   Number         0  hc05.o ABSOLUTE
    ..\HARDWARE\KEY\key.c                    0x00000000   Number         0  key.o ABSOLUTE
    ..\HARDWARE\MESSAGE\message.c            0x00000000   Number         0  message.o ABSOLUTE
    ..\HARDWARE\MOTOR\motor.c                0x00000000   Number         0  motor.o ABSOLUTE
    ..\HARDWARE\MOVMENT\move.c               0x00000000   Number         0  move.o ABSOLUTE
    ..\HARDWARE\OLED\myiic.c                 0x00000000   Number         0  myiic.o ABSOLUTE
    ..\HARDWARE\OLED\oled.c                  0x00000000   Number         0  oled.o ABSOLUTE
    ..\HARDWARE\SENSOR\sensor.c              0x00000000   Number         0  sensor.o ABSOLUTE
    ..\HARDWARE\SERVO\servo.c                0x00000000   Number         0  servo.o ABSOLUTE
    ..\HARDWARE\STRATEGY\strategy.c          0x00000000   Number         0  strategy.o ABSOLUTE
    ..\HARDWARE\TASK\task.c                  0x00000000   Number         0  task.o ABSOLUTE
    ..\HARDWARE\TIMER\timer.c                0x00000000   Number         0  timer.o ABSOLUTE
    ..\HARDWARE\UART5\uart5.c                0x00000000   Number         0  uart5.o ABSOLUTE
    ..\HARDWARE\USART3\usart3.c              0x00000000   Number         0  usart3.o ABSOLUTE
    ..\SYSTEM\delay\delay.c                  0x00000000   Number         0  delay.o ABSOLUTE
    ..\SYSTEM\sys\sys.c                      0x00000000   Number         0  sys.o ABSOLUTE
    ..\\FWLIB\\src\\misc.c                   0x00000000   Number         0  misc.o ABSOLUTE
    ..\\FWLIB\\src\\stm32f4xx_exti.c         0x00000000   Number         0  stm32f4xx_exti.o ABSOLUTE
    ..\\FWLIB\\src\\stm32f4xx_gpio.c         0x00000000   Number         0  stm32f4xx_gpio.o ABSOLUTE
    ..\\FWLIB\\src\\stm32f4xx_rcc.c          0x00000000   Number         0  stm32f4xx_rcc.o ABSOLUTE
    ..\\FWLIB\\src\\stm32f4xx_syscfg.c       0x00000000   Number         0  stm32f4xx_syscfg.o ABSOLUTE
    ..\\FWLIB\\src\\stm32f4xx_tim.c          0x00000000   Number         0  stm32f4xx_tim.o ABSOLUTE
    ..\\FWLIB\\src\\stm32f4xx_usart.c        0x00000000   Number         0  stm32f4xx_usart.o ABSOLUTE
    ..\\HARDWARE\\ACTION\\action.c           0x00000000   Number         0  action.o ABSOLUTE
    ..\\HARDWARE\\ANO\\ano.c                 0x00000000   Number         0  ano.o ABSOLUTE
    ..\\HARDWARE\\BEEP\\beep.c               0x00000000   Number         0  beep.o ABSOLUTE
    ..\\HARDWARE\\CONTROL\\control.c         0x00000000   Number         0  control.o ABSOLUTE
    ..\\HARDWARE\\ENCODER\\encoder.c         0x00000000   Number         0  encoder.o ABSOLUTE
    ..\\HARDWARE\\HC05\\hc05.c               0x00000000   Number         0  hc05.o ABSOLUTE
    ..\\HARDWARE\\KEY\\key.c                 0x00000000   Number         0  key.o ABSOLUTE
    ..\\HARDWARE\\MESSAGE\\message.c         0x00000000   Number         0  message.o ABSOLUTE
    ..\\HARDWARE\\MOTOR\\motor.c             0x00000000   Number         0  motor.o ABSOLUTE
    ..\\HARDWARE\\MOVMENT\\move.c            0x00000000   Number         0  move.o ABSOLUTE
    ..\\HARDWARE\\OLED\\myiic.c              0x00000000   Number         0  myiic.o ABSOLUTE
    ..\\HARDWARE\\OLED\\oled.c               0x00000000   Number         0  oled.o ABSOLUTE
    ..\\HARDWARE\\SENSOR\\sensor.c           0x00000000   Number         0  sensor.o ABSOLUTE
    ..\\HARDWARE\\SERVO\\servo.c             0x00000000   Number         0  servo.o ABSOLUTE
    ..\\HARDWARE\\STRATEGY\\strategy.c       0x00000000   Number         0  strategy.o ABSOLUTE
    ..\\HARDWARE\\TASK\\task.c               0x00000000   Number         0  task.o ABSOLUTE
    ..\\HARDWARE\\TIMER\\timer.c             0x00000000   Number         0  timer.o ABSOLUTE
    ..\\HARDWARE\\UART5\\uart5.c             0x00000000   Number         0  uart5.o ABSOLUTE
    ..\\HARDWARE\\USART3\\usart3.c           0x00000000   Number         0  usart3.o ABSOLUTE
    ..\\SYSTEM\\delay\\delay.c               0x00000000   Number         0  delay.o ABSOLUTE
    ..\\SYSTEM\\sys\\sys.c                   0x00000000   Number         0  sys.o ABSOLUTE
    cdrcmple.s                               0x00000000   Number         0  cdrcmple.o ABSOLUTE
    dc.s                                     0x00000000   Number         0  dc.o ABSOLUTE
    handlers.s                               0x00000000   Number         0  handlers.o ABSOLUTE
    init.s                                   0x00000000   Number         0  init.o ABSOLUTE
    main.c                                   0x00000000   Number         0  main.o ABSOLUTE
    main.c                                   0x00000000   Number         0  main.o ABSOLUTE
    stm32f4xx_it.c                           0x00000000   Number         0  stm32f4xx_it.o ABSOLUTE
    stm32f4xx_it.c                           0x00000000   Number         0  stm32f4xx_it.o ABSOLUTE
    system_stm32f4xx.c                       0x00000000   Number         0  system_stm32f4xx.o ABSOLUTE
    system_stm32f4xx.c                       0x00000000   Number         0  system_stm32f4xx.o ABSOLUTE
    RESET                                    0x08000000   Section      392  startup_stm32f40_41xxx.o(RESET)
    .ARM.Collect$$$$00000000                 0x08000188   Section        0  entry.o(.ARM.Collect$$$$00000000)
    .ARM.Collect$$$$00000001                 0x08000188   Section        4  entry2.o(.ARM.Collect$$$$00000001)
    .ARM.Collect$$$$00000004                 0x0800018c   Section        4  entry5.o(.ARM.Collect$$$$00000004)
    .ARM.Collect$$$$00000008                 0x08000190   Section        0  entry7b.o(.ARM.Collect$$$$00000008)
    .ARM.Collect$$$$0000000A                 0x08000190   Section        0  entry8b.o(.ARM.Collect$$$$0000000A)
    .ARM.Collect$$$$0000000B                 0x08000190   Section        8  entry9a.o(.ARM.Collect$$$$0000000B)
    .ARM.Collect$$$$0000000D                 0x08000198   Section        0  entry10a.o(.ARM.Collect$$$$0000000D)
    .ARM.Collect$$$$0000000F                 0x08000198   Section        0  entry11a.o(.ARM.Collect$$$$0000000F)
    .ARM.Collect$$$$00002712                 0x08000198   Section        4  entry2.o(.ARM.Collect$$$$00002712)
    __lit__00000000                          0x08000198   Data           4  entry2.o(.ARM.Collect$$$$00002712)
    .text                                    0x0800019c   Section       36  startup_stm32f40_41xxx.o(.text)
    $v0                                      0x0800019c   Number         0  startup_stm32f40_41xxx.o(.text)
    .text                                    0x080001c0   Section        0  strcmp.o(.text)
    .text                                    0x080001dc   Section        0  atoi.o(.text)
    .text                                    0x080001f6   Section        0  uidiv.o(.text)
    .text                                    0x08000222   Section        0  uldiv.o(.text)
    .text                                    0x08000284   Section        0  strtol.o(.text)
    .text                                    0x080002f4   Section        0  dadd.o(.text)
    .text                                    0x080002f4   Section        0  iusefp.o(.text)
    .text                                    0x08000442   Section        0  dmul.o(.text)
    .text                                    0x08000526   Section        0  ddiv.o(.text)
    .text                                    0x08000604   Section        0  dfixul.o(.text)
    .text                                    0x08000634   Section       48  cdrcmple.o(.text)
    .text                                    0x08000664   Section       36  init.o(.text)
    .text                                    0x08000688   Section        0  llshl.o(.text)
    .text                                    0x080006a6   Section        0  llushr.o(.text)
    .text                                    0x080006c6   Section        0  llsshr.o(.text)
    .text                                    0x080006ec   Section        0  ctype_o.o(.text)
    .text                                    0x080006f4   Section        0  _strtoul.o(.text)
    .text                                    0x08000792   Section        0  depilogue.o(.text)
    .text                                    0x0800084c   Section        0  _chval.o(.text)
    i.Action_AfterPlace                      0x08000868   Section        0  action.o(i.Action_AfterPlace)
    i.Action_AfterTake                       0x08000898   Section        0  action.o(i.Action_AfterTake)
    i.Action_First                           0x080008c0   Section        0  action.o(i.Action_First)
    i.Action_Place_1                         0x080008f0   Section        0  action.o(i.Action_Place_1)
    i.Action_Place_2                         0x08000928   Section        0  action.o(i.Action_Place_2)
    i.Action_Place_3                         0x08000960   Section        0  action.o(i.Action_Place_3)
    i.Action_Take_1                          0x08000998   Section        0  action.o(i.Action_Take_1)
    i.Action_Take_2                          0x080009cc   Section        0  action.o(i.Action_Take_2)
    i.Action_Take_3                          0x08000a00   Section        0  action.o(i.Action_Take_3)
    i.Beep_Init                              0x08000a34   Section        0  beep.o(i.Beep_Init)
    i.BusFault_Handler                       0x08000a74   Section        0  stm32f4xx_it.o(i.BusFault_Handler)
    i.Car_TrackBack                          0x08000a78   Section        0  move.o(i.Car_TrackBack)
    i.Car_TrackFront                         0x08000b0c   Section        0  move.o(i.Car_TrackFront)
    i.Car_TrackLeft                          0x08000ba0   Section        0  move.o(i.Car_TrackLeft)
    i.Car_TrackRight                         0x08000c34   Section        0  move.o(i.Car_TrackRight)
    i.DebugMon_Handler                       0x08000cc0   Section        0  stm32f4xx_it.o(i.DebugMon_Handler)
    i.EXTI0_IRQHandler                       0x08000cc4   Section        0  sensor.o(i.EXTI0_IRQHandler)
    i.EXTI15_10_IRQHandler                   0x08000cfc   Section        0  sensor.o(i.EXTI15_10_IRQHandler)
    i.EXTI3_IRQHandler                       0x08000d38   Section        0  sensor.o(i.EXTI3_IRQHandler)
    i.EXTI9_5_IRQHandler                     0x08000d70   Section        0  sensor.o(i.EXTI9_5_IRQHandler)
    i.EXTI_ClearITPendingBit                 0x08000da8   Section        0  stm32f4xx_exti.o(i.EXTI_ClearITPendingBit)
    i.EXTI_GetITStatus                       0x08000db4   Section        0  stm32f4xx_exti.o(i.EXTI_GetITStatus)
    i.EXTI_Init                              0x08000dc8   Section        0  stm32f4xx_exti.o(i.EXTI_Init)
    i.Encoder_MotorA_Init                    0x08000e58   Section        0  encoder.o(i.Encoder_MotorA_Init)
    i.Encoder_MotorB_Init                    0x08000f1c   Section        0  encoder.o(i.Encoder_MotorB_Init)
    i.Encoder_MotorC_Init                    0x08000fc4   Section        0  encoder.o(i.Encoder_MotorC_Init)
    i.Encoder_MotorD_Init                    0x0800106c   Section        0  encoder.o(i.Encoder_MotorD_Init)
    i.GPIO_Init                              0x08001114   Section        0  stm32f4xx_gpio.o(i.GPIO_Init)
    i.GPIO_PinAFConfig                       0x080011b2   Section        0  stm32f4xx_gpio.o(i.GPIO_PinAFConfig)
    i.GPIO_ReadInputDataBit                  0x080011d4   Section        0  stm32f4xx_gpio.o(i.GPIO_ReadInputDataBit)
    i.GPIO_ResetBits                         0x080011e2   Section        0  stm32f4xx_gpio.o(i.GPIO_ResetBits)
    i.HardFault_Handler                      0x080011e6   Section        0  stm32f4xx_it.o(i.HardFault_Handler)
    i.IIC_Init                               0x080011e8   Section        0  myiic.o(i.IIC_Init)
    i.IIC_Send_Byte                          0x08001230   Section        0  myiic.o(i.IIC_Send_Byte)
    i.IIC_Start                              0x08001298   Section        0  myiic.o(i.IIC_Start)
    i.IIC_Stop                               0x080012d8   Section        0  myiic.o(i.IIC_Stop)
    i.IIC_Wait_Ack                           0x0800131c   Section        0  myiic.o(i.IIC_Wait_Ack)
    i.Incremental_PI_MotorA                  0x080013a4   Section        0  control.o(i.Incremental_PI_MotorA)
    i.Incremental_PI_MotorB                  0x08001408   Section        0  control.o(i.Incremental_PI_MotorB)
    i.Incremental_PI_MotorC                  0x0800146c   Section        0  control.o(i.Incremental_PI_MotorC)
    i.Incremental_PI_MotorD                  0x080014d0   Section        0  control.o(i.Incremental_PI_MotorD)
    i.KEY_Init                               0x08001534   Section        0  key.o(i.KEY_Init)
    i.KEY_Scan                               0x08001568   Section        0  key.o(i.KEY_Scan)
    i.Kinematic_Analysis                     0x0800160c   Section        0  move.o(i.Kinematic_Analysis)
    i.MemManage_Handler                      0x0800163c   Section        0  stm32f4xx_it.o(i.MemManage_Handler)
    i.Motor_Init                             0x08001640   Section        0  motor.o(i.Motor_Init)
    i.Motor_Pin_Init                         0x08001738   Section        0  motor.o(i.Motor_Pin_Init)
    i.NMI_Handler                            0x080017d0   Section        0  stm32f4xx_it.o(i.NMI_Handler)
    i.NVIC_Init                              0x080017d4   Section        0  misc.o(i.NVIC_Init)
    i.NVIC_PriorityGroupConfig               0x08001848   Section        0  misc.o(i.NVIC_PriorityGroupConfig)
    i.OLED_Clear                             0x0800185c   Section        0  oled.o(i.OLED_Clear)
    i.OLED_Init                              0x080018b2   Section        0  oled.o(i.OLED_Init)
    i.OLED_Set_Pos                           0x080019c2   Section        0  oled.o(i.OLED_Set_Pos)
    i.OLED_ShowCHinese                       0x080019ec   Section        0  oled.o(i.OLED_ShowCHinese)
    i.OLED_ShowNum                           0x08001a78   Section        0  oled.o(i.OLED_ShowNum)
    i.OLED_ShowString                        0x08001ac4   Section        0  oled.o(i.OLED_ShowString)
    i.OLED_WrCmd                             0x08001bc8   Section        0  oled.o(i.OLED_WrCmd)
    i.PendSV_Handler                         0x08001bfa   Section        0  stm32f4xx_it.o(i.PendSV_Handler)
    i.PlaceColor_Init                        0x08001bfc   Section        0  strategy.o(i.PlaceColor_Init)
    i.RCC_AHB1PeriphClockCmd                 0x08001c10   Section        0  stm32f4xx_rcc.o(i.RCC_AHB1PeriphClockCmd)
    i.RCC_APB1PeriphClockCmd                 0x08001c28   Section        0  stm32f4xx_rcc.o(i.RCC_APB1PeriphClockCmd)
    i.RCC_APB1PeriphResetCmd                 0x08001c40   Section        0  stm32f4xx_rcc.o(i.RCC_APB1PeriphResetCmd)
    i.RCC_APB2PeriphClockCmd                 0x08001c58   Section        0  stm32f4xx_rcc.o(i.RCC_APB2PeriphClockCmd)
    i.RCC_APB2PeriphResetCmd                 0x08001c70   Section        0  stm32f4xx_rcc.o(i.RCC_APB2PeriphResetCmd)
    i.RCC_GetClocksFreq                      0x08001c88   Section        0  stm32f4xx_rcc.o(i.RCC_GetClocksFreq)
    i.Read_Encoder                           0x08001d10   Section        0  encoder.o(i.Read_Encoder)
    i.SVC_Handler                            0x08001d5c   Section        0  stm32f4xx_it.o(i.SVC_Handler)
    i.SYSCFG_EXTILineConfig                  0x08001d5e   Section        0  stm32f4xx_syscfg.o(i.SYSCFG_EXTILineConfig)
    i.Sensor_Track_Init                      0x08001d8c   Section        0  sensor.o(i.Sensor_Track_Init)
    i.Servo1_SpeedRegulation                 0x08001e98   Section        0  servo.o(i.Servo1_SpeedRegulation)
    i.Servo2_SpeedRegulation                 0x08001f58   Section        0  servo.o(i.Servo2_SpeedRegulation)
    i.Servo3_SpeedRegulation                 0x08002018   Section        0  servo.o(i.Servo3_SpeedRegulation)
    i.Servo4_SpeedRegulation                 0x080020d8   Section        0  servo.o(i.Servo4_SpeedRegulation)
    i.Servo_Init                             0x08002198   Section        0  servo.o(i.Servo_Init)
    i.Set_PWM                                0x08002284   Section        0  control.o(i.Set_PWM)
    i.Strategy_MaterialColor                 0x08002330   Section        0  strategy.o(i.Strategy_MaterialColor)
    i.Strategy_QrcodeSquence                 0x080024e0   Section        0  strategy.o(i.Strategy_QrcodeSquence)
    i.SysTick_CLKSourceConfig                0x0800270c   Section        0  misc.o(i.SysTick_CLKSourceConfig)
    i.SysTick_Handler                        0x08002722   Section        0  stm32f4xx_it.o(i.SysTick_Handler)
    i.SystemInit                             0x08002724   Section        0  system_stm32f4xx.o(i.SystemInit)
    i.TI2_Config                             0x08002838   Section        0  stm32f4xx_tim.o(i.TI2_Config)
    TI2_Config                               0x08002839   Thumb Code    62  stm32f4xx_tim.o(i.TI2_Config)
    i.TIM1_BRK_TIM9_IRQHandler               0x08002878   Section        0  uart5.o(i.TIM1_BRK_TIM9_IRQHandler)
    i.TIM7_IRQHandler                        0x080028ac   Section        0  timer.o(i.TIM7_IRQHandler)
    i.TIM7_Int_Init                          0x08002970   Section        0  timer.o(i.TIM7_Int_Init)
    i.TIM9_Int_Init                          0x080029d0   Section        0  uart5.o(i.TIM9_Int_Init)
    i.TIM_ClearITPendingBit                  0x08002a30   Section        0  stm32f4xx_tim.o(i.TIM_ClearITPendingBit)
    i.TIM_Cmd                                0x08002a36   Section        0  stm32f4xx_tim.o(i.TIM_Cmd)
    i.TIM_CtrlPWMOutputs                     0x08002a48   Section        0  stm32f4xx_tim.o(i.TIM_CtrlPWMOutputs)
    i.TIM_DeInit                             0x08002a5e   Section        0  stm32f4xx_tim.o(i.TIM_DeInit)
    i.TIM_EncoderInterfaceConfig             0x08002c12   Section        0  stm32f4xx_tim.o(i.TIM_EncoderInterfaceConfig)
    i.TIM_GetITStatus                        0x08002c4e   Section        0  stm32f4xx_tim.o(i.TIM_GetITStatus)
    i.TIM_ICInit                             0x08002c64   Section        0  stm32f4xx_tim.o(i.TIM_ICInit)
    i.TIM_ICStructInit                       0x08002d5e   Section        0  stm32f4xx_tim.o(i.TIM_ICStructInit)
    i.TIM_ITConfig                           0x08002d6e   Section        0  stm32f4xx_tim.o(i.TIM_ITConfig)
    i.TIM_OC1Init                            0x08002d7e   Section        0  stm32f4xx_tim.o(i.TIM_OC1Init)
    i.TIM_OC1PreloadConfig                   0x08002de6   Section        0  stm32f4xx_tim.o(i.TIM_OC1PreloadConfig)
    i.TIM_OC2Init                            0x08002df2   Section        0  stm32f4xx_tim.o(i.TIM_OC2Init)
    i.TIM_OC2PreloadConfig                   0x08002e78   Section        0  stm32f4xx_tim.o(i.TIM_OC2PreloadConfig)
    i.TIM_OC3Init                            0x08002e8c   Section        0  stm32f4xx_tim.o(i.TIM_OC3Init)
    i.TIM_OC3PreloadConfig                   0x08002f10   Section        0  stm32f4xx_tim.o(i.TIM_OC3PreloadConfig)
    i.TIM_OC4Init                            0x08002f1c   Section        0  stm32f4xx_tim.o(i.TIM_OC4Init)
    i.TIM_OC4PreloadConfig                   0x08002f84   Section        0  stm32f4xx_tim.o(i.TIM_OC4PreloadConfig)
    i.TIM_OCStructInit                       0x08002f98   Section        0  stm32f4xx_tim.o(i.TIM_OCStructInit)
    i.TIM_SetCompare1                        0x08002fac   Section        0  stm32f4xx_tim.o(i.TIM_SetCompare1)
    i.TIM_SetCompare2                        0x08002fb0   Section        0  stm32f4xx_tim.o(i.TIM_SetCompare2)
    i.TIM_SetCompare3                        0x08002fb4   Section        0  stm32f4xx_tim.o(i.TIM_SetCompare3)
    i.TIM_SetCompare4                        0x08002fb8   Section        0  stm32f4xx_tim.o(i.TIM_SetCompare4)
    i.TIM_SetCounter                         0x08002fbc   Section        0  stm32f4xx_tim.o(i.TIM_SetCounter)
    i.TIM_TimeBaseInit                       0x08002fc0   Section        0  stm32f4xx_tim.o(i.TIM_TimeBaseInit)
    i.Task_Full                              0x08003040   Section        0  task.o(i.Task_Full)
    i.Task_OLED                              0x080031a4   Section        0  task.o(i.Task_OLED)
    i.Task_TestSensor                        0x08003218   Section        0  task.o(i.Task_TestSensor)
    i.UART5_IRQHandler                       0x080032ec   Section        0  uart5.o(i.UART5_IRQHandler)
    i.USART3_IRQHandler                      0x08003350   Section        0  usart3.o(i.USART3_IRQHandler)
    i.USART_Cmd                              0x080033c4   Section        0  stm32f4xx_usart.o(i.USART_Cmd)
    i.USART_GetITStatus                      0x080033d6   Section        0  stm32f4xx_usart.o(i.USART_GetITStatus)
    i.USART_ITConfig                         0x08003418   Section        0  stm32f4xx_usart.o(i.USART_ITConfig)
    i.USART_Init                             0x08003448   Section        0  stm32f4xx_usart.o(i.USART_Init)
    i.USART_ReceiveData                      0x08003500   Section        0  stm32f4xx_usart.o(i.USART_ReceiveData)
    i.UsageFault_Handler                     0x08003508   Section        0  stm32f4xx_it.o(i.UsageFault_Handler)
    i.__0sprintf                             0x0800350c   Section        0  printfa.o(i.__0sprintf)
    i.__aeabi_errno_addr                     0x08003534   Section        0  errno.o(i.__aeabi_errno_addr)
    i.__scatterload_copy                     0x0800353c   Section       14  handlers.o(i.__scatterload_copy)
    i.__scatterload_null                     0x0800354a   Section        2  handlers.o(i.__scatterload_null)
    i.__scatterload_zeroinit                 0x0800354c   Section       14  handlers.o(i.__scatterload_zeroinit)
    i._fp_digits                             0x0800355c   Section        0  printfa.o(i._fp_digits)
    _fp_digits                               0x0800355d   Thumb Code   366  printfa.o(i._fp_digits)
    i._printf_core                           0x080036e0   Section        0  printfa.o(i._printf_core)
    _printf_core                             0x080036e1   Thumb Code  1744  printfa.o(i._printf_core)
    i._printf_post_padding                   0x08003dbc   Section        0  printfa.o(i._printf_post_padding)
    _printf_post_padding                     0x08003dbd   Thumb Code    36  printfa.o(i._printf_post_padding)
    i._printf_pre_padding                    0x08003de0   Section        0  printfa.o(i._printf_pre_padding)
    _printf_pre_padding                      0x08003de1   Thumb Code    46  printfa.o(i._printf_pre_padding)
    i._sputc                                 0x08003e0e   Section        0  printfa.o(i._sputc)
    _sputc                                   0x08003e0f   Thumb Code    10  printfa.o(i._sputc)
    i.delay_init                             0x08003e18   Section        0  delay.o(i.delay_init)
    i.delay_ms                               0x08003e44   Section        0  delay.o(i.delay_ms)
    i.delay_us                               0x08003eac   Section        0  delay.o(i.delay_us)
    i.delay_xms                              0x08003ee4   Section        0  delay.o(i.delay_xms)
    i.main                                   0x08003f1c   Section        0  main.o(i.main)
    i.uart5_Init                             0x08003fcc   Section        0  uart5.o(i.uart5_Init)
    i.usart3_Init                            0x080040b0   Section        0  usart3.o(i.usart3_Init)
    .constdata                               0x0800415c   Section     2456  oled.o(.constdata)
    .constdata                               0x08004af4   Section      129  ctype_o.o(.constdata)
    .constdata                               0x08004b78   Section        4  ctype_o.o(.constdata)
    table                                    0x08004b78   Data           4  ctype_o.o(.constdata)
    .data                                    0x20000000   Section        4  main.o(.data)
    .data                                    0x20000004   Section        4  main.o(.data)
    .data                                    0x20000008   Section        4  main.o(.data)
    .data                                    0x2000000c   Section        4  main.o(.data)
    .data                                    0x20000010   Section        4  main.o(.data)
    .data                                    0x20000014   Section        4  main.o(.data)
    .data                                    0x20000018   Section        4  main.o(.data)
    .data                                    0x2000001c   Section        4  main.o(.data)
    .data                                    0x20000020   Section        4  main.o(.data)
    .data                                    0x20000024   Section        4  main.o(.data)
    .data                                    0x20000028   Section        4  main.o(.data)
    .data                                    0x2000002c   Section        4  main.o(.data)
    .data                                    0x20000030   Section        2  main.o(.data)
    .data                                    0x20000032   Section        1  main.o(.data)
    .data                                    0x20000033   Section        1  main.o(.data)
    .data                                    0x20000034   Section        1  main.o(.data)
    .data                                    0x20000038   Section       16  servo.o(.data)
    servo1_last_angle                        0x20000038   Data           4  servo.o(.data)
    servo2_last_angle                        0x2000003c   Data           4  servo.o(.data)
    servo3_last_angle                        0x20000040   Data           4  servo.o(.data)
    servo4_last_angle                        0x20000044   Data           4  servo.o(.data)
    .data                                    0x20000048   Section        2  usart3.o(.data)
    .data                                    0x2000004c   Section       56  control.o(.data)
    Bias                                     0x20000054   Data           4  control.o(.data)
    Pwm                                      0x20000058   Data           4  control.o(.data)
    Last_bias                                0x2000005c   Data           4  control.o(.data)
    Bias                                     0x20000060   Data           4  control.o(.data)
    Pwm                                      0x20000064   Data           4  control.o(.data)
    Last_bias                                0x20000068   Data           4  control.o(.data)
    Bias                                     0x2000006c   Data           4  control.o(.data)
    Pwm                                      0x20000070   Data           4  control.o(.data)
    Last_bias                                0x20000074   Data           4  control.o(.data)
    Bias                                     0x20000078   Data           4  control.o(.data)
    Pwm                                      0x2000007c   Data           4  control.o(.data)
    Last_bias                                0x20000080   Data           4  control.o(.data)
    .data                                    0x20000084   Section        1  key.o(.data)
    key_up                                   0x20000084   Data           1  key.o(.data)
    .data                                    0x20000086   Section        2  uart5.o(.data)
    .data                                    0x20000088   Section       16  strategy.o(.data)
    .data                                    0x20000098   Section        4  delay.o(.data)
    fac_us                                   0x20000098   Data           1  delay.o(.data)
    fac_ms                                   0x2000009a   Data           2  delay.o(.data)
    .data                                    0x2000009c   Section       16  stm32f4xx_rcc.o(.data)
    APBAHBPrescTable                         0x2000009c   Data          16  stm32f4xx_rcc.o(.data)
    .data                                    0x200000ac   Section        4  errno.o(.data)
    _errno                                   0x200000ac   Data           4  errno.o(.data)
    .bss                                     0x200000b0   Section      511  usart3.o(.bss)
    .bss                                     0x200002b0   Section      511  uart5.o(.bss)
    STACK                                    0x200004b0   Section     1024  startup_stm32f40_41xxx.o(STACK)

    Global Symbols

    Symbol Name                              Value     Ov Type        Size  Object(Section)

    BuildAttributes$$THM_ISAv4$E$P$D$K$B$S$7EM$VFPi3$EXTD16$VFPS$VFMA$PE$A:L22UL41UL21$X:L11$S22US41US21$IEEE1$IW$USESV6$~STKCKD$USESV7$~SHL$OTIME$ROPI$IEEEX$EBA8$MICROLIB$REQ8$PRES8$EABIv2 0x00000000   Number         0  anon$$obj.o ABSOLUTE
    __ARM_use_no_argv                        0x00000000   Number         0  main.o ABSOLUTE
    _printf_a                                0x00000000   Number         0  stubs.o ABSOLUTE
    _printf_c                                0x00000000   Number         0  stubs.o ABSOLUTE
    _printf_charcount                        0x00000000   Number         0  stubs.o ABSOLUTE
    _printf_d                                0x00000000   Number         0  stubs.o ABSOLUTE
    _printf_e                                0x00000000   Number         0  stubs.o ABSOLUTE
    _printf_f                                0x00000000   Number         0  stubs.o ABSOLUTE
    _printf_flags                            0x00000000   Number         0  stubs.o ABSOLUTE
    _printf_fp_dec                           0x00000000   Number         0  stubs.o ABSOLUTE
    _printf_fp_hex                           0x00000000   Number         0  stubs.o ABSOLUTE
    _printf_g                                0x00000000   Number         0  stubs.o ABSOLUTE
    _printf_i                                0x00000000   Number         0  stubs.o ABSOLUTE
    _printf_int_dec                          0x00000000   Number         0  stubs.o ABSOLUTE
    _printf_l                                0x00000000   Number         0  stubs.o ABSOLUTE
    _printf_lc                               0x00000000   Number         0  stubs.o ABSOLUTE
    _printf_ll                               0x00000000   Number         0  stubs.o ABSOLUTE
    _printf_lld                              0x00000000   Number         0  stubs.o ABSOLUTE
    _printf_lli                              0x00000000   Number         0  stubs.o ABSOLUTE
    _printf_llo                              0x00000000   Number         0  stubs.o ABSOLUTE
    _printf_llu                              0x00000000   Number         0  stubs.o ABSOLUTE
    _printf_llx                              0x00000000   Number         0  stubs.o ABSOLUTE
    _printf_longlong_dec                     0x00000000   Number         0  stubs.o ABSOLUTE
    _printf_longlong_hex                     0x00000000   Number         0  stubs.o ABSOLUTE
    _printf_longlong_oct                     0x00000000   Number         0  stubs.o ABSOLUTE
    _printf_ls                               0x00000000   Number         0  stubs.o ABSOLUTE
    _printf_mbtowc                           0x00000000   Number         0  stubs.o ABSOLUTE
    _printf_n                                0x00000000   Number         0  stubs.o ABSOLUTE
    _printf_o                                0x00000000   Number         0  stubs.o ABSOLUTE
    _printf_p                                0x00000000   Number         0  stubs.o ABSOLUTE
    _printf_percent                          0x00000000   Number         0  stubs.o ABSOLUTE
    _printf_pre_padding                      0x00000000   Number         0  stubs.o ABSOLUTE
    _printf_return_value                     0x00000000   Number         0  stubs.o ABSOLUTE
    _printf_s                                0x00000000   Number         0  stubs.o ABSOLUTE
    _printf_sizespec                         0x00000000   Number         0  stubs.o ABSOLUTE
    _printf_str                              0x00000000   Number         0  stubs.o ABSOLUTE
    _printf_truncate_signed                  0x00000000   Number         0  stubs.o ABSOLUTE
    _printf_truncate_unsigned                0x00000000   Number         0  stubs.o ABSOLUTE
    _printf_u                                0x00000000   Number         0  stubs.o ABSOLUTE
    _printf_wc                               0x00000000   Number         0  stubs.o ABSOLUTE
    _printf_wctomb                           0x00000000   Number         0  stubs.o ABSOLUTE
    _printf_widthprec                        0x00000000   Number         0  stubs.o ABSOLUTE
    _printf_x                                0x00000000   Number         0  stubs.o ABSOLUTE
    __cpp_initialize__aeabi_                  - Undefined Weak Reference
    __cxa_finalize                            - Undefined Weak Reference
    __decompress                              - Undefined Weak Reference
    _clock_init                               - Undefined Weak Reference
    _microlib_exit                            - Undefined Weak Reference
    __Vectors_Size                           0x00000188   Number         0  startup_stm32f40_41xxx.o ABSOLUTE
    __Vectors                                0x08000000   Data           4  startup_stm32f40_41xxx.o(RESET)
    __Vectors_End                            0x08000188   Data           0  startup_stm32f40_41xxx.o(RESET)
    __main                                   0x08000189   Thumb Code     0  entry.o(.ARM.Collect$$$$00000000)
    _main_stk                                0x08000189   Thumb Code     0  entry2.o(.ARM.Collect$$$$00000001)
    _main_scatterload                        0x0800018d   Thumb Code     0  entry5.o(.ARM.Collect$$$$00000004)
    __main_after_scatterload                 0x08000191   Thumb Code     0  entry5.o(.ARM.Collect$$$$00000004)
    _main_clock                              0x08000191   Thumb Code     0  entry7b.o(.ARM.Collect$$$$00000008)
    _main_cpp_init                           0x08000191   Thumb Code     0  entry8b.o(.ARM.Collect$$$$0000000A)
    _main_init                               0x08000191   Thumb Code     0  entry9a.o(.ARM.Collect$$$$0000000B)
    __rt_final_cpp                           0x08000199   Thumb Code     0  entry10a.o(.ARM.Collect$$$$0000000D)
    __rt_final_exit                          0x08000199   Thumb Code     0  entry11a.o(.ARM.Collect$$$$0000000F)
    Reset_Handler                            0x0800019d   Thumb Code     8  startup_stm32f40_41xxx.o(.text)
    ADC_IRQHandler                           0x080001b7   Thumb Code     0  startup_stm32f40_41xxx.o(.text)
    CAN1_RX0_IRQHandler                      0x080001b7   Thumb Code     0  startup_stm32f40_41xxx.o(.text)
    CAN1_RX1_IRQHandler                      0x080001b7   Thumb Code     0  startup_stm32f40_41xxx.o(.text)
    CAN1_SCE_IRQHandler                      0x080001b7   Thumb Code     0  startup_stm32f40_41xxx.o(.text)
    CAN1_TX_IRQHandler                       0x080001b7   Thumb Code     0  startup_stm32f40_41xxx.o(.text)
    CAN2_RX0_IRQHandler                      0x080001b7   Thumb Code     0  startup_stm32f40_41xxx.o(.text)
    CAN2_RX1_IRQHandler                      0x080001b7   Thumb Code     0  startup_stm32f40_41xxx.o(.text)
    CAN2_SCE_IRQHandler                      0x080001b7   Thumb Code     0  startup_stm32f40_41xxx.o(.text)
    CAN2_TX_IRQHandler                       0x080001b7   Thumb Code     0  startup_stm32f40_41xxx.o(.text)
    CRYP_IRQHandler                          0x080001b7   Thumb Code     0  startup_stm32f40_41xxx.o(.text)
    DCMI_IRQHandler                          0x080001b7   Thumb Code     0  startup_stm32f40_41xxx.o(.text)
    DMA1_Stream0_IRQHandler                  0x080001b7   Thumb Code     0  startup_stm32f40_41xxx.o(.text)
    DMA1_Stream1_IRQHandler                  0x080001b7   Thumb Code     0  startup_stm32f40_41xxx.o(.text)
    DMA1_Stream2_IRQHandler                  0x080001b7   Thumb Code     0  startup_stm32f40_41xxx.o(.text)
    DMA1_Stream3_IRQHandler                  0x080001b7   Thumb Code     0  startup_stm32f40_41xxx.o(.text)
    DMA1_Stream4_IRQHandler                  0x080001b7   Thumb Code     0  startup_stm32f40_41xxx.o(.text)
    DMA1_Stream5_IRQHandler                  0x080001b7   Thumb Code     0  startup_stm32f40_41xxx.o(.text)
    DMA1_Stream6_IRQHandler                  0x080001b7   Thumb Code     0  startup_stm32f40_41xxx.o(.text)
    DMA1_Stream7_IRQHandler                  0x080001b7   Thumb Code     0  startup_stm32f40_41xxx.o(.text)
    DMA2_Stream0_IRQHandler                  0x080001b7   Thumb Code     0  startup_stm32f40_41xxx.o(.text)
    DMA2_Stream1_IRQHandler                  0x080001b7   Thumb Code     0  startup_stm32f40_41xxx.o(.text)
    DMA2_Stream2_IRQHandler                  0x080001b7   Thumb Code     0  startup_stm32f40_41xxx.o(.text)
    DMA2_Stream3_IRQHandler                  0x080001b7   Thumb Code     0  startup_stm32f40_41xxx.o(.text)
    DMA2_Stream4_IRQHandler                  0x080001b7   Thumb Code     0  startup_stm32f40_41xxx.o(.text)
    DMA2_Stream5_IRQHandler                  0x080001b7   Thumb Code     0  startup_stm32f40_41xxx.o(.text)
    DMA2_Stream6_IRQHandler                  0x080001b7   Thumb Code     0  startup_stm32f40_41xxx.o(.text)
    DMA2_Stream7_IRQHandler                  0x080001b7   Thumb Code     0  startup_stm32f40_41xxx.o(.text)
    ETH_IRQHandler                           0x080001b7   Thumb Code     0  startup_stm32f40_41xxx.o(.text)
    ETH_WKUP_IRQHandler                      0x080001b7   Thumb Code     0  startup_stm32f40_41xxx.o(.text)
    EXTI1_IRQHandler                         0x080001b7   Thumb Code     0  startup_stm32f40_41xxx.o(.text)
    EXTI2_IRQHandler                         0x080001b7   Thumb Code     0  startup_stm32f40_41xxx.o(.text)
    EXTI4_IRQHandler                         0x080001b7   Thumb Code     0  startup_stm32f40_41xxx.o(.text)
    FLASH_IRQHandler                         0x080001b7   Thumb Code     0  startup_stm32f40_41xxx.o(.text)
    FPU_IRQHandler                           0x080001b7   Thumb Code     0  startup_stm32f40_41xxx.o(.text)
    FSMC_IRQHandler                          0x080001b7   Thumb Code     0  startup_stm32f40_41xxx.o(.text)
    HASH_RNG_IRQHandler                      0x080001b7   Thumb Code     0  startup_stm32f40_41xxx.o(.text)
    I2C1_ER_IRQHandler                       0x080001b7   Thumb Code     0  startup_stm32f40_41xxx.o(.text)
    I2C1_EV_IRQHandler                       0x080001b7   Thumb Code     0  startup_stm32f40_41xxx.o(.text)
    I2C2_ER_IRQHandler                       0x080001b7   Thumb Code     0  startup_stm32f40_41xxx.o(.text)
    I2C2_EV_IRQHandler                       0x080001b7   Thumb Code     0  startup_stm32f40_41xxx.o(.text)
    I2C3_ER_IRQHandler                       0x080001b7   Thumb Code     0  startup_stm32f40_41xxx.o(.text)
    I2C3_EV_IRQHandler                       0x080001b7   Thumb Code     0  startup_stm32f40_41xxx.o(.text)
    OTG_FS_IRQHandler                        0x080001b7   Thumb Code     0  startup_stm32f40_41xxx.o(.text)
    OTG_FS_WKUP_IRQHandler                   0x080001b7   Thumb Code     0  startup_stm32f40_41xxx.o(.text)
    OTG_HS_EP1_IN_IRQHandler                 0x080001b7   Thumb Code     0  startup_stm32f40_41xxx.o(.text)
    OTG_HS_EP1_OUT_IRQHandler                0x080001b7   Thumb Code     0  startup_stm32f40_41xxx.o(.text)
    OTG_HS_IRQHandler                        0x080001b7   Thumb Code     0  startup_stm32f40_41xxx.o(.text)
    OTG_HS_WKUP_IRQHandler                   0x080001b7   Thumb Code     0  startup_stm32f40_41xxx.o(.text)
    PVD_IRQHandler                           0x080001b7   Thumb Code     0  startup_stm32f40_41xxx.o(.text)
    RCC_IRQHandler                           0x080001b7   Thumb Code     0  startup_stm32f40_41xxx.o(.text)
    RTC_Alarm_IRQHandler                     0x080001b7   Thumb Code     0  startup_stm32f40_41xxx.o(.text)
    RTC_WKUP_IRQHandler                      0x080001b7   Thumb Code     0  startup_stm32f40_41xxx.o(.text)
    SDIO_IRQHandler                          0x080001b7   Thumb Code     0  startup_stm32f40_41xxx.o(.text)
    SPI1_IRQHandler                          0x080001b7   Thumb Code     0  startup_stm32f40_41xxx.o(.text)
    SPI2_IRQHandler                          0x080001b7   Thumb Code     0  startup_stm32f40_41xxx.o(.text)
    SPI3_IRQHandler                          0x080001b7   Thumb Code     0  startup_stm32f40_41xxx.o(.text)
    TAMP_STAMP_IRQHandler                    0x080001b7   Thumb Code     0  startup_stm32f40_41xxx.o(.text)
    TIM1_CC_IRQHandler                       0x080001b7   Thumb Code     0  startup_stm32f40_41xxx.o(.text)
    TIM1_TRG_COM_TIM11_IRQHandler            0x080001b7   Thumb Code     0  startup_stm32f40_41xxx.o(.text)
    TIM1_UP_TIM10_IRQHandler                 0x080001b7   Thumb Code     0  startup_stm32f40_41xxx.o(.text)
    TIM2_IRQHandler                          0x080001b7   Thumb Code     0  startup_stm32f40_41xxx.o(.text)
    TIM3_IRQHandler                          0x080001b7   Thumb Code     0  startup_stm32f40_41xxx.o(.text)
    TIM4_IRQHandler                          0x080001b7   Thumb Code     0  startup_stm32f40_41xxx.o(.text)
    TIM5_IRQHandler                          0x080001b7   Thumb Code     0  startup_stm32f40_41xxx.o(.text)
    TIM6_DAC_IRQHandler                      0x080001b7   Thumb Code     0  startup_stm32f40_41xxx.o(.text)
    TIM8_BRK_TIM12_IRQHandler                0x080001b7   Thumb Code     0  startup_stm32f40_41xxx.o(.text)
    TIM8_CC_IRQHandler                       0x080001b7   Thumb Code     0  startup_stm32f40_41xxx.o(.text)
    TIM8_TRG_COM_TIM14_IRQHandler            0x080001b7   Thumb Code     0  startup_stm32f40_41xxx.o(.text)
    TIM8_UP_TIM13_IRQHandler                 0x080001b7   Thumb Code     0  startup_stm32f40_41xxx.o(.text)
    UART4_IRQHandler                         0x080001b7   Thumb Code     0  startup_stm32f40_41xxx.o(.text)
    USART1_IRQHandler                        0x080001b7   Thumb Code     0  startup_stm32f40_41xxx.o(.text)
    USART2_IRQHandler                        0x080001b7   Thumb Code     0  startup_stm32f40_41xxx.o(.text)
    USART6_IRQHandler                        0x080001b7   Thumb Code     0  startup_stm32f40_41xxx.o(.text)
    WWDG_IRQHandler                          0x080001b7   Thumb Code     0  startup_stm32f40_41xxx.o(.text)
    strcmp                                   0x080001c1   Thumb Code    28  strcmp.o(.text)
    atoi                                     0x080001dd   Thumb Code    26  atoi.o(.text)
    __aeabi_uidiv                            0x080001f7   Thumb Code     0  uidiv.o(.text)
    __aeabi_uidivmod                         0x080001f7   Thumb Code    44  uidiv.o(.text)
    __aeabi_uldivmod                         0x08000223   Thumb Code    98  uldiv.o(.text)
    strtol                                   0x08000285   Thumb Code   112  strtol.o(.text)
    __I$use$fp                               0x080002f5   Thumb Code     0  iusefp.o(.text)
    __aeabi_dadd                             0x080002f5   Thumb Code   322  dadd.o(.text)
    __aeabi_dsub                             0x08000437   Thumb Code     6  dadd.o(.text)
    __aeabi_drsub                            0x0800043d   Thumb Code     6  dadd.o(.text)
    __aeabi_dmul                             0x08000443   Thumb Code   228  dmul.o(.text)
    __aeabi_ddiv                             0x08000527   Thumb Code   222  ddiv.o(.text)
    __aeabi_d2ulz                            0x08000605   Thumb Code    48  dfixul.o(.text)
    __aeabi_cdrcmple                         0x08000635   Thumb Code    48  cdrcmple.o(.text)
    __scatterload                            0x08000665   Thumb Code    28  init.o(.text)
    __scatterload_rt2                        0x08000665   Thumb Code     0  init.o(.text)
    __aeabi_llsl                             0x08000689   Thumb Code    30  llshl.o(.text)
    _ll_shift_l                              0x08000689   Thumb Code     0  llshl.o(.text)
    __aeabi_llsr                             0x080006a7   Thumb Code    32  llushr.o(.text)
    _ll_ushift_r                             0x080006a7   Thumb Code     0  llushr.o(.text)
    __aeabi_lasr                             0x080006c7   Thumb Code    36  llsshr.o(.text)
    _ll_sshift_r                             0x080006c7   Thumb Code     0  llsshr.o(.text)
    __rt_ctype_table                         0x080006ed   Thumb Code     4  ctype_o.o(.text)
    _strtoul                                 0x080006f5   Thumb Code   158  _strtoul.o(.text)
    _double_round                            0x08000793   Thumb Code    30  depilogue.o(.text)
    _double_epilogue                         0x080007b1   Thumb Code   156  depilogue.o(.text)
    _chval                                   0x0800084d   Thumb Code    28  _chval.o(.text)
    Action_AfterPlace                        0x08000869   Thumb Code    48  action.o(i.Action_AfterPlace)
    Action_AfterTake                         0x08000899   Thumb Code    40  action.o(i.Action_AfterTake)
    Action_First                             0x080008c1   Thumb Code    46  action.o(i.Action_First)
    Action_Place_1                           0x080008f1   Thumb Code    50  action.o(i.Action_Place_1)
    Action_Place_2                           0x08000929   Thumb Code    50  action.o(i.Action_Place_2)
    Action_Place_3                           0x08000961   Thumb Code    50  action.o(i.Action_Place_3)
    Action_Take_1                            0x08000999   Thumb Code    48  action.o(i.Action_Take_1)
    Action_Take_2                            0x080009cd   Thumb Code    48  action.o(i.Action_Take_2)
    Action_Take_3                            0x08000a01   Thumb Code    48  action.o(i.Action_Take_3)
    Beep_Init                                0x08000a35   Thumb Code    60  beep.o(i.Beep_Init)
    BusFault_Handler                         0x08000a75   Thumb Code     2  stm32f4xx_it.o(i.BusFault_Handler)
    Car_TrackBack                            0x08000a79   Thumb Code   122  move.o(i.Car_TrackBack)
    Car_TrackFront                           0x08000b0d   Thumb Code   122  move.o(i.Car_TrackFront)
    Car_TrackLeft                            0x08000ba1   Thumb Code   122  move.o(i.Car_TrackLeft)
    Car_TrackRight                           0x08000c35   Thumb Code   120  move.o(i.Car_TrackRight)
    DebugMon_Handler                         0x08000cc1   Thumb Code     2  stm32f4xx_it.o(i.DebugMon_Handler)
    EXTI0_IRQHandler                         0x08000cc5   Thumb Code    46  sensor.o(i.EXTI0_IRQHandler)
    EXTI15_10_IRQHandler                     0x08000cfd   Thumb Code    50  sensor.o(i.EXTI15_10_IRQHandler)
    EXTI3_IRQHandler                         0x08000d39   Thumb Code    46  sensor.o(i.EXTI3_IRQHandler)
    EXTI9_5_IRQHandler                       0x08000d71   Thumb Code    46  sensor.o(i.EXTI9_5_IRQHandler)
    EXTI_ClearITPendingBit                   0x08000da9   Thumb Code     6  stm32f4xx_exti.o(i.EXTI_ClearITPendingBit)
    EXTI_GetITStatus                         0x08000db5   Thumb Code    16  stm32f4xx_exti.o(i.EXTI_GetITStatus)
    EXTI_Init                                0x08000dc9   Thumb Code   136  stm32f4xx_exti.o(i.EXTI_Init)
    Encoder_MotorA_Init                      0x08000e59   Thumb Code   186  encoder.o(i.Encoder_MotorA_Init)
    Encoder_MotorB_Init                      0x08000f1d   Thumb Code   154  encoder.o(i.Encoder_MotorB_Init)
    Encoder_MotorC_Init                      0x08000fc5   Thumb Code   154  encoder.o(i.Encoder_MotorC_Init)
    Encoder_MotorD_Init                      0x0800106d   Thumb Code   154  encoder.o(i.Encoder_MotorD_Init)
    GPIO_Init                                0x08001115   Thumb Code   158  stm32f4xx_gpio.o(i.GPIO_Init)
    GPIO_PinAFConfig                         0x080011b3   Thumb Code    34  stm32f4xx_gpio.o(i.GPIO_PinAFConfig)
    GPIO_ReadInputDataBit                    0x080011d5   Thumb Code    14  stm32f4xx_gpio.o(i.GPIO_ReadInputDataBit)
    GPIO_ResetBits                           0x080011e3   Thumb Code     4  stm32f4xx_gpio.o(i.GPIO_ResetBits)
    HardFault_Handler                        0x080011e7   Thumb Code     2  stm32f4xx_it.o(i.HardFault_Handler)
    IIC_Init                                 0x080011e9   Thumb Code    62  myiic.o(i.IIC_Init)
    IIC_Send_Byte                            0x08001231   Thumb Code    94  myiic.o(i.IIC_Send_Byte)
    IIC_Start                                0x08001299   Thumb Code    56  myiic.o(i.IIC_Start)
    IIC_Stop                                 0x080012d9   Thumb Code    58  myiic.o(i.IIC_Stop)
    IIC_Wait_Ack                             0x0800131d   Thumb Code   128  myiic.o(i.IIC_Wait_Ack)
    Incremental_PI_MotorA                    0x080013a5   Thumb Code    92  control.o(i.Incremental_PI_MotorA)
    Incremental_PI_MotorB                    0x08001409   Thumb Code    92  control.o(i.Incremental_PI_MotorB)
    Incremental_PI_MotorC                    0x0800146d   Thumb Code    92  control.o(i.Incremental_PI_MotorC)
    Incremental_PI_MotorD                    0x080014d1   Thumb Code    92  control.o(i.Incremental_PI_MotorD)
    KEY_Init                                 0x08001535   Thumb Code    46  key.o(i.KEY_Init)
    KEY_Scan                                 0x08001569   Thumb Code   156  key.o(i.KEY_Scan)
    Kinematic_Analysis                       0x0800160d   Thumb Code    30  move.o(i.Kinematic_Analysis)
    MemManage_Handler                        0x0800163d   Thumb Code     2  stm32f4xx_it.o(i.MemManage_Handler)
    Motor_Init                               0x08001641   Thumb Code   238  motor.o(i.Motor_Init)
    Motor_Pin_Init                           0x08001739   Thumb Code   136  motor.o(i.Motor_Pin_Init)
    NMI_Handler                              0x080017d1   Thumb Code     2  stm32f4xx_it.o(i.NMI_Handler)
    NVIC_Init                                0x080017d5   Thumb Code   110  misc.o(i.NVIC_Init)
    NVIC_PriorityGroupConfig                 0x08001849   Thumb Code    14  misc.o(i.NVIC_PriorityGroupConfig)
    OLED_Clear                               0x0800185d   Thumb Code    86  oled.o(i.OLED_Clear)
    OLED_Init                                0x080018b3   Thumb Code   272  oled.o(i.OLED_Init)
    OLED_Set_Pos                             0x080019c3   Thumb Code    40  oled.o(i.OLED_Set_Pos)
    OLED_ShowCHinese                         0x080019ed   Thumb Code   136  oled.o(i.OLED_ShowCHinese)
    OLED_ShowNum                             0x08001a79   Thumb Code    68  oled.o(i.OLED_ShowNum)
    OLED_ShowString                          0x08001ac5   Thumb Code   254  oled.o(i.OLED_ShowString)
    OLED_WrCmd                               0x08001bc9   Thumb Code    50  oled.o(i.OLED_WrCmd)
    PendSV_Handler                           0x08001bfb   Thumb Code     2  stm32f4xx_it.o(i.PendSV_Handler)
    PlaceColor_Init                          0x08001bfd   Thumb Code    16  strategy.o(i.PlaceColor_Init)
    RCC_AHB1PeriphClockCmd                   0x08001c11   Thumb Code    18  stm32f4xx_rcc.o(i.RCC_AHB1PeriphClockCmd)
    RCC_APB1PeriphClockCmd                   0x08001c29   Thumb Code    18  stm32f4xx_rcc.o(i.RCC_APB1PeriphClockCmd)
    RCC_APB1PeriphResetCmd                   0x08001c41   Thumb Code    18  stm32f4xx_rcc.o(i.RCC_APB1PeriphResetCmd)
    RCC_APB2PeriphClockCmd                   0x08001c59   Thumb Code    18  stm32f4xx_rcc.o(i.RCC_APB2PeriphClockCmd)
    RCC_APB2PeriphResetCmd                   0x08001c71   Thumb Code    18  stm32f4xx_rcc.o(i.RCC_APB2PeriphResetCmd)
    RCC_GetClocksFreq                        0x08001c89   Thumb Code   118  stm32f4xx_rcc.o(i.RCC_GetClocksFreq)
    Read_Encoder                             0x08001d11   Thumb Code    64  encoder.o(i.Read_Encoder)
    SVC_Handler                              0x08001d5d   Thumb Code     2  stm32f4xx_it.o(i.SVC_Handler)
    SYSCFG_EXTILineConfig                    0x08001d5f   Thumb Code    46  stm32f4xx_syscfg.o(i.SYSCFG_EXTILineConfig)
    Sensor_Track_Init                        0x08001d8d   Thumb Code   256  sensor.o(i.Sensor_Track_Init)
    Servo1_SpeedRegulation                   0x08001e99   Thumb Code   174  servo.o(i.Servo1_SpeedRegulation)
    Servo2_SpeedRegulation                   0x08001f59   Thumb Code   174  servo.o(i.Servo2_SpeedRegulation)
    Servo3_SpeedRegulation                   0x08002019   Thumb Code   174  servo.o(i.Servo3_SpeedRegulation)
    Servo4_SpeedRegulation                   0x080020d9   Thumb Code   174  servo.o(i.Servo4_SpeedRegulation)
    Servo_Init                               0x08002199   Thumb Code   228  servo.o(i.Servo_Init)
    Set_PWM                                  0x08002285   Thumb Code   138  control.o(i.Set_PWM)
    Strategy_MaterialColor                   0x08002331   Thumb Code   392  strategy.o(i.Strategy_MaterialColor)
    Strategy_QrcodeSquence                   0x080024e1   Thumb Code   538  strategy.o(i.Strategy_QrcodeSquence)
    SysTick_CLKSourceConfig                  0x0800270d   Thumb Code    22  misc.o(i.SysTick_CLKSourceConfig)
    SysTick_Handler                          0x08002723   Thumb Code     2  stm32f4xx_it.o(i.SysTick_Handler)
    SystemInit                               0x08002725   Thumb Code   238  system_stm32f4xx.o(i.SystemInit)
    TIM1_BRK_TIM9_IRQHandler                 0x08002879   Thumb Code    44  uart5.o(i.TIM1_BRK_TIM9_IRQHandler)
    TIM7_IRQHandler                          0x080028ad   Thumb Code   142  timer.o(i.TIM7_IRQHandler)
    TIM7_Int_Init                            0x08002971   Thumb Code    92  timer.o(i.TIM7_Int_Init)
    TIM9_Int_Init                            0x080029d1   Thumb Code    90  uart5.o(i.TIM9_Int_Init)
    TIM_ClearITPendingBit                    0x08002a31   Thumb Code     6  stm32f4xx_tim.o(i.TIM_ClearITPendingBit)
    TIM_Cmd                                  0x08002a37   Thumb Code    18  stm32f4xx_tim.o(i.TIM_Cmd)
    TIM_CtrlPWMOutputs                       0x08002a49   Thumb Code    22  stm32f4xx_tim.o(i.TIM_CtrlPWMOutputs)
    TIM_DeInit                               0x08002a5f   Thumb Code   436  stm32f4xx_tim.o(i.TIM_DeInit)
    TIM_EncoderInterfaceConfig               0x08002c13   Thumb Code    60  stm32f4xx_tim.o(i.TIM_EncoderInterfaceConfig)
    TIM_GetITStatus                          0x08002c4f   Thumb Code    22  stm32f4xx_tim.o(i.TIM_GetITStatus)
    TIM_ICInit                               0x08002c65   Thumb Code   250  stm32f4xx_tim.o(i.TIM_ICInit)
    TIM_ICStructInit                         0x08002d5f   Thumb Code    16  stm32f4xx_tim.o(i.TIM_ICStructInit)
    TIM_ITConfig                             0x08002d6f   Thumb Code    16  stm32f4xx_tim.o(i.TIM_ITConfig)
    TIM_OC1Init                              0x08002d7f   Thumb Code   104  stm32f4xx_tim.o(i.TIM_OC1Init)
    TIM_OC1PreloadConfig                     0x08002de7   Thumb Code    12  stm32f4xx_tim.o(i.TIM_OC1PreloadConfig)
    TIM_OC2Init                              0x08002df3   Thumb Code   134  stm32f4xx_tim.o(i.TIM_OC2Init)
    TIM_OC2PreloadConfig                     0x08002e79   Thumb Code    20  stm32f4xx_tim.o(i.TIM_OC2PreloadConfig)
    TIM_OC3Init                              0x08002e8d   Thumb Code   132  stm32f4xx_tim.o(i.TIM_OC3Init)
    TIM_OC3PreloadConfig                     0x08002f11   Thumb Code    12  stm32f4xx_tim.o(i.TIM_OC3PreloadConfig)
    TIM_OC4Init                              0x08002f1d   Thumb Code   104  stm32f4xx_tim.o(i.TIM_OC4Init)
    TIM_OC4PreloadConfig                     0x08002f85   Thumb Code    20  stm32f4xx_tim.o(i.TIM_OC4PreloadConfig)
    TIM_OCStructInit                         0x08002f99   Thumb Code    20  stm32f4xx_tim.o(i.TIM_OCStructInit)
    TIM_SetCompare1                          0x08002fad   Thumb Code     4  stm32f4xx_tim.o(i.TIM_SetCompare1)
    TIM_SetCompare2                          0x08002fb1   Thumb Code     4  stm32f4xx_tim.o(i.TIM_SetCompare2)
    TIM_SetCompare3                          0x08002fb5   Thumb Code     4  stm32f4xx_tim.o(i.TIM_SetCompare3)
    TIM_SetCompare4                          0x08002fb9   Thumb Code     4  stm32f4xx_tim.o(i.TIM_SetCompare4)
    TIM_SetCounter                           0x08002fbd   Thumb Code     4  stm32f4xx_tim.o(i.TIM_SetCounter)
    TIM_TimeBaseInit                         0x08002fc1   Thumb Code   120  stm32f4xx_tim.o(i.TIM_TimeBaseInit)
    Task_Full                                0x08003041   Thumb Code   336  task.o(i.Task_Full)
    Task_OLED                                0x080031a5   Thumb Code   110  task.o(i.Task_OLED)
    Task_TestSensor                          0x08003219   Thumb Code   154  task.o(i.Task_TestSensor)
    UART5_IRQHandler                         0x080032ed   Thumb Code    84  uart5.o(i.UART5_IRQHandler)
    USART3_IRQHandler                        0x08003351   Thumb Code   102  usart3.o(i.USART3_IRQHandler)
    USART_Cmd                                0x080033c5   Thumb Code    18  stm32f4xx_usart.o(i.USART_Cmd)
    USART_GetITStatus                        0x080033d7   Thumb Code    66  stm32f4xx_usart.o(i.USART_GetITStatus)
    USART_ITConfig                           0x08003419   Thumb Code    48  stm32f4xx_usart.o(i.USART_ITConfig)
    USART_Init                               0x08003449   Thumb Code   180  stm32f4xx_usart.o(i.USART_Init)
    USART_ReceiveData                        0x08003501   Thumb Code     8  stm32f4xx_usart.o(i.USART_ReceiveData)
    UsageFault_Handler                       0x08003509   Thumb Code     2  stm32f4xx_it.o(i.UsageFault_Handler)
    __0sprintf                               0x0800350d   Thumb Code    34  printfa.o(i.__0sprintf)
    __1sprintf                               0x0800350d   Thumb Code     0  printfa.o(i.__0sprintf)
    __2sprintf                               0x0800350d   Thumb Code     0  printfa.o(i.__0sprintf)
    __c89sprintf                             0x0800350d   Thumb Code     0  printfa.o(i.__0sprintf)
    sprintf                                  0x0800350d   Thumb Code     0  printfa.o(i.__0sprintf)
    __aeabi_errno_addr                       0x08003535   Thumb Code     4  errno.o(i.__aeabi_errno_addr)
    __rt_errno_addr                          0x08003535   Thumb Code     0  errno.o(i.__aeabi_errno_addr)
    __scatterload_copy                       0x0800353d   Thumb Code    14  handlers.o(i.__scatterload_copy)
    __scatterload_null                       0x0800354b   Thumb Code     2  handlers.o(i.__scatterload_null)
    __scatterload_zeroinit                   0x0800354d   Thumb Code    14  handlers.o(i.__scatterload_zeroinit)
    delay_init                               0x08003e19   Thumb Code    38  delay.o(i.delay_init)
    delay_ms                                 0x08003e45   Thumb Code   100  delay.o(i.delay_ms)
    delay_us                                 0x08003ead   Thumb Code    50  delay.o(i.delay_us)
    delay_xms                                0x08003ee5   Thumb Code    50  delay.o(i.delay_xms)
    main                                     0x08003f1d   Thumb Code   170  main.o(i.main)
    uart5_Init                               0x08003fcd   Thumb Code   214  uart5.o(i.uart5_Init)
    usart3_Init                              0x080040b1   Thumb Code   162  usart3.o(i.usart3_Init)
    F16x16                                   0x0800415c   Data         384  oled.o(.constdata)
    F6x8                                     0x080042dc   Data         552  oled.o(.constdata)
    F8X16                                    0x08004504   Data        1520  oled.o(.constdata)
    __ctype_table                            0x08004af4   Data         129  ctype_o.o(.constdata)
    Region$$Table$$Base                      0x08004b7c   Number         0  anon$$obj.o(Region$$Table)
    Region$$Table$$Limit                     0x08004b9c   Number         0  anon$$obj.o(Region$$Table)
    Motor_A                                  0x20000000   Data           4  main.o(.data)
    Motor_B                                  0x20000004   Data           4  main.o(.data)
    Motor_C                                  0x20000008   Data           4  main.o(.data)
    Motor_D                                  0x2000000c   Data           4  main.o(.data)
    Encoder_A                                0x20000010   Data           4  main.o(.data)
    Encoder_B                                0x20000014   Data           4  main.o(.data)
    Encoder_C                                0x20000018   Data           4  main.o(.data)
    Encoder_D                                0x2000001c   Data           4  main.o(.data)
    Target_A                                 0x20000020   Data           4  main.o(.data)
    Target_B                                 0x20000024   Data           4  main.o(.data)
    Target_C                                 0x20000028   Data           4  main.o(.data)
    Target_D                                 0x2000002c   Data           4  main.o(.data)
    key                                      0x20000030   Data           1  main.o(.data)
    COUNT_FRONT_L                            0x20000031   Data           1  main.o(.data)
    COUNT_FRONT_R                            0x20000032   Data           1  main.o(.data)
    COUNT_RIGHT_U                            0x20000033   Data           1  main.o(.data)
    COUNT_RIGHT_D                            0x20000034   Data           1  main.o(.data)
    USART3_RX_STA                            0x20000048   Data           2  usart3.o(.data)
    Kp                                       0x2000004c   Data           4  control.o(.data)
    Ki                                       0x20000050   Data           4  control.o(.data)
    UART5_RX_STA                             0x20000086   Data           2  uart5.o(.data)
    FLAG_QR                                  0x20000088   Data           1  strategy.o(.data)
    PLACE_R                                  0x20000089   Data           1  strategy.o(.data)
    PLACE_G                                  0x2000008a   Data           1  strategy.o(.data)
    PLACE_B                                  0x2000008b   Data           1  strategy.o(.data)
    TAKE_R                                   0x2000008c   Data           1  strategy.o(.data)
    TAKE_G                                   0x2000008d   Data           1  strategy.o(.data)
    TAKE_B                                   0x2000008e   Data           1  strategy.o(.data)
    QrcodeNum                                0x20000090   Data           2  strategy.o(.data)
    angle_Take                               0x20000092   Data           3  strategy.o(.data)
    angle_Place                              0x20000095   Data           3  strategy.o(.data)
    USART3_RX_BUF                            0x200000b0   Data         255  usart3.o(.bss)
    USART3_TX_BUF                            0x200001b0   Data         255  usart3.o(.bss)
    UART5_RX_BUF                             0x200002b0   Data         255  uart5.o(.bss)
    UART5_TX_BUF                             0x200003b0   Data         255  uart5.o(.bss)
    __initial_sp                             0x200008b0   Data           0  startup_stm32f40_41xxx.o(STACK)



==============================================================================

Memory Map of the image

  Image Entry point : 0x08000189

  Load Region LR_IROM1 (Base: 0x08000000, Size: 0x00004c4c, Max: 0x00100000, ABSOLUTE)

    Execution Region ER_IROM1 (Exec base: 0x08000000, Load base: 0x08000000, Size: 0x00004b9c, Max: 0x00100000, ABSOLUTE)

    Exec Addr    Load Addr    Size         Type   Attr      Idx    E Section Name        Object

    0x08000000   0x08000000   0x00000188   Data   RO         1400    RESET               startup_stm32f40_41xxx.o
    0x08000188   0x08000188   0x00000000   Code   RO         2753  * .ARM.Collect$$$$00000000  mc_w.l(entry.o)
    0x08000188   0x08000188   0x00000004   Code   RO         3042    .ARM.Collect$$$$00000001  mc_w.l(entry2.o)
    0x0800018c   0x0800018c   0x00000004   Code   RO         3045    .ARM.Collect$$$$00000004  mc_w.l(entry5.o)
    0x08000190   0x08000190   0x00000000   Code   RO         3047    .ARM.Collect$$$$00000008  mc_w.l(entry7b.o)
    0x08000190   0x08000190   0x00000000   Code   RO         3049    .ARM.Collect$$$$0000000A  mc_w.l(entry8b.o)
    0x08000190   0x08000190   0x00000008   Code   RO         3050    .ARM.Collect$$$$0000000B  mc_w.l(entry9a.o)
    0x08000198   0x08000198   0x00000000   Code   RO         3052    .ARM.Collect$$$$0000000D  mc_w.l(entry10a.o)
    0x08000198   0x08000198   0x00000000   Code   RO         3054    .ARM.Collect$$$$0000000F  mc_w.l(entry11a.o)
    0x08000198   0x08000198   0x00000004   Code   RO         3043    .ARM.Collect$$$$00002712  mc_w.l(entry2.o)
    0x0800019c   0x0800019c   0x00000024   Code   RO         1401    .text               startup_stm32f40_41xxx.o
    0x080001c0   0x080001c0   0x0000001c   Code   RO         2758    .text               mc_w.l(strcmp.o)
    0x080001dc   0x080001dc   0x0000001a   Code   RO         3021    .text               mc_w.l(atoi.o)
    0x080001f6   0x080001f6   0x0000002c   Code   RO         3059    .text               mc_w.l(uidiv.o)
    0x08000222   0x08000222   0x00000062   Code   RO         3061    .text               mc_w.l(uldiv.o)
    0x08000284   0x08000284   0x00000070   Code   RO         3070    .text               mc_w.l(strtol.o)
    0x080002f4   0x080002f4   0x00000000   Code   RO         3072    .text               mc_w.l(iusefp.o)
    0x080002f4   0x080002f4   0x0000014e   Code   RO         3073    .text               mf_w.l(dadd.o)
    0x08000442   0x08000442   0x000000e4   Code   RO         3075    .text               mf_w.l(dmul.o)
    0x08000526   0x08000526   0x000000de   Code   RO         3077    .text               mf_w.l(ddiv.o)
    0x08000604   0x08000604   0x00000030   Code   RO         3079    .text               mf_w.l(dfixul.o)
    0x08000634   0x08000634   0x00000030   Code   RO         3081    .text               mf_w.l(cdrcmple.o)
    0x08000664   0x08000664   0x00000024   Code   RO         3083    .text               mc_w.l(init.o)
    0x08000688   0x08000688   0x0000001e   Code   RO         3086    .text               mc_w.l(llshl.o)
    0x080006a6   0x080006a6   0x00000020   Code   RO         3088    .text               mc_w.l(llushr.o)
    0x080006c6   0x080006c6   0x00000024   Code   RO         3090    .text               mc_w.l(llsshr.o)
    0x080006ea   0x080006ea   0x00000002   PAD
    0x080006ec   0x080006ec   0x00000008   Code   RO         3092    .text               mc_w.l(ctype_o.o)
    0x080006f4   0x080006f4   0x0000009e   Code   RO         3120    .text               mc_w.l(_strtoul.o)
    0x08000792   0x08000792   0x000000ba   Code   RO         3123    .text               mf_w.l(depilogue.o)
    0x0800084c   0x0800084c   0x0000001c   Code   RO         3125    .text               mc_w.l(_chval.o)
    0x08000868   0x08000868   0x00000030   Code   RO         1225    i.Action_AfterPlace  action.o
    0x08000898   0x08000898   0x00000028   Code   RO         1226    i.Action_AfterTake  action.o
    0x080008c0   0x080008c0   0x0000002e   Code   RO         1227    i.Action_First      action.o
    0x080008ee   0x080008ee   0x00000002   PAD
    0x080008f0   0x080008f0   0x00000038   Code   RO         1228    i.Action_Place_1    action.o
    0x08000928   0x08000928   0x00000038   Code   RO         1229    i.Action_Place_2    action.o
    0x08000960   0x08000960   0x00000038   Code   RO         1230    i.Action_Place_3    action.o
    0x08000998   0x08000998   0x00000034   Code   RO         1231    i.Action_Take_1     action.o
    0x080009cc   0x080009cc   0x00000034   Code   RO         1232    i.Action_Take_2     action.o
    0x08000a00   0x08000a00   0x00000034   Code   RO         1233    i.Action_Take_3     action.o
    0x08000a34   0x08000a34   0x00000040   Code   RO          523    i.Beep_Init         beep.o
    0x08000a74   0x08000a74   0x00000002   Code   RO          206    i.BusFault_Handler  stm32f4xx_it.o
    0x08000a76   0x08000a76   0x00000002   PAD
    0x08000a78   0x08000a78   0x00000094   Code   RO          737    i.Car_TrackBack     move.o
    0x08000b0c   0x08000b0c   0x00000094   Code   RO          738    i.Car_TrackFront    move.o
    0x08000ba0   0x08000ba0   0x00000094   Code   RO          739    i.Car_TrackLeft     move.o
    0x08000c34   0x08000c34   0x0000008c   Code   RO          740    i.Car_TrackRight    move.o
    0x08000cc0   0x08000cc0   0x00000002   Code   RO          207    i.DebugMon_Handler  stm32f4xx_it.o
    0x08000cc2   0x08000cc2   0x00000002   PAD
    0x08000cc4   0x08000cc4   0x00000038   Code   RO          643    i.EXTI0_IRQHandler  sensor.o
    0x08000cfc   0x08000cfc   0x0000003c   Code   RO          644    i.EXTI15_10_IRQHandler  sensor.o
    0x08000d38   0x08000d38   0x00000038   Code   RO          645    i.EXTI3_IRQHandler  sensor.o
    0x08000d70   0x08000d70   0x00000038   Code   RO          646    i.EXTI9_5_IRQHandler  sensor.o
    0x08000da8   0x08000da8   0x0000000c   Code   RO         2670    i.EXTI_ClearITPendingBit  stm32f4xx_exti.o
    0x08000db4   0x08000db4   0x00000014   Code   RO         2674    i.EXTI_GetITStatus  stm32f4xx_exti.o
    0x08000dc8   0x08000dc8   0x00000090   Code   RO         2675    i.EXTI_Init         stm32f4xx_exti.o
    0x08000e58   0x08000e58   0x000000c4   Code   RO          549    i.Encoder_MotorA_Init  encoder.o
    0x08000f1c   0x08000f1c   0x000000a8   Code   RO          550    i.Encoder_MotorB_Init  encoder.o
    0x08000fc4   0x08000fc4   0x000000a8   Code   RO          551    i.Encoder_MotorC_Init  encoder.o
    0x0800106c   0x0800106c   0x000000a8   Code   RO          552    i.Encoder_MotorD_Init  encoder.o
    0x08001114   0x08001114   0x0000009e   Code   RO         1452    i.GPIO_Init         stm32f4xx_gpio.o
    0x080011b2   0x080011b2   0x00000022   Code   RO         1453    i.GPIO_PinAFConfig  stm32f4xx_gpio.o
    0x080011d4   0x080011d4   0x0000000e   Code   RO         1456    i.GPIO_ReadInputDataBit  stm32f4xx_gpio.o
    0x080011e2   0x080011e2   0x00000004   Code   RO         1459    i.GPIO_ResetBits    stm32f4xx_gpio.o
    0x080011e6   0x080011e6   0x00000002   Code   RO          208    i.HardFault_Handler  stm32f4xx_it.o
    0x080011e8   0x080011e8   0x00000048   Code   RO          816    i.IIC_Init          myiic.o
    0x08001230   0x08001230   0x00000068   Code   RO          819    i.IIC_Send_Byte     myiic.o
    0x08001298   0x08001298   0x00000040   Code   RO          820    i.IIC_Start         myiic.o
    0x080012d8   0x080012d8   0x00000044   Code   RO          821    i.IIC_Stop          myiic.o
    0x0800131c   0x0800131c   0x00000088   Code   RO          822    i.IIC_Wait_Ack      myiic.o
    0x080013a4   0x080013a4   0x00000064   Code   RO          688    i.Incremental_PI_MotorA  control.o
    0x08001408   0x08001408   0x00000064   Code   RO          689    i.Incremental_PI_MotorB  control.o
    0x0800146c   0x0800146c   0x00000064   Code   RO          690    i.Incremental_PI_MotorC  control.o
    0x080014d0   0x080014d0   0x00000064   Code   RO          691    i.Incremental_PI_MotorD  control.o
    0x08001534   0x08001534   0x00000034   Code   RO          968    i.KEY_Init          key.o
    0x08001568   0x08001568   0x000000a4   Code   RO          969    i.KEY_Scan          key.o
    0x0800160c   0x0800160c   0x00000030   Code   RO          741    i.Kinematic_Analysis  move.o
    0x0800163c   0x0800163c   0x00000002   Code   RO          209    i.MemManage_Handler  stm32f4xx_it.o
    0x0800163e   0x0800163e   0x00000002   PAD
    0x08001640   0x08001640   0x000000f8   Code   RO          497    i.Motor_Init        motor.o
    0x08001738   0x08001738   0x00000098   Code   RO          498    i.Motor_Pin_Init    motor.o
    0x080017d0   0x080017d0   0x00000002   Code   RO          210    i.NMI_Handler       stm32f4xx_it.o
    0x080017d2   0x080017d2   0x00000002   PAD
    0x080017d4   0x080017d4   0x00000074   Code   RO         1407    i.NVIC_Init         misc.o
    0x08001848   0x08001848   0x00000014   Code   RO         1408    i.NVIC_PriorityGroupConfig  misc.o
    0x0800185c   0x0800185c   0x00000056   Code   RO          882    i.OLED_Clear        oled.o
    0x080018b2   0x080018b2   0x00000110   Code   RO          884    i.OLED_Init         oled.o
    0x080019c2   0x080019c2   0x00000028   Code   RO          886    i.OLED_Set_Pos      oled.o
    0x080019ea   0x080019ea   0x00000002   PAD
    0x080019ec   0x080019ec   0x0000008c   Code   RO          887    i.OLED_ShowCHinese  oled.o
    0x08001a78   0x08001a78   0x0000004c   Code   RO          888    i.OLED_ShowNum      oled.o
    0x08001ac4   0x08001ac4   0x00000104   Code   RO          889    i.OLED_ShowString   oled.o
    0x08001bc8   0x08001bc8   0x00000032   Code   RO          890    i.OLED_WrCmd        oled.o
    0x08001bfa   0x08001bfa   0x00000002   Code   RO          211    i.PendSV_Handler    stm32f4xx_it.o
    0x08001bfc   0x08001bfc   0x00000014   Code   RO         1184    i.PlaceColor_Init   strategy.o
    0x08001c10   0x08001c10   0x00000018   Code   RO         1549    i.RCC_AHB1PeriphClockCmd  stm32f4xx_rcc.o
    0x08001c28   0x08001c28   0x00000018   Code   RO         1558    i.RCC_APB1PeriphClockCmd  stm32f4xx_rcc.o
    0x08001c40   0x08001c40   0x00000018   Code   RO         1560    i.RCC_APB1PeriphResetCmd  stm32f4xx_rcc.o
    0x08001c58   0x08001c58   0x00000018   Code   RO         1561    i.RCC_APB2PeriphClockCmd  stm32f4xx_rcc.o
    0x08001c70   0x08001c70   0x00000018   Code   RO         1563    i.RCC_APB2PeriphResetCmd  stm32f4xx_rcc.o
    0x08001c88   0x08001c88   0x00000088   Code   RO         1570    i.RCC_GetClocksFreq  stm32f4xx_rcc.o
    0x08001d10   0x08001d10   0x0000004c   Code   RO          553    i.Read_Encoder      encoder.o
    0x08001d5c   0x08001d5c   0x00000002   Code   RO          212    i.SVC_Handler       stm32f4xx_it.o
    0x08001d5e   0x08001d5e   0x0000002e   Code   RO         1886    i.SYSCFG_EXTILineConfig  stm32f4xx_syscfg.o
    0x08001d8c   0x08001d8c   0x0000010c   Code   RO          647    i.Sensor_Track_Init  sensor.o
    0x08001e98   0x08001e98   0x000000c0   Code   RO          370    i.Servo1_SpeedRegulation  servo.o
    0x08001f58   0x08001f58   0x000000c0   Code   RO          372    i.Servo2_SpeedRegulation  servo.o
    0x08002018   0x08002018   0x000000c0   Code   RO          374    i.Servo3_SpeedRegulation  servo.o
    0x080020d8   0x080020d8   0x000000c0   Code   RO          376    i.Servo4_SpeedRegulation  servo.o
    0x08002198   0x08002198   0x000000ec   Code   RO          377    i.Servo_Init        servo.o
    0x08002284   0x08002284   0x000000ac   Code   RO          692    i.Set_PWM           control.o
    0x08002330   0x08002330   0x000001b0   Code   RO         1185    i.Strategy_MaterialColor  strategy.o
    0x080024e0   0x080024e0   0x0000022c   Code   RO         1186    i.Strategy_QrcodeSquence  strategy.o
    0x0800270c   0x0800270c   0x00000016   Code   RO         1411    i.SysTick_CLKSourceConfig  misc.o
    0x08002722   0x08002722   0x00000002   Code   RO          213    i.SysTick_Handler   stm32f4xx_it.o
    0x08002724   0x08002724   0x00000114   Code   RO          304    i.SystemInit        system_stm32f4xx.o
    0x08002838   0x08002838   0x0000003e   Code   RO         2127    i.TI2_Config        stm32f4xx_tim.o
    0x08002876   0x08002876   0x00000002   PAD
    0x08002878   0x08002878   0x00000034   Code   RO         1098    i.TIM1_BRK_TIM9_IRQHandler  uart5.o
    0x080028ac   0x080028ac   0x000000c4   Code   RO          335    i.TIM7_IRQHandler   timer.o
    0x08002970   0x08002970   0x00000060   Code   RO          336    i.TIM7_Int_Init     timer.o
    0x080029d0   0x080029d0   0x00000060   Code   RO         1099    i.TIM9_Int_Init     uart5.o
    0x08002a30   0x08002a30   0x00000006   Code   RO         2135    i.TIM_ClearITPendingBit  stm32f4xx_tim.o
    0x08002a36   0x08002a36   0x00000012   Code   RO         2140    i.TIM_Cmd           stm32f4xx_tim.o
    0x08002a48   0x08002a48   0x00000016   Code   RO         2142    i.TIM_CtrlPWMOutputs  stm32f4xx_tim.o
    0x08002a5e   0x08002a5e   0x000001b4   Code   RO         2145    i.TIM_DeInit        stm32f4xx_tim.o
    0x08002c12   0x08002c12   0x0000003c   Code   RO         2149    i.TIM_EncoderInterfaceConfig  stm32f4xx_tim.o
    0x08002c4e   0x08002c4e   0x00000016   Code   RO         2161    i.TIM_GetITStatus   stm32f4xx_tim.o
    0x08002c64   0x08002c64   0x000000fa   Code   RO         2163    i.TIM_ICInit        stm32f4xx_tim.o
    0x08002d5e   0x08002d5e   0x00000010   Code   RO         2164    i.TIM_ICStructInit  stm32f4xx_tim.o
    0x08002d6e   0x08002d6e   0x00000010   Code   RO         2165    i.TIM_ITConfig      stm32f4xx_tim.o
    0x08002d7e   0x08002d7e   0x00000068   Code   RO         2169    i.TIM_OC1Init       stm32f4xx_tim.o
    0x08002de6   0x08002de6   0x0000000c   Code   RO         2172    i.TIM_OC1PreloadConfig  stm32f4xx_tim.o
    0x08002df2   0x08002df2   0x00000086   Code   RO         2174    i.TIM_OC2Init       stm32f4xx_tim.o
    0x08002e78   0x08002e78   0x00000014   Code   RO         2177    i.TIM_OC2PreloadConfig  stm32f4xx_tim.o
    0x08002e8c   0x08002e8c   0x00000084   Code   RO         2179    i.TIM_OC3Init       stm32f4xx_tim.o
    0x08002f10   0x08002f10   0x0000000c   Code   RO         2182    i.TIM_OC3PreloadConfig  stm32f4xx_tim.o
    0x08002f1c   0x08002f1c   0x00000068   Code   RO         2184    i.TIM_OC4Init       stm32f4xx_tim.o
    0x08002f84   0x08002f84   0x00000014   Code   RO         2186    i.TIM_OC4PreloadConfig  stm32f4xx_tim.o
    0x08002f98   0x08002f98   0x00000014   Code   RO         2187    i.TIM_OCStructInit  stm32f4xx_tim.o
    0x08002fac   0x08002fac   0x00000004   Code   RO         2202    i.TIM_SetCompare1   stm32f4xx_tim.o
    0x08002fb0   0x08002fb0   0x00000004   Code   RO         2203    i.TIM_SetCompare2   stm32f4xx_tim.o
    0x08002fb4   0x08002fb4   0x00000004   Code   RO         2204    i.TIM_SetCompare3   stm32f4xx_tim.o
    0x08002fb8   0x08002fb8   0x00000004   Code   RO         2205    i.TIM_SetCompare4   stm32f4xx_tim.o
    0x08002fbc   0x08002fbc   0x00000004   Code   RO         2206    i.TIM_SetCounter    stm32f4xx_tim.o
    0x08002fc0   0x08002fc0   0x00000080   Code   RO         2212    i.TIM_TimeBaseInit  stm32f4xx_tim.o
    0x08003040   0x08003040   0x00000164   Code   RO          995    i.Task_Full         task.o
    0x080031a4   0x080031a4   0x00000074   Code   RO         1004    i.Task_OLED         task.o
    0x08003218   0x08003218   0x000000d4   Code   RO         1009    i.Task_TestSensor   task.o
    0x080032ec   0x080032ec   0x00000064   Code   RO         1100    i.UART5_IRQHandler  uart5.o
    0x08003350   0x08003350   0x00000074   Code   RO          442    i.USART3_IRQHandler  usart3.o
    0x080033c4   0x080033c4   0x00000012   Code   RO         1943    i.USART_Cmd         stm32f4xx_usart.o
    0x080033d6   0x080033d6   0x00000042   Code   RO         1947    i.USART_GetITStatus  stm32f4xx_usart.o
    0x08003418   0x08003418   0x00000030   Code   RO         1949    i.USART_ITConfig    stm32f4xx_usart.o
    0x08003448   0x08003448   0x000000b8   Code   RO         1950    i.USART_Init        stm32f4xx_usart.o
    0x08003500   0x08003500   0x00000008   Code   RO         1957    i.USART_ReceiveData  stm32f4xx_usart.o
    0x08003508   0x08003508   0x00000002   Code   RO          214    i.UsageFault_Handler  stm32f4xx_it.o
    0x0800350a   0x0800350a   0x00000002   PAD
    0x0800350c   0x0800350c   0x00000028   Code   RO         2995    i.__0sprintf        mc_w.l(printfa.o)
    0x08003534   0x08003534   0x00000008   Code   RO         3063    i.__aeabi_errno_addr  mc_w.l(errno.o)
    0x0800353c   0x0800353c   0x0000000e   Code   RO         3129    i.__scatterload_copy  mc_w.l(handlers.o)
    0x0800354a   0x0800354a   0x00000002   Code   RO         3130    i.__scatterload_null  mc_w.l(handlers.o)
    0x0800354c   0x0800354c   0x0000000e   Code   RO         3131    i.__scatterload_zeroinit  mc_w.l(handlers.o)
    0x0800355a   0x0800355a   0x00000002   PAD
    0x0800355c   0x0800355c   0x00000184   Code   RO         3000    i._fp_digits        mc_w.l(printfa.o)
    0x080036e0   0x080036e0   0x000006dc   Code   RO         3001    i._printf_core      mc_w.l(printfa.o)
    0x08003dbc   0x08003dbc   0x00000024   Code   RO         3002    i._printf_post_padding  mc_w.l(printfa.o)
    0x08003de0   0x08003de0   0x0000002e   Code   RO         3003    i._printf_pre_padding  mc_w.l(printfa.o)
    0x08003e0e   0x08003e0e   0x0000000a   Code   RO         3005    i._sputc            mc_w.l(printfa.o)
    0x08003e18   0x08003e18   0x0000002c   Code   RO         1342    i.delay_init        delay.o
    0x08003e44   0x08003e44   0x00000068   Code   RO         1343    i.delay_ms          delay.o
    0x08003eac   0x08003eac   0x00000038   Code   RO         1344    i.delay_us          delay.o
    0x08003ee4   0x08003ee4   0x00000038   Code   RO         1345    i.delay_xms         delay.o
    0x08003f1c   0x08003f1c   0x000000b0   Code   RO            3    i.main              main.o
    0x08003fcc   0x08003fcc   0x000000e4   Code   RO         1101    i.uart5_Init        uart5.o
    0x080040b0   0x080040b0   0x000000ac   Code   RO          444    i.usart3_Init       usart3.o
    0x0800415c   0x0800415c   0x00000998   Data   RO          893    .constdata          oled.o
    0x08004af4   0x08004af4   0x00000081   Data   RO         3093    .constdata          mc_w.l(ctype_o.o)
    0x08004b75   0x08004b75   0x00000003   PAD
    0x08004b78   0x08004b78   0x00000004   Data   RO         3094    .constdata          mc_w.l(ctype_o.o)
    0x08004b7c   0x08004b7c   0x00000020   Data   RO         3127    Region$$Table       anon$$obj.o


    Execution Region RW_IRAM1 (Exec base: 0x20000000, Load base: 0x08004b9c, Size: 0x000008b0, Max: 0x00020000, ABSOLUTE)

    Exec Addr    Load Addr    Size         Type   Attr      Idx    E Section Name        Object

    0x20000000   0x08004b9c   0x00000004   Data   RW            4    .data               main.o
    0x20000004   0x08004ba0   0x00000004   Data   RW            5    .data               main.o
    0x20000008   0x08004ba4   0x00000004   Data   RW            6    .data               main.o
    0x2000000c   0x08004ba8   0x00000004   Data   RW            7    .data               main.o
    0x20000010   0x08004bac   0x00000004   Data   RW            8    .data               main.o
    0x20000014   0x08004bb0   0x00000004   Data   RW            9    .data               main.o
    0x20000018   0x08004bb4   0x00000004   Data   RW           10    .data               main.o
    0x2000001c   0x08004bb8   0x00000004   Data   RW           11    .data               main.o
    0x20000020   0x08004bbc   0x00000004   Data   RW           12    .data               main.o
    0x20000024   0x08004bc0   0x00000004   Data   RW           13    .data               main.o
    0x20000028   0x08004bc4   0x00000004   Data   RW           14    .data               main.o
    0x2000002c   0x08004bc8   0x00000004   Data   RW           15    .data               main.o
    0x20000030   0x08004bcc   0x00000002   Data   RW           16    .data               main.o
    0x20000032   0x08004bce   0x00000001   Data   RW           17    .data               main.o
    0x20000033   0x08004bcf   0x00000001   Data   RW           19    .data               main.o
    0x20000034   0x08004bd0   0x00000001   Data   RW           20    .data               main.o
    0x20000035   0x08004bd1   0x00000003   PAD
    0x20000038   0x08004bd4   0x00000010   Data   RW          379    .data               servo.o
    0x20000048   0x08004be4   0x00000002   Data   RW          447    .data               usart3.o
    0x2000004a   0x08004be6   0x00000002   PAD
    0x2000004c   0x08004be8   0x00000038   Data   RW          693    .data               control.o
    0x20000084   0x08004c20   0x00000001   Data   RW          970    .data               key.o
    0x20000085   0x08004c21   0x00000001   PAD
    0x20000086   0x08004c22   0x00000002   Data   RW         1106    .data               uart5.o
    0x20000088   0x08004c24   0x00000010   Data   RW         1193    .data               strategy.o
    0x20000098   0x08004c34   0x00000004   Data   RW         1346    .data               delay.o
    0x2000009c   0x08004c38   0x00000010   Data   RW         1602    .data               stm32f4xx_rcc.o
    0x200000ac   0x08004c48   0x00000004   Data   RW         3066    .data               mc_w.l(errno.o)
    0x200000b0        -       0x000001ff   Zero   RW          446    .bss                usart3.o
    0x200002af   0x08004c4c   0x00000001   PAD
    0x200002b0        -       0x000001ff   Zero   RW         1105    .bss                uart5.o
    0x200004af   0x08004c4c   0x00000001   PAD
    0x200004b0        -       0x00000400   Zero   RW         1398    STACK               startup_stm32f40_41xxx.o


==============================================================================

Image component sizes


      Code (inc. data)   RO Data    RW Data    ZI Data      Debug   Object Name

       458         30          0          0          0       5253   action.o
        64          4          0          0          0        588   beep.o
       572         66          0         56          0       4042   control.o
       260         22          0          4          0       3027   delay.o
       776         64          0          0          0       3799   encoder.o
       216         14          0          1          0       1330   key.o
       176          6          0         53          0     286234   main.o
       158         12          0          0          0       2197   misc.o
       400         26          0          0          0       1606   motor.o
       632        116          0          0          0       4075   move.o
       444         46          0          0          0       3458   myiic.o
       924         18       2456          0          0       6764   oled.o
       496         52          0          0          0       3082   sensor.o
      1004         80          0         16          0       6075   servo.o
        36          8        392          0       1024        840   startup_stm32f40_41xxx.o
       176         18          0          0          0       2180   stm32f4xx_exti.o
       210          0          0          0          0       3024   stm32f4xx_gpio.o
        18          0          0          0          0       4126   stm32f4xx_it.o
       256         48          0         16          0       6109   stm32f4xx_rcc.o
        46          0          0          0          0        656   stm32f4xx_syscfg.o
      1614          8          0          0          0      19704   stm32f4xx_tim.o
       324          4          0          0          0       4394   stm32f4xx_usart.o
      1008         62          0         16          0       3451   strategy.o
       276         38          0          0          0       1125   system_stm32f4xx.o
       684         84          0          0          0       3423   task.o
       292         58          0          0          0       1330   timer.o
       476         44          0          2        511       3578   uart5.o
       288         24          0          2        511       2222   usart3.o

    ----------------------------------------------------------------------
     12300        952       2880        172       2048     387692   Object Totals
         0          0         32          0          0          0   (incl. Generated)
        16          0          0          6          2          0   (incl. Padding)

    ----------------------------------------------------------------------

      Code (inc. data)   RO Data    RW Data    ZI Data      Debug   Library Member Name

        28          0          0          0          0         68   _chval.o
       158          0          0          0          0         92   _strtoul.o
        26          0          0          0          0         80   atoi.o
         8          4        133          0          0         68   ctype_o.o
         0          0          0          0          0          0   entry.o
         0          0          0          0          0          0   entry10a.o
         0          0          0          0          0          0   entry11a.o
         8          4          0          0          0          0   entry2.o
         4          0          0          0          0          0   entry5.o
         0          0          0          0          0          0   entry7b.o
         0          0          0          0          0          0   entry8b.o
         8          4          0          0          0          0   entry9a.o
         8          4          0          4          0         68   errno.o
        30          0          0          0          0          0   handlers.o
        36          8          0          0          0         68   init.o
         0          0          0          0          0          0   iusefp.o
        30          0          0          0          0         68   llshl.o
        36          0          0          0          0         68   llsshr.o
        32          0          0          0          0         68   llushr.o
      2276         86          0          0          0        520   printfa.o
        28          0          0          0          0         76   strcmp.o
       112          0          0          0          0         88   strtol.o
        44          0          0          0          0         80   uidiv.o
        98          0          0          0          0         92   uldiv.o
        48          0          0          0          0         68   cdrcmple.o
       334          0          0          0          0        148   dadd.o
       222          0          0          0          0        100   ddiv.o
       186          0          0          0          0        176   depilogue.o
        48          0          0          0          0         68   dfixul.o
       228          0          0          0          0         96   dmul.o

    ----------------------------------------------------------------------
      4040        110        136          4          0       2160   Library Totals
         4          0          3          0          0          0   (incl. Padding)

    ----------------------------------------------------------------------

      Code (inc. data)   RO Data    RW Data    ZI Data      Debug   Library Name

      2970        110        133          4          0       1504   mc_w.l
      1066          0          0          0          0        656   mf_w.l

    ----------------------------------------------------------------------
      4040        110        136          4          0       2160   Library Totals

    ----------------------------------------------------------------------

==============================================================================


      Code (inc. data)   RO Data    RW Data    ZI Data      Debug   

     16340       1062       3016        176       2048     377064   Grand Totals
     16340       1062       3016        176       2048     377064   ELF Image Totals
     16340       1062       3016        176          0          0   ROM Totals

==============================================================================

    Total RO  Size (Code + RO Data)                19356 (  18.90kB)
    Total RW  Size (RW Data + ZI Data)              2224 (   2.17kB)
    Total ROM Size (Code + RO Data + RW Data)      19532 (  19.07kB)

==============================================================================

