Component: ARM Compiler 5.06 update 6 (build 750) Tool: armlink [4d35ed]

==============================================================================

Section Cross References

    main.o(i.main) refers to delay.o(i.delay_init) for delay_init
    main.o(i.main) refers to misc.o(i.NVIC_PriorityGroupConfig) for NVIC_PriorityGroupConfig
    main.o(i.main) refers to usart3.o(i.usart3_Init) for usart3_Init
    main.o(i.main) refers to usart2.o(i.usart2_Init) for usart2_Init
    main.o(i.main) refers to uart5.o(i.TIM9_Int_Init) for TIM9_Int_Init
    main.o(i.main) refers to servo.o(i.Servo_Init) for Servo_Init
    main.o(i.main) refers to servo.o(i.TIM12_PWM_Init) for TIM12_PWM_Init
    main.o(i.main) refers to timer.o(i.TIM7_Int_Init) for TIM7_Int_Init
    main.o(i.main) refers to timer.o(i.TIM13_Int_Init) for TIM13_Int_Init
    main.o(i.main) refers to timer.o(i.TIM11_Int_Init) for TIM11_Int_Init
    main.o(i.main) refers to motor.o(i.Motor_Init) for Motor_Init
    main.o(i.main) refers to motor.o(i.Motor_Pin_Init) for Motor_Pin_Init
    main.o(i.main) refers to encoder.o(i.Encoder_MotorA_Init) for Encoder_MotorA_Init
    main.o(i.main) refers to encoder.o(i.Encoder_MotorB_Init) for Encoder_MotorB_Init
    main.o(i.main) refers to encoder.o(i.Encoder_MotorC_Init) for Encoder_MotorC_Init
    main.o(i.main) refers to encoder.o(i.Encoder_MotorD_Init) for Encoder_MotorD_Init
    main.o(i.main) refers to sensor.o(i.Sensor_Track_Init) for Sensor_Track_Init
    main.o(i.main) refers to key.o(i.KEY_Init) for KEY_Init
    main.o(i.main) refers to beep.o(i.Beep_Init) for Beep_Init
    main.o(i.main) refers to myiic.o(i.IIC_Init) for IIC_Init
    main.o(i.main) refers to oled.o(i.OLED_Init) for OLED_Init
    main.o(i.main) refers to oled.o(i.OLED_Clear) for OLED_Clear
    main.o(i.main) refers to strategy.o(i.Strategy_ProcessColorInit) for Strategy_ProcessColorInit
    main.o(i.main) refers to strategy.o(i.Strategy_FinishColorInit) for Strategy_FinishColorInit
    main.o(i.main) refers to task.o(i.Task_OLED) for Task_OLED
    main.o(i.main) refers to action.o(i.Action_FindBlob) for Action_FindBlob
    main.o(i.main) refers to usart2.o(i.usart2_Clear) for usart2_Clear
    main.o(i.main) refers to key.o(i.KEY_Scan) for KEY_Scan
    main.o(i.main) refers to stm32f4xx_tim.o(i.TIM_Cmd) for TIM_Cmd
    main.o(i.main) refers to task.o(i.Task_Debug) for Task_Debug
    main.o(i.main) refers to task.o(i.Task_MoveProcess) for Task_MoveProcess
    main.o(i.main) refers to main.o(.data) for .data
    system_stm32f4xx.o(i.SystemCoreClockUpdate) refers to system_stm32f4xx.o(.data) for .data
    timer.o(i.TIM11_Int_Init) refers to stm32f4xx_rcc.o(i.RCC_APB2PeriphClockCmd) for RCC_APB2PeriphClockCmd
    timer.o(i.TIM11_Int_Init) refers to stm32f4xx_tim.o(i.TIM_TimeBaseInit) for TIM_TimeBaseInit
    timer.o(i.TIM11_Int_Init) refers to stm32f4xx_tim.o(i.TIM_ITConfig) for TIM_ITConfig
    timer.o(i.TIM11_Int_Init) refers to misc.o(i.NVIC_Init) for NVIC_Init
    timer.o(i.TIM11_Int_Init) refers to stm32f4xx_tim.o(i.TIM_Cmd) for TIM_Cmd
    timer.o(i.TIM13_Int_Init) refers to stm32f4xx_rcc.o(i.RCC_APB1PeriphClockCmd) for RCC_APB1PeriphClockCmd
    timer.o(i.TIM13_Int_Init) refers to stm32f4xx_tim.o(i.TIM_TimeBaseInit) for TIM_TimeBaseInit
    timer.o(i.TIM13_Int_Init) refers to stm32f4xx_tim.o(i.TIM_ITConfig) for TIM_ITConfig
    timer.o(i.TIM13_Int_Init) refers to misc.o(i.NVIC_Init) for NVIC_Init
    timer.o(i.TIM13_Int_Init) refers to stm32f4xx_tim.o(i.TIM_Cmd) for TIM_Cmd
    timer.o(i.TIM1_TRG_COM_TIM11_IRQHandler) refers to stm32f4xx_tim.o(i.TIM_GetITStatus) for TIM_GetITStatus
    timer.o(i.TIM1_TRG_COM_TIM11_IRQHandler) refers to stm32f4xx_tim.o(i.TIM_ClearITPendingBit) for TIM_ClearITPendingBit
    timer.o(i.TIM1_TRG_COM_TIM11_IRQHandler) refers to main.o(.data) for counter
    timer.o(i.TIM7_IRQHandler) refers to stm32f4xx_tim.o(i.TIM_GetITStatus) for TIM_GetITStatus
    timer.o(i.TIM7_IRQHandler) refers to encoder.o(i.Read_Encoder) for Read_Encoder
    timer.o(i.TIM7_IRQHandler) refers to control.o(i.Incremental_PI_MotorA) for Incremental_PI_MotorA
    timer.o(i.TIM7_IRQHandler) refers to control.o(i.Incremental_PI_MotorB) for Incremental_PI_MotorB
    timer.o(i.TIM7_IRQHandler) refers to control.o(i.Incremental_PI_MotorC) for Incremental_PI_MotorC
    timer.o(i.TIM7_IRQHandler) refers to control.o(i.Incremental_PI_MotorD) for Incremental_PI_MotorD
    timer.o(i.TIM7_IRQHandler) refers to control.o(i.Set_PWM) for Set_PWM
    timer.o(i.TIM7_IRQHandler) refers to stm32f4xx_tim.o(i.TIM_ClearITPendingBit) for TIM_ClearITPendingBit
    timer.o(i.TIM7_IRQHandler) refers to main.o(.data) for Encoder_A
    timer.o(i.TIM7_IRQHandler) refers to main.o(.data) for Encoder_B
    timer.o(i.TIM7_IRQHandler) refers to main.o(.data) for Encoder_C
    timer.o(i.TIM7_IRQHandler) refers to main.o(.data) for Encoder_D
    timer.o(i.TIM7_IRQHandler) refers to main.o(.data) for Target_A
[...]
    .ARM.Collect$$$$00000008                 0x08000190   Section        0  entry7b.o(.ARM.Collect$$$$00000008)
    .ARM.Collect$$$$0000000A                 0x08000190   Section        0  entry8b.o(.ARM.Collect$$$$0000000A)
    .ARM.Collect$$$$0000000B                 0x08000190   Section        8  entry9a.o(.ARM.Collect$$$$0000000B)
    .ARM.Collect$$$$0000000D                 0x08000198   Section        0  entry10a.o(.ARM.Collect$$$$0000000D)
    .ARM.Collect$$$$0000000F                 0x08000198   Section        0  entry11a.o(.ARM.Collect$$$$0000000F)
    .ARM.Collect$$$$00002712                 0x08000198   Section        4  entry2.o(.ARM.Collect$$$$00002712)
    __lit__00000000                          0x08000198   Data           4  entry2.o(.ARM.Collect$$$$00002712)
    .text                                    0x0800019c   Section       36  startup_stm32f40_41xxx.o(.text)
    $v0                                      0x0800019c   Number         0  startup_stm32f40_41xxx.o(.text)
    .text                                    0x080001c0   Section        0  strlen.o(.text)
    .text                                    0x080001ce   Section        0  strcmp.o(.text)
    .text                                    0x080001ea   Section        0  atoi.o(.text)
    .text                                    0x08000204   Section        0  uidiv.o(.text)
    .text                                    0x08000230   Section        0  uldiv.o(.text)
    .text                                    0x08000292   Section        0  strtol.o(.text)
    .text                                    0x08000302   Section        0  dadd.o(.text)
    .text                                    0x08000302   Section        0  iusefp.o(.text)
    .text                                    0x08000450   Section        0  dmul.o(.text)
    .text                                    0x08000534   Section        0  ddiv.o(.text)
    .text                                    0x08000612   Section        0  dfixul.o(.text)
    .text                                    0x08000644   Section       48  cdrcmple.o(.text)
    .text                                    0x08000674   Section       36  init.o(.text)
    .text                                    0x08000698   Section        0  llshl.o(.text)
    .text                                    0x080006b6   Section        0  llushr.o(.text)
    .text                                    0x080006d6   Section        0  llsshr.o(.text)
    .text                                    0x080006fc   Section        0  ctype_o.o(.text)
    .text                                    0x08000704   Section        0  _strtoul.o(.text)
    .text                                    0x080007a2   Section        0  depilogue.o(.text)
    .text                                    0x0800085c   Section        0  _chval.o(.text)
    i.Action_3                               0x08000878   Section        0  action.o(i.Action_3)
    i.Action_4                               0x080008d4   Section        0  action.o(i.Action_4)
    i.Action_5                               0x08000948   Section        0  action.o(i.Action_5)
    i.Action_FindBlob                        0x080009a4   Section        0  action.o(i.Action_FindBlob)
    i.Action_Place_Finish                    0x080009fe   Section        0  action.o(i.Action_Place_Finish)
    i.Action_Place_Process                   0x08000a5c   Section        0  action.o(i.Action_Place_Process)
    i.Action_Take_Process                    0x08000a8a   Section        0  action.o(i.Action_Take_Process)
    i.Beep_Init                              0x08000ae8   Section        0  beep.o(i.Beep_Init)
    i.Beep_ring                              0x08000b28   Section        0  beep.o(i.Beep_ring)
    i.BusFault_Handler                       0x08000b60   Section        0  stm32f4xx_it.o(i.BusFault_Handler)
    i.Car_TrackBack1                         0x08000b64   Section        0  move.o(i.Car_TrackBack1)
    i.Car_TrackFront1                        0x08000bf8   Section        0  move.o(i.Car_TrackFront1)
    i.Car_TrackLeft1                         0x08000c88   Section        0  move.o(i.Car_TrackLeft1)
    i.Car_TrackRight1                        0x08000d1c   Section        0  move.o(i.Car_TrackRight1)
    i.DebugMon_Handler                       0x08000da0   Section        0  stm32f4xx_it.o(i.DebugMon_Handler)
    i.EXTI0_IRQHandler                       0x08000da4   Section        0  sensor.o(i.EXTI0_IRQHandler)
    i.EXTI15_10_IRQHandler                   0x08000ddc   Section        0  sensor.o(i.EXTI15_10_IRQHandler)
    i.EXTI3_IRQHandler                       0x08000e18   Section        0  sensor.o(i.EXTI3_IRQHandler)
    i.EXTI9_5_IRQHandler                     0x08000e50   Section        0  sensor.o(i.EXTI9_5_IRQHandler)
    i.EXTI_ClearITPendingBit                 0x08000e88   Section        0  stm32f4xx_exti.o(i.EXTI_ClearITPendingBit)
    i.EXTI_GetITStatus                       0x08000e94   Section        0  stm32f4xx_exti.o(i.EXTI_GetITStatus)
    i.EXTI_Init                              0x08000ea8   Section        0  stm32f4xx_exti.o(i.EXTI_Init)
    i.Encoder_MotorA_Init                    0x08000f38   Section        0  encoder.o(i.Encoder_MotorA_Init)
    i.Encoder_MotorB_Init                    0x08000ffc   Section        0  encoder.o(i.Encoder_MotorB_Init)
    i.Encoder_MotorC_Init                    0x080010a4   Section        0  encoder.o(i.Encoder_MotorC_Init)
    i.Encoder_MotorD_Init                    0x0800114c   Section        0  encoder.o(i.Encoder_MotorD_Init)
    i.GPIO_Init                              0x080011f4   Section        0  stm32f4xx_gpio.o(i.GPIO_Init)
    i.GPIO_PinAFConfig                       0x08001292   Section        0  stm32f4xx_gpio.o(i.GPIO_PinAFConfig)
    i.GPIO_ReadInputDataBit                  0x080012b4   Section        0  stm32f4xx_gpio.o(i.GPIO_ReadInputDataBit)
    i.GPIO_ResetBits                         0x080012c2   Section        0  stm32f4xx_gpio.o(i.GPIO_ResetBits)
    i.HardFault_Handler                      0x080012c6   Section        0  stm32f4xx_it.o(i.HardFault_Handler)
    i.IIC_Init                               0x080012c8   Section        0  myiic.o(i.IIC_Init)
    i.IIC_Send_Byte                          0x08001310   Section        0  myiic.o(i.IIC_Send_Byte)
    i.IIC_Start                              0x08001378   Section        0  myiic.o(i.IIC_Start)
    i.IIC_Stop                               0x080013b8   Section        0  myiic.o(i.IIC_Stop)
    i.IIC_Wait_Ack                           0x080013fc   Section        0  myiic.o(i.IIC_Wait_Ack)
    i.Incremental_PI_MotorA                  0x08001484   Section        0  control.o(i.Incremental_PI_MotorA)
    i.Incremental_PI_MotorB                  0x080014e8   Section        0  control.o(i.Incremental_PI_MotorB)
    i.Incremental_PI_MotorC                  0x0800154c   Section        0  control.o(i.Incremental_PI_MotorC)
    i.Incremental_PI_MotorD                  0x080015b0   Section        0  control.o(i.Incremental_PI_MotorD)
    i.KEY_Init                               0x08001614   Section        0  key.o(i.KEY_Init)
    i.KEY_Scan                               0x08001648   Section        0  key.o(i.KEY_Scan)
    i.Kinematic_Analysis                     0x080016ec   Section        0  move.o(i.Kinematic_Analysis)
    i.MemManage_Handler                      0x0800171c   Section        0  stm32f4xx_it.o(i.MemManage_Handler)
    i.Motor_Init                             0x08001720   Section        0  motor.o(i.Motor_Init)
    i.Motor_Pin_Init                         0x08001818   Section        0  motor.o(i.Motor_Pin_Init)
    i.NMI_Handler                            0x080018b0   Section        0  stm32f4xx_it.o(i.NMI_Handler)
    i.NVIC_Init                              0x080018b4   Section        0  misc.o(i.NVIC_Init)
    i.NVIC_PriorityGroupConfig               0x08001928   Section        0  misc.o(i.NVIC_PriorityGroupConfig)
    i.OLED_Clear                             0x0800193c   Section        0  oled.o(i.OLED_Clear)
    i.OLED_Init                              0x08001992   Section        0  oled.o(i.OLED_Init)
    i.OLED_Set_Pos                           0x08001aa2   Section        0  oled.o(i.OLED_Set_Pos)
    i.OLED_ShowCHinese                       0x08001acc   Section        0  oled.o(i.OLED_ShowCHinese)
    i.OLED_ShowString                        0x08001b58   Section        0  oled.o(i.OLED_ShowString)
    i.OLED_WrCmd                             0x08001c5c   Section        0  oled.o(i.OLED_WrCmd)
    i.PendSV_Handler                         0x08001c8e   Section        0  stm32f4xx_it.o(i.PendSV_Handler)
    i.RCC_AHB1PeriphClockCmd                 0x08001c90   Section        0  stm32f4xx_rcc.o(i.RCC_AHB1PeriphClockCmd)
    i.RCC_APB1PeriphClockCmd                 0x08001ca8   Section        0  stm32f4xx_rcc.o(i.RCC_APB1PeriphClockCmd)
    i.RCC_APB1PeriphResetCmd                 0x08001cc0   Section        0  stm32f4xx_rcc.o(i.RCC_APB1PeriphResetCmd)
    i.RCC_APB2PeriphClockCmd                 0x08001cd8   Section        0  stm32f4xx_rcc.o(i.RCC_APB2PeriphClockCmd)
    i.RCC_APB2PeriphResetCmd                 0x08001cf0   Section        0  stm32f4xx_rcc.o(i.RCC_APB2PeriphResetCmd)
    i.RCC_GetClocksFreq                      0x08001d08   Section        0  stm32f4xx_rcc.o(i.RCC_GetClocksFreq)
    i.Read_Encoder                           0x08001d90   Section        0  encoder.o(i.Read_Encoder)
    i.SVC_Handler                            0x08001ddc   Section        0  stm32f4xx_it.o(i.SVC_Handler)
    i.SYSCFG_EXTILineConfig                  0x08001dde   Section        0  stm32f4xx_syscfg.o(i.SYSCFG_EXTILineConfig)
    i.Sensor_Track_Init                      0x08001e0c   Section        0  sensor.o(i.Sensor_Track_Init)
    i.Servo1_SpeedRegulation                 0x08001f1c   Section        0  servo.o(i.Servo1_SpeedRegulation)
    i.Servo2_SpeedRegulation                 0x08001fa8   Section        0  servo.o(i.Servo2_SpeedRegulation)
    i.Servo3_SpeedRegulation                 0x08002068   Section        0  servo.o(i.Servo3_SpeedRegulation)
    i.Servo4_SpeedRegulation                 0x08002128   Section        0  servo.o(i.Servo4_SpeedRegulation)
    i.Servo5_SpeedRegulation                 0x080021e8   Section        0  servo.o(i.Servo5_SpeedRegulation)
    i.Servo_Init                             0x080022a8   Section        0  servo.o(i.Servo_Init)
    i.Set_PWM                                0x08002394   Section        0  control.o(i.Set_PWM)
    i.Strategy_FinishColorInit               0x08002440   Section        0  strategy.o(i.Strategy_FinishColorInit)
    i.Strategy_MaterialColor                 0x080024a0   Section        0  strategy.o(i.Strategy_MaterialColor)
    i.Strategy_ProcessColorInit              0x08002718   Section        0  strategy.o(i.Strategy_ProcessColorInit)
    i.Strategy_QrcodeSquence                 0x08002778   Section        0  strategy.o(i.Strategy_QrcodeSquence)
    i.Strategy_WIFISquence                   0x08002a1c   Section        0  strategy.o(i.Strategy_WIFISquence)
    i.Strategy_Xaxis_Move                    0x08002c68   Section        0  strategy.o(i.Strategy_Xaxis_Move)
    i.Strategy_Yaxis_Move                    0x08002cdc   Section        0  strategy.o(i.Strategy_Yaxis_Move)
    i.SysTick_CLKSourceConfig                0x08002d64   Section        0  misc.o(i.SysTick_CLKSourceConfig)
    i.SysTick_Handler                        0x08002d7a   Section        0  stm32f4xx_it.o(i.SysTick_Handler)
    i.SystemInit                             0x08002d7c   Section        0  system_stm32f4xx.o(i.SystemInit)
    i.TI2_Config                             0x08002e90   Section        0  stm32f4xx_tim.o(i.TI2_Config)
    TI2_Config                               0x08002e91   Thumb Code    62  stm32f4xx_tim.o(i.TI2_Config)
    i.TIM11_Int_Init                         0x08002ed0   Section        0  timer.o(i.TIM11_Int_Init)
    i.TIM12_PWM_Init                         0x08002f30   Section        0  servo.o(i.TIM12_PWM_Init)
    i.TIM13_Int_Init                         0x08002fd0   Section        0  timer.o(i.TIM13_Int_Init)
    i.TIM1_BRK_TIM9_IRQHandler               0x08003030   Section        0  uart5.o(i.TIM1_BRK_TIM9_IRQHandler)
    i.TIM1_TRG_COM_TIM11_IRQHandler          0x08003064   Section        0  timer.o(i.TIM1_TRG_COM_TIM11_IRQHandler)
    i.TIM7_IRQHandler                        0x08003090   Section        0  timer.o(i.TIM7_IRQHandler)
    i.TIM7_Int_Init                          0x08003154   Section        0  timer.o(i.TIM7_Int_Init)
    i.TIM8_UP_TIM13_IRQHandler               0x080031b4   Section        0  timer.o(i.TIM8_UP_TIM13_IRQHandler)
    i.TIM9_Int_Init                          0x080031e0   Section        0  uart5.o(i.TIM9_Int_Init)
    i.TIM_ClearITPendingBit                  0x08003240   Section        0  stm32f4xx_tim.o(i.TIM_ClearITPendingBit)
    i.TIM_Cmd                                0x08003246   Section        0  stm32f4xx_tim.o(i.TIM_Cmd)
    i.TIM_CtrlPWMOutputs                     0x08003258   Section        0  stm32f4xx_tim.o(i.TIM_CtrlPWMOutputs)
    i.TIM_DeInit                             0x0800326e   Section        0  stm32f4xx_tim.o(i.TIM_DeInit)
    i.TIM_EncoderInterfaceConfig             0x08003422   Section        0  stm32f4xx_tim.o(i.TIM_EncoderInterfaceConfig)
    i.TIM_GetITStatus                        0x0800345e   Section        0  stm32f4xx_tim.o(i.TIM_GetITStatus)
    i.TIM_ICInit                             0x08003474   Section        0  stm32f4xx_tim.o(i.TIM_ICInit)
    i.TIM_ICStructInit                       0x0800356e   Section        0  stm32f4xx_tim.o(i.TIM_ICStructInit)
    i.TIM_ITConfig                           0x0800357e   Section        0  stm32f4xx_tim.o(i.TIM_ITConfig)
    i.TIM_OC1Init                            0x0800358e   Section        0  stm32f4xx_tim.o(i.TIM_OC1Init)
    i.TIM_OC1PreloadConfig                   0x080035f6   Section        0  stm32f4xx_tim.o(i.TIM_OC1PreloadConfig)
    i.TIM_OC2Init                            0x08003602   Section        0  stm32f4xx_tim.o(i.TIM_OC2Init)
    i.TIM_OC2PreloadConfig                   0x08003688   Section        0  stm32f4xx_tim.o(i.TIM_OC2PreloadConfig)
    i.TIM_OC3Init                            0x0800369c   Section        0  stm32f4xx_tim.o(i.TIM_OC3Init)
    i.TIM_OC3PreloadConfig                   0x08003720   Section        0  stm32f4xx_tim.o(i.TIM_OC3PreloadConfig)
    i.TIM_OC4Init                            0x0800372c   Section        0  stm32f4xx_tim.o(i.TIM_OC4Init)
    i.TIM_OC4PreloadConfig                   0x08003794   Section        0  stm32f4xx_tim.o(i.TIM_OC4PreloadConfig)
    i.TIM_OCStructInit                       0x080037a8   Section        0  stm32f4xx_tim.o(i.TIM_OCStructInit)
    i.TIM_SetCompare1                        0x080037bc   Section        0  stm32f4xx_tim.o(i.TIM_SetCompare1)
    i.TIM_SetCompare2                        0x080037c0   Section        0  stm32f4xx_tim.o(i.TIM_SetCompare2)
    i.TIM_SetCompare3                        0x080037c4   Section        0  stm32f4xx_tim.o(i.TIM_SetCompare3)
    i.TIM_SetCompare4                        0x080037c8   Section        0  stm32f4xx_tim.o(i.TIM_SetCompare4)
    i.TIM_SetCounter                         0x080037cc   Section        0  stm32f4xx_tim.o(i.TIM_SetCounter)
    i.TIM_TimeBaseInit                       0x080037d0   Section        0  stm32f4xx_tim.o(i.TIM_TimeBaseInit)
    i.Task_Debug                             0x08003850   Section        0  task.o(i.Task_Debug)
    i.Task_MoveProcess                       0x08003efc   Section        0  task.o(i.Task_MoveProcess)
    i.Task_MoveProcessToMaterial             0x08003f64   Section        0  task.o(i.Task_MoveProcessToMaterial)
    i.Task_MoveToGrab                        0x08003fac   Section        0  task.o(i.Task_MoveToGrab)
    i.Task_OLED                              0x08004004   Section        0  task.o(i.Task_OLED)
    i.Task_PlaceFinish                       0x080040a8   Section        0  task.o(i.Task_PlaceFinish)
    i.UART5_IRQHandler                       0x080040ec   Section        0  uart5.o(i.UART5_IRQHandler)
    i.USART2_IRQHandler                      0x08004150   Section        0  usart2.o(i.USART2_IRQHandler)
    i.USART3_IRQHandler                      0x080041c4   Section        0  usart3.o(i.USART3_IRQHandler)
    i.USART_Cmd                              0x08004238   Section        0  stm32f4xx_usart.o(i.USART_Cmd)
    i.USART_GetFlagStatus                    0x0800424a   Section        0  stm32f4xx_usart.o(i.USART_GetFlagStatus)
    i.USART_GetITStatus                      0x08004258   Section        0  stm32f4xx_usart.o(i.USART_GetITStatus)
    i.USART_ITConfig                         0x0800429a   Section        0  stm32f4xx_usart.o(i.USART_ITConfig)
    i.USART_Init                             0x080042cc   Section        0  stm32f4xx_usart.o(i.USART_Init)
    i.USART_ReceiveData                      0x08004384   Section        0  stm32f4xx_usart.o(i.USART_ReceiveData)
    i.USART_SendData                         0x0800438c   Section        0  stm32f4xx_usart.o(i.USART_SendData)
    i.UsageFault_Handler                     0x08004394   Section        0  stm32f4xx_it.o(i.UsageFault_Handler)
    i.__0sprintf                             0x08004398   Section        0  printfa.o(i.__0sprintf)
    i.__0vsprintf                            0x080043c0   Section        0  printfa.o(i.__0vsprintf)
    i.__aeabi_errno_addr                     0x080043e4   Section        0  errno.o(i.__aeabi_errno_addr)
    i.__scatterload_copy                     0x080043ec   Section       14  handlers.o(i.__scatterload_copy)
    i.__scatterload_null                     0x080043fa   Section        2  handlers.o(i.__scatterload_null)
    i.__scatterload_zeroinit                 0x080043fc   Section       14  handlers.o(i.__scatterload_zeroinit)
    i._fp_digits                             0x0800440c   Section        0  printfa.o(i._fp_digits)
    _fp_digits                               0x0800440d   Thumb Code   366  printfa.o(i._fp_digits)
    i._printf_core                           0x08004590   Section        0  printfa.o(i._printf_core)
    _printf_core                             0x08004591   Thumb Code  1744  printfa.o(i._printf_core)
    i._printf_post_padding                   0x08004c6c   Section        0  printfa.o(i._printf_post_padding)
    _printf_post_padding                     0x08004c6d   Thumb Code    36  printfa.o(i._printf_post_padding)
    i._printf_pre_padding                    0x08004c90   Section        0  printfa.o(i._printf_pre_padding)
    _printf_pre_padding                      0x08004c91   Thumb Code    46  printfa.o(i._printf_pre_padding)
    i._sputc                                 0x08004cbe   Section        0  printfa.o(i._sputc)
    _sputc                                   0x08004cbf   Thumb Code    10  printfa.o(i._sputc)
    i.delay_init                             0x08004cc8   Section        0  delay.o(i.delay_init)
    i.delay_ms                               0x08004cf4   Section        0  delay.o(i.delay_ms)
    i.delay_us                               0x08004d5c   Section        0  delay.o(i.delay_us)
    i.delay_xms                              0x08004d94   Section        0  delay.o(i.delay_xms)
    i.main                                   0x08004dcc   Section        0  main.o(i.main)
    i.usart2_Clear                           0x08004eac   Section        0  usart2.o(i.usart2_Clear)
    i.usart2_Init                            0x08004ecc   Section        0  usart2.o(i.usart2_Init)
    i.usart2_printf                          0x08004f7c   Section        0  usart2.o(i.usart2_printf)
    i.usart3_Init                            0x08004fd4   Section        0  usart3.o(i.usart3_Init)
    .constdata                               0x08005080   Section     2552  oled.o(.constdata)
    .constdata                               0x08005a78   Section      129  ctype_o.o(.constdata)
    .constdata                               0x08005afc   Section        4  ctype_o.o(.constdata)
    table                                    0x08005afc   Data           4  ctype_o.o(.constdata)
    .data                                    0x20000000   Section        4  main.o(.data)
    .data                                    0x20000004   Section        4  main.o(.data)
    .data                                    0x20000008   Section        4  main.o(.data)
    .data                                    0x2000000c   Section        4  main.o(.data)
    .data                                    0x20000010   Section        4  main.o(.data)
    .data                                    0x20000014   Section        4  main.o(.data)
    .data                                    0x20000018   Section        4  main.o(.data)
    .data                                    0x2000001c   Section        4  main.o(.data)
    .data                                    0x20000020   Section        4  main.o(.data)
    .data                                    0x20000024   Section        4  main.o(.data)
    .data                                    0x20000028   Section        4  main.o(.data)
    .data                                    0x2000002c   Section        4  main.o(.data)
    .data                                    0x20000030   Section        1  main.o(.data)
    .data                                    0x20000031   Section        1  main.o(.data)
    .data                                    0x20000032   Section        1  main.o(.data)
    .data                                    0x20000033   Section        1  main.o(.data)
    .data                                    0x20000034   Section        2  main.o(.data)
    .data                                    0x20000036   Section        4  main.o(.data)
    .data                                    0x2000003c   Section       20  servo.o(.data)
    servo1_last_angle                        0x2000003c   Data           4  servo.o(.data)
    servo2_last_angle                        0x20000040   Data           4  servo.o(.data)
    servo3_last_angle                        0x20000044   Data           4  servo.o(.data)
    servo4_last_angle                        0x20000048   Data           4  servo.o(.data)
    servo5_last_angle                        0x2000004c   Data           4  servo.o(.data)
    .data                                    0x20000050   Section        2  usart3.o(.data)
    .data                                    0x20000054   Section       56  control.o(.data)
    Bias                                     0x2000005c   Data           4  control.o(.data)
    Pwm                                      0x20000060   Data           4  control.o(.data)
    Last_bias                                0x20000064   Data           4  control.o(.data)
    Bias                                     0x20000068   Data           4  control.o(.data)
    Pwm                                      0x2000006c   Data           4  control.o(.data)
    Last_bias                                0x20000070   Data           4  control.o(.data)
    Bias                                     0x20000074   Data           4  control.o(.data)
    Pwm                                      0x20000078   Data           4  control.o(.data)
    Last_bias                                0x2000007c   Data           4  control.o(.data)
    Bias                                     0x20000080   Data           4  control.o(.data)
    Pwm                                      0x20000084   Data           4  control.o(.data)
    Last_bias                                0x20000088   Data           4  control.o(.data)
    .data                                    0x2000008c   Section        1  key.o(.data)
    key_up                                   0x2000008c   Data           1  key.o(.data)
    .data                                    0x2000008e   Section        2  uart5.o(.data)
    .data                                    0x20000090   Section       40  strategy.o(.data)
    .data                                    0x200000b8   Section        4  usart2.o(.data)
    .data                                    0x200000bc   Section        4  delay.o(.data)
    fac_us                                   0x200000bc   Data           1  delay.o(.data)
    fac_ms                                   0x200000be   Data           2  delay.o(.data)
    .data                                    0x200000c0   Section       16  stm32f4xx_rcc.o(.data)
    APBAHBPrescTable                         0x200000c0   Data          16  stm32f4xx_rcc.o(.data)
    .data                                    0x200000d0   Section        4  errno.o(.data)
    _errno                                   0x200000d0   Data           4  errno.o(.data)
    .bss                                     0x200000d8   Section      511  usart3.o(.bss)
    .bss                                     0x200002d7   Section       16  task.o(.bss)
    .bss                                     0x200002e8   Section      511  uart5.o(.bss)
    .bss                                     0x200004e8   Section       48  strategy.o(.bss)
    .bss                                     0x20000518   Section      511  usart2.o(.bss)
    STACK                                    0x20000718   Section     1024  startup_stm32f40_41xxx.o(STACK)

    Global Symbols

    Symbol Name                              Value     Ov Type        Size  Object(Section)

    BuildAttributes$$THM_ISAv4$E$P$D$K$B$S$7EM$VFPi3$EXTD16$VFPS$VFMA$PE$A:L22UL41UL21$X:L11$S22US41US21$IEEE1$IW$USESV6$~STKCKD$USESV7$~SHL$OTIME$ROPI$IEEEX$EBA8$MICROLIB$REQ8$PRES8$EABIv2 0x00000000   Number         0  anon$$obj.o ABSOLUTE
    __ARM_use_no_argv                        0x00000000   Number         0  main.o ABSOLUTE
    _printf_a                                0x00000000   Number         0  stubs.o ABSOLUTE
    _printf_c                                0x00000000   Number         0  stubs.o ABSOLUTE
    _printf_charcount                        0x00000000   Number         0  stubs.o ABSOLUTE
    _printf_d                                0x00000000   Number         0  stubs.o ABSOLUTE
    _printf_e                                0x00000000   Number         0  stubs.o ABSOLUTE
    _printf_f                                0x00000000   Number         0  stubs.o ABSOLUTE
    _printf_flags                            0x00000000   Number         0  stubs.o ABSOLUTE
    _printf_fp_dec                           0x00000000   Number         0  stubs.o ABSOLUTE
    _printf_fp_hex                           0x00000000   Number         0  stubs.o ABSOLUTE
    _printf_g                                0x00000000   Number         0  stubs.o ABSOLUTE
    _printf_i                                0x00000000   Number         0  stubs.o ABSOLUTE
    _printf_int_dec                          0x00000000   Number         0  stubs.o ABSOLUTE
    _printf_l                                0x00000000   Number         0  stubs.o ABSOLUTE
    _printf_lc                               0x00000000   Number         0  stubs.o ABSOLUTE
    _printf_ll                               0x00000000   Number         0  stubs.o ABSOLUTE
    _printf_lld                              0x00000000   Number         0  stubs.o ABSOLUTE
    _printf_lli                              0x00000000   Number         0  stubs.o ABSOLUTE
    _printf_llo                              0x00000000   Number         0  stubs.o ABSOLUTE
    _printf_llu                              0x00000000   Number         0  stubs.o ABSOLUTE
    _printf_llx                              0x00000000   Number         0  stubs.o ABSOLUTE
    _printf_longlong_dec                     0x00000000   Number         0  stubs.o ABSOLUTE
    _printf_longlong_hex                     0x00000000   Number         0  stubs.o ABSOLUTE
    _printf_longlong_oct                     0x00000000   Number         0  stubs.o ABSOLUTE
    _printf_ls                               0x00000000   Number         0  stubs.o ABSOLUTE
    _printf_mbtowc                           0x00000000   Number         0  stubs.o ABSOLUTE
    _printf_n                                0x00000000   Number         0  stubs.o ABSOLUTE
    _printf_o                                0x00000000   Number         0  stubs.o ABSOLUTE
    _printf_p                                0x00000000   Number         0  stubs.o ABSOLUTE
    _printf_percent                          0x00000000   Number         0  stubs.o ABSOLUTE
    _printf_pre_padding                      0x00000000   Number         0  stubs.o ABSOLUTE
    _printf_return_value                     0x00000000   Number         0  stubs.o ABSOLUTE
    _printf_s                                0x00000000   Number         0  stubs.o ABSOLUTE
    _printf_sizespec                         0x00000000   Number         0  stubs.o ABSOLUTE
    _printf_str                              0x00000000   Number         0  stubs.o ABSOLUTE
    _printf_truncate_signed                  0x00000000   Number         0  stubs.o ABSOLUTE
    _printf_truncate_unsigned                0x00000000   Number         0  stubs.o ABSOLUTE
    _printf_u                                0x00000000   Number         0  stubs.o ABSOLUTE
    _printf_wc                               0x00000000   Number         0  stubs.o ABSOLUTE
    _printf_wctomb                           0x00000000   Number         0  stubs.o ABSOLUTE
    _printf_widthprec                        0x00000000   Number         0  stubs.o ABSOLUTE
    _printf_x                                0x00000000   Number         0  stubs.o ABSOLUTE
    __cpp_initialize__aeabi_                  - Undefined Weak Reference
    __cxa_finalize                            - Undefined Weak Reference
    __decompress                              - Undefined Weak Reference
    _clock_init                               - Undefined Weak Reference
    _microlib_exit                            - Undefined Weak Reference
    __Vectors_Size                           0x00000188   Number         0  startup_stm32f40_41xxx.o ABSOLUTE
    __Vectors                                0x08000000   Data           4  startup_stm32f40_41xxx.o(RESET)
    __Vectors_End                            0x08000188   Data           0  startup_stm32f40_41xxx.o(RESET)
    __main                                   0x08000189   Thumb Code     0  entry.o(.ARM.Collect$$$$00000000)
    _main_stk                                0x08000189   Thumb Code     0  entry2.o(.ARM.Collect$$$$00000001)
    _main_scatterload                        0x0800018d   Thumb Code     0  entry5.o(.ARM.Collect$$$$00000004)
    __main_after_scatterload                 0x08000191   Thumb Code     0  entry5.o(.ARM.Collect$$$$00000004)
    _main_clock                              0x08000191   Thumb Code     0  entry7b.o(.ARM.Collect$$$$00000008)
    _main_cpp_init                           0x08000191   Thumb Code     0  entry8b.o(.ARM.Collect$$$$0000000A)
    _main_init                               0x08000191   Thumb Code     0  entry9a.o(.ARM.Collect$$$$0000000B)
    __rt_final_cpp                           0x08000199   Thumb Code     0  entry10a.o(.ARM.Collect$$$$0000000D)
    __rt_final_exit                          0x08000199   Thumb Code     0  entry11a.o(.ARM.Collect$$$$0000000F)
    Reset_Handler                            0x0800019d   Thumb Code     8  startup_stm32f40_41xxx.o(.text)
    ADC_IRQHandler                           0x080001b7   Thumb Code     0  startup_stm32f40_41xxx.o(.text)
    CAN1_RX0_IRQHandler                      0x080001b7   Thumb Code     0  startup_stm32f40_41xxx.o(.text)
    CAN1_RX1_IRQHandler                      0x080001b7   Thumb Code     0  startup_stm32f40_41xxx.o(.text)
    CAN1_SCE_IRQHandler                      0x080001b7   Thumb Code     0  startup_stm32f40_41xxx.o(.text)
    CAN1_TX_IRQHandler                       0x080001b7   Thumb Code     0  startup_stm32f40_41xxx.o(.text)
    CAN2_RX0_IRQHandler                      0x080001b7   Thumb Code     0  startup_stm32f40_41xxx.o(.text)
    CAN2_RX1_IRQHandler                      0x080001b7   Thumb Code     0  startup_stm32f40_41xxx.o(.text)
    CAN2_SCE_IRQHandler                      0x080001b7   Thumb Code     0  startup_stm32f40_41xxx.o(.text)
    CAN2_TX_IRQHandler                       0x080001b7   Thumb Code     0  startup_stm32f40_41xxx.o(.text)
    CRYP_IRQHandler                          0x080001b7   Thumb Code     0  startup_stm32f40_41xxx.o(.text)
    DCMI_IRQHandler                          0x080001b7   Thumb Code     0  startup_stm32f40_41xxx.o(.text)
    DMA1_Stream0_IRQHandler                  0x080001b7   Thumb Code     0  startup_stm32f40_41xxx.o(.text)
    DMA1_Stream1_IRQHandler                  0x080001b7   Thumb Code     0  startup_stm32f40_41xxx.o(.text)
    DMA1_Stream2_IRQHandler                  0x080001b7   Thumb Code     0  startup_stm32f40_41xxx.o(.text)
    DMA1_Stream3_IRQHandler                  0x080001b7   Thumb Code     0  startup_stm32f40_41xxx.o(.text)
    DMA1_Stream4_IRQHandler                  0x080001b7   Thumb Code     0  startup_stm32f40_41xxx.o(.text)
    DMA1_Stream5_IRQHandler                  0x080001b7   Thumb Code     0  startup_stm32f40_41xxx.o(.text)
    DMA1_Stream6_IRQHandler                  0x080001b7   Thumb Code     0  startup_stm32f40_41xxx.o(.text)
    DMA1_Stream7_IRQHandler                  0x080001b7   Thumb Code     0  startup_stm32f40_41xxx.o(.text)
    DMA2_Stream0_IRQHandler                  0x080001b7   Thumb Code     0  startup_stm32f40_41xxx.o(.text)
    DMA2_Stream1_IRQHandler                  0x080001b7   Thumb Code     0  startup_stm32f40_41xxx.o(.text)
    DMA2_Stream2_IRQHandler                  0x080001b7   Thumb Code     0  startup_stm32f40_41xxx.o(.text)
    DMA2_Stream3_IRQHandler                  0x080001b7   Thumb Code     0  startup_stm32f40_41xxx.o(.text)
    DMA2_Stream4_IRQHandler                  0x080001b7   Thumb Code     0  startup_stm32f40_41xxx.o(.text)
    DMA2_Stream5_IRQHandler                  0x080001b7   Thumb Code     0  startup_stm32f40_41xxx.o(.text)
    DMA2_Stream6_IRQHandler                  0x080001b7   Thumb Code     0  startup_stm32f40_41xxx.o(.text)
    DMA2_Stream7_IRQHandler                  0x080001b7   Thumb Code     0  startup_stm32f40_41xxx.o(.text)
    ETH_IRQHandler                           0x080001b7   Thumb Code     0  startup_stm32f40_41xxx.o(.text)
    ETH_WKUP_IRQHandler                      0x080001b7   Thumb Code     0  startup_stm32f40_41xxx.o(.text)
    EXTI1_IRQHandler                         0x080001b7   Thumb Code     0  startup_stm32f40_41xxx.o(.text)
    EXTI2_IRQHandler                         0x080001b7   Thumb Code     0  startup_stm32f40_41xxx.o(.text)
    EXTI4_IRQHandler                         0x080001b7   Thumb Code     0  startup_stm32f40_41xxx.o(.text)
    FLASH_IRQHandler                         0x080001b7   Thumb Code     0  startup_stm32f40_41xxx.o(.text)
    FPU_IRQHandler                           0x080001b7   Thumb Code     0  startup_stm32f40_41xxx.o(.text)
    FSMC_IRQHandler                          0x080001b7   Thumb Code     0  startup_stm32f40_41xxx.o(.text)
    HASH_RNG_IRQHandler                      0x080001b7   Thumb Code     0  startup_stm32f40_41xxx.o(.text)
    I2C1_ER_IRQHandler                       0x080001b7   Thumb Code     0  startup_stm32f40_41xxx.o(.text)
    I2C1_EV_IRQHandler                       0x080001b7   Thumb Code     0  startup_stm32f40_41xxx.o(.text)
    I2C2_ER_IRQHandler                       0x080001b7   Thumb Code     0  startup_stm32f40_41xxx.o(.text)
    I2C2_EV_IRQHandler                       0x080001b7   Thumb Code     0  startup_stm32f40_41xxx.o(.text)
    I2C3_ER_IRQHandler                       0x080001b7   Thumb Code     0  startup_stm32f40_41xxx.o(.text)
    I2C3_EV_IRQHandler                       0x080001b7   Thumb Code     0  startup_stm32f40_41xxx.o(.text)
    OTG_FS_IRQHandler                        0x080001b7   Thumb Code     0  startup_stm32f40_41xxx.o(.text)
    OTG_FS_WKUP_IRQHandler                   0x080001b7   Thumb Code     0  startup_stm32f40_41xxx.o(.text)
    OTG_HS_EP1_IN_IRQHandler                 0x080001b7   Thumb Code     0  startup_stm32f40_41xxx.o(.text)
    OTG_HS_EP1_OUT_IRQHandler                0x080001b7   Thumb Code     0  startup_stm32f40_41xxx.o(.text)
    OTG_HS_IRQHandler                        0x080001b7   Thumb Code     0  startup_stm32f40_41xxx.o(.text)
    OTG_HS_WKUP_IRQHandler                   0x080001b7   Thumb Code     0  startup_stm32f40_41xxx.o(.text)
    PVD_IRQHandler                           0x080001b7   Thumb Code     0  startup_stm32f40_41xxx.o(.text)
    RCC_IRQHandler                           0x080001b7   Thumb Code     0  startup_stm32f40_41xxx.o(.text)
    RTC_Alarm_IRQHandler                     0x080001b7   Thumb Code     0  startup_stm32f40_41xxx.o(.text)
    RTC_WKUP_IRQHandler                      0x080001b7   Thumb Code     0  startup_stm32f40_41xxx.o(.text)
    SDIO_IRQHandler                          0x080001b7   Thumb Code     0  startup_stm32f40_41xxx.o(.text)
    SPI1_IRQHandler                          0x080001b7   Thumb Code     0  startup_stm32f40_41xxx.o(.text)
    SPI2_IRQHandler                          0x080001b7   Thumb Code     0  startup_stm32f40_41xxx.o(.text)
    SPI3_IRQHandler                          0x080001b7   Thumb Code     0  startup_stm32f40_41xxx.o(.text)
    TAMP_STAMP_IRQHandler                    0x080001b7   Thumb Code     0  startup_stm32f40_41xxx.o(.text)
    TIM1_CC_IRQHandler                       0x080001b7   Thumb Code     0  startup_stm32f40_41xxx.o(.text)
    TIM1_UP_TIM10_IRQHandler                 0x080001b7   Thumb Code     0  startup_stm32f40_41xxx.o(.text)
    TIM2_IRQHandler                          0x080001b7   Thumb Code     0  startup_stm32f40_41xxx.o(.text)
    TIM3_IRQHandler                          0x080001b7   Thumb Code     0  startup_stm32f40_41xxx.o(.text)
    TIM4_IRQHandler                          0x080001b7   Thumb Code     0  startup_stm32f40_41xxx.o(.text)
    TIM5_IRQHandler                          0x080001b7   Thumb Code     0  startup_stm32f40_41xxx.o(.text)
    TIM6_DAC_IRQHandler                      0x080001b7   Thumb Code     0  startup_stm32f40_41xxx.o(.text)
    TIM8_BRK_TIM12_IRQHandler                0x080001b7   Thumb Code     0  startup_stm32f40_41xxx.o(.text)
    TIM8_CC_IRQHandler                       0x080001b7   Thumb Code     0  startup_stm32f40_41xxx.o(.text)
    TIM8_TRG_COM_TIM14_IRQHandler            0x080001b7   Thumb Code     0  startup_stm32f40_41xxx.o(.text)
    UART4_IRQHandler                         0x080001b7   Thumb Code     0  startup_stm32f40_41xxx.o(.text)
    USART1_IRQHandler                        0x080001b7   Thumb Code     0  startup_stm32f40_41xxx.o(.text)
    USART6_IRQHandler                        0x080001b7   Thumb Code     0  startup_stm32f40_41xxx.o(.text)
    WWDG_IRQHandler                          0x080001b7   Thumb Code     0  startup_stm32f40_41xxx.o(.text)
    strlen                                   0x080001c1   Thumb Code    14  strlen.o(.text)
    strcmp                                   0x080001cf   Thumb Code    28  strcmp.o(.text)
    atoi                                     0x080001eb   Thumb Code    26  atoi.o(.text)
    __aeabi_uidiv                            0x08000205   Thumb Code     0  uidiv.o(.text)
    __aeabi_uidivmod                         0x08000205   Thumb Code    44  uidiv.o(.text)
    __aeabi_uldivmod                         0x08000231   Thumb Code    98  uldiv.o(.text)
    strtol                                   0x08000293   Thumb Code   112  strtol.o(.text)
    __I$use$fp                               0x08000303   Thumb Code     0  iusefp.o(.text)
    __aeabi_dadd                             0x08000303   Thumb Code   322  dadd.o(.text)
    __aeabi_dsub                             0x08000445   Thumb Code     6  dadd.o(.text)
    __aeabi_drsub                            0x0800044b   Thumb Code     6  dadd.o(.text)
    __aeabi_dmul                             0x08000451   Thumb Code   228  dmul.o(.text)
    __aeabi_ddiv                             0x08000535   Thumb Code   222  ddiv.o(.text)
    __aeabi_d2ulz                            0x08000613   Thumb Code    48  dfixul.o(.text)
    __aeabi_cdrcmple                         0x08000645   Thumb Code    48  cdrcmple.o(.text)
    __scatterload                            0x08000675   Thumb Code    28  init.o(.text)
    __scatterload_rt2                        0x08000675   Thumb Code     0  init.o(.text)
    __aeabi_llsl                             0x08000699   Thumb Code    30  llshl.o(.text)
    _ll_shift_l                              0x08000699   Thumb Code     0  llshl.o(.text)
    __aeabi_llsr                             0x080006b7   Thumb Code    32  llushr.o(.text)
    _ll_ushift_r                             0x080006b7   Thumb Code     0  llushr.o(.text)
    __aeabi_lasr                             0x080006d7   Thumb Code    36  llsshr.o(.text)
    _ll_sshift_r                             0x080006d7   Thumb Code     0  llsshr.o(.text)
    __rt_ctype_table                         0x080006fd   Thumb Code     4  ctype_o.o(.text)
    _strtoul                                 0x08000705   Thumb Code   158  _strtoul.o(.text)
    _double_round                            0x080007a3   Thumb Code    30  depilogue.o(.text)
    _double_epilogue                         0x080007c1   Thumb Code   156  depilogue.o(.text)
    _chval                                   0x0800085d   Thumb Code    28  _chval.o(.text)
    Action_3                                 0x08000879   Thumb Code    92  action.o(i.Action_3)
    Action_4                                 0x080008d5   Thumb Code   116  action.o(i.Action_4)
    Action_5                                 0x08000949   Thumb Code    92  action.o(i.Action_5)
    Action_FindBlob                          0x080009a5   Thumb Code    90  action.o(i.Action_FindBlob)
    Action_Place_Finish                      0x080009ff   Thumb Code    94  action.o(i.Action_Place_Finish)
    Action_Place_Process                     0x08000a5d   Thumb Code    46  action.o(i.Action_Place_Process)
    Action_Take_Process                      0x08000a8b   Thumb Code    94  action.o(i.Action_Take_Process)
    Beep_Init                                0x08000ae9   Thumb Code    60  beep.o(i.Beep_Init)
    Beep_ring                                0x08000b29   Thumb Code    50  beep.o(i.Beep_ring)
    BusFault_Handler                         0x08000b61   Thumb Code     2  stm32f4xx_it.o(i.BusFault_Handler)
    Car_TrackBack1                           0x08000b65   Thumb Code   122  move.o(i.Car_TrackBack1)
    Car_TrackFront1                          0x08000bf9   Thumb Code   120  move.o(i.Car_TrackFront1)
    Car_TrackLeft1                           0x08000c89   Thumb Code   124  move.o(i.Car_TrackLeft1)
    Car_TrackRight1                          0x08000d1d   Thumb Code   112  move.o(i.Car_TrackRight1)
    DebugMon_Handler                         0x08000da1   Thumb Code     2  stm32f4xx_it.o(i.DebugMon_Handler)
    EXTI0_IRQHandler                         0x08000da5   Thumb Code    46  sensor.o(i.EXTI0_IRQHandler)
    EXTI15_10_IRQHandler                     0x08000ddd   Thumb Code    50  sensor.o(i.EXTI15_10_IRQHandler)
    EXTI3_IRQHandler                         0x08000e19   Thumb Code    46  sensor.o(i.EXTI3_IRQHandler)
    EXTI9_5_IRQHandler                       0x08000e51   Thumb Code    46  sensor.o(i.EXTI9_5_IRQHandler)
    EXTI_ClearITPendingBit                   0x08000e89   Thumb Code     6  stm32f4xx_exti.o(i.EXTI_ClearITPendingBit)
    EXTI_GetITStatus                         0x08000e95   Thumb Code    16  stm32f4xx_exti.o(i.EXTI_GetITStatus)
    EXTI_Init                                0x08000ea9   Thumb Code   136  stm32f4xx_exti.o(i.EXTI_Init)
    Encoder_MotorA_Init                      0x08000f39   Thumb Code   186  encoder.o(i.Encoder_MotorA_Init)
    Encoder_MotorB_Init                      0x08000ffd   Thumb Code   154  encoder.o(i.Encoder_MotorB_Init)
    Encoder_MotorC_Init                      0x080010a5   Thumb Code   154  encoder.o(i.Encoder_MotorC_Init)
    Encoder_MotorD_Init                      0x0800114d   Thumb Code   154  encoder.o(i.Encoder_MotorD_Init)
    GPIO_Init                                0x080011f5   Thumb Code   158  stm32f4xx_gpio.o(i.GPIO_Init)
    GPIO_PinAFConfig                         0x08001293   Thumb Code    34  stm32f4xx_gpio.o(i.GPIO_PinAFConfig)
    GPIO_ReadInputDataBit                    0x080012b5   Thumb Code    14  stm32f4xx_gpio.o(i.GPIO_ReadInputDataBit)
    GPIO_ResetBits                           0x080012c3   Thumb Code     4  stm32f4xx_gpio.o(i.GPIO_ResetBits)
    HardFault_Handler                        0x080012c7   Thumb Code     2  stm32f4xx_it.o(i.HardFault_Handler)
    IIC_Init                                 0x080012c9   Thumb Code    62  myiic.o(i.IIC_Init)
    IIC_Send_Byte                            0x08001311   Thumb Code    94  myiic.o(i.IIC_Send_Byte)
    IIC_Start                                0x08001379   Thumb Code    56  myiic.o(i.IIC_Start)
    IIC_Stop                                 0x080013b9   Thumb Code    58  myiic.o(i.IIC_Stop)
    IIC_Wait_Ack                             0x080013fd   Thumb Code   128  myiic.o(i.IIC_Wait_Ack)
    Incremental_PI_MotorA                    0x08001485   Thumb Code    92  control.o(i.Incremental_PI_MotorA)
    Incremental_PI_MotorB                    0x080014e9   Thumb Code    92  control.o(i.Incremental_PI_MotorB)
    Incremental_PI_MotorC                    0x0800154d   Thumb Code    92  control.o(i.Incremental_PI_MotorC)
    Incremental_PI_MotorD                    0x080015b1   Thumb Code    92  control.o(i.Incremental_PI_MotorD)
    KEY_Init                                 0x08001615   Thumb Code    46  key.o(i.KEY_Init)
    KEY_Scan                                 0x08001649   Thumb Code   156  key.o(i.KEY_Scan)
    Kinematic_Analysis                       0x080016ed   Thumb Code    30  move.o(i.Kinematic_Analysis)
    MemManage_Handler                        0x0800171d   Thumb Code     2  stm32f4xx_it.o(i.MemManage_Handler)
    Motor_Init                               0x08001721   Thumb Code   238  motor.o(i.Motor_Init)
    Motor_Pin_Init                           0x08001819   Thumb Code   136  motor.o(i.Motor_Pin_Init)
    NMI_Handler                              0x080018b1   Thumb Code     2  stm32f4xx_it.o(i.NMI_Handler)
    NVIC_Init                                0x080018b5   Thumb Code   110  misc.o(i.NVIC_Init)
    NVIC_PriorityGroupConfig                 0x08001929   Thumb Code    14  misc.o(i.NVIC_PriorityGroupConfig)
    OLED_Clear                               0x0800193d   Thumb Code    86  oled.o(i.OLED_Clear)
    OLED_Init                                0x08001993   Thumb Code   272  oled.o(i.OLED_Init)
    OLED_Set_Pos                             0x08001aa3   Thumb Code    40  oled.o(i.OLED_Set_Pos)
    OLED_ShowCHinese                         0x08001acd   Thumb Code   136  oled.o(i.OLED_ShowCHinese)
    OLED_ShowString                          0x08001b59   Thumb Code   254  oled.o(i.OLED_ShowString)
    OLED_WrCmd                               0x08001c5d   Thumb Code    50  oled.o(i.OLED_WrCmd)
    PendSV_Handler                           0x08001c8f   Thumb Code     2  stm32f4xx_it.o(i.PendSV_Handler)
    RCC_AHB1PeriphClockCmd                   0x08001c91   Thumb Code    18  stm32f4xx_rcc.o(i.RCC_AHB1PeriphClockCmd)
    RCC_APB1PeriphClockCmd                   0x08001ca9   Thumb Code    18  stm32f4xx_rcc.o(i.RCC_APB1PeriphClockCmd)
    RCC_APB1PeriphResetCmd                   0x08001cc1   Thumb Code    18  stm32f4xx_rcc.o(i.RCC_APB1PeriphResetCmd)
    RCC_APB2PeriphClockCmd                   0x08001cd9   Thumb Code    18  stm32f4xx_rcc.o(i.RCC_APB2PeriphClockCmd)
    RCC_APB2PeriphResetCmd                   0x08001cf1   Thumb Code    18  stm32f4xx_rcc.o(i.RCC_APB2PeriphResetCmd)
    RCC_GetClocksFreq                        0x08001d09   Thumb Code   118  stm32f4xx_rcc.o(i.RCC_GetClocksFreq)
    Read_Encoder                             0x08001d91   Thumb Code    64  encoder.o(i.Read_Encoder)
    SVC_Handler                              0x08001ddd   Thumb Code     2  stm32f4xx_it.o(i.SVC_Handler)
    SYSCFG_EXTILineConfig                    0x08001ddf   Thumb Code    46  stm32f4xx_syscfg.o(i.SYSCFG_EXTILineConfig)
    Sensor_Track_Init                        0x08001e0d   Thumb Code   258  sensor.o(i.Sensor_Track_Init)
    Servo1_SpeedRegulation                   0x08001f1d   Thumb Code   130  servo.o(i.Servo1_SpeedRegulation)
    Servo2_SpeedRegulation                   0x08001fa9   Thumb Code   174  servo.o(i.Servo2_SpeedRegulation)
    Servo3_SpeedRegulation                   0x08002069   Thumb Code   174  servo.o(i.Servo3_SpeedRegulation)
    Servo4_SpeedRegulation                   0x08002129   Thumb Code   174  servo.o(i.Servo4_SpeedRegulation)
    Servo5_SpeedRegulation                   0x080021e9   Thumb Code   174  servo.o(i.Servo5_SpeedRegulation)
    Servo_Init                               0x080022a9   Thumb Code   228  servo.o(i.Servo_Init)
    Set_PWM                                  0x08002395   Thumb Code   138  control.o(i.Set_PWM)
    Strategy_FinishColorInit                 0x08002441   Thumb Code    92  strategy.o(i.Strategy_FinishColorInit)
    Strategy_MaterialColor                   0x080024a1   Thumb Code   402  strategy.o(i.Strategy_MaterialColor)
    Strategy_ProcessColorInit                0x08002719   Thumb Code    92  strategy.o(i.Strategy_ProcessColorInit)
    Strategy_QrcodeSquence                   0x08002779   Thumb Code   492  strategy.o(i.Strategy_QrcodeSquence)
    Strategy_WIFISquence                     0x08002a1d   Thumb Code   402  strategy.o(i.Strategy_WIFISquence)
    Strategy_Xaxis_Move                      0x08002c69   Thumb Code    86  strategy.o(i.Strategy_Xaxis_Move)
    Strategy_Yaxis_Move                      0x08002cdd   Thumb Code   106  strategy.o(i.Strategy_Yaxis_Move)
    SysTick_CLKSourceConfig                  0x08002d65   Thumb Code    22  misc.o(i.SysTick_CLKSourceConfig)
    SysTick_Handler                          0x08002d7b   Thumb Code     2  stm32f4xx_it.o(i.SysTick_Handler)
    SystemInit                               0x08002d7d   Thumb Code   238  system_stm32f4xx.o(i.SystemInit)
    TIM11_Int_Init                           0x08002ed1   Thumb Code    90  timer.o(i.TIM11_Int_Init)
    TIM12_PWM_Init                           0x08002f31   Thumb Code   150  servo.o(i.TIM12_PWM_Init)
    TIM13_Int_Init                           0x08002fd1   Thumb Code    92  timer.o(i.TIM13_Int_Init)
    TIM1_BRK_TIM9_IRQHandler                 0x08003031   Thumb Code    44  uart5.o(i.TIM1_BRK_TIM9_IRQHandler)
    TIM1_TRG_COM_TIM11_IRQHandler            0x08003065   Thumb Code    36  timer.o(i.TIM1_TRG_COM_TIM11_IRQHandler)
    TIM7_IRQHandler                          0x08003091   Thumb Code   142  timer.o(i.TIM7_IRQHandler)
    TIM7_Int_Init                            0x08003155   Thumb Code    92  timer.o(i.TIM7_Int_Init)
    TIM8_UP_TIM13_IRQHandler                 0x080031b5   Thumb Code    36  timer.o(i.TIM8_UP_TIM13_IRQHandler)
    TIM9_Int_Init                            0x080031e1   Thumb Code    90  uart5.o(i.TIM9_Int_Init)
    TIM_ClearITPendingBit                    0x08003241   Thumb Code     6  stm32f4xx_tim.o(i.TIM_ClearITPendingBit)
    TIM_Cmd                                  0x08003247   Thumb Code    18  stm32f4xx_tim.o(i.TIM_Cmd)
    TIM_CtrlPWMOutputs                       0x08003259   Thumb Code    22  stm32f4xx_tim.o(i.TIM_CtrlPWMOutputs)
    TIM_DeInit                               0x0800326f   Thumb Code   436  stm32f4xx_tim.o(i.TIM_DeInit)
    TIM_EncoderInterfaceConfig               0x08003423   Thumb Code    60  stm32f4xx_tim.o(i.TIM_EncoderInterfaceConfig)
    TIM_GetITStatus                          0x0800345f   Thumb Code    22  stm32f4xx_tim.o(i.TIM_GetITStatus)
    TIM_ICInit                               0x08003475   Thumb Code   250  stm32f4xx_tim.o(i.TIM_ICInit)
    TIM_ICStructInit                         0x0800356f   Thumb Code    16  stm32f4xx_tim.o(i.TIM_ICStructInit)
    TIM_ITConfig                             0x0800357f   Thumb Code    16  stm32f4xx_tim.o(i.TIM_ITConfig)
    TIM_OC1Init                              0x0800358f   Thumb Code   104  stm32f4xx_tim.o(i.TIM_OC1Init)
    TIM_OC1PreloadConfig                     0x080035f7   Thumb Code    12  stm32f4xx_tim.o(i.TIM_OC1PreloadConfig)
    TIM_OC2Init                              0x08003603   Thumb Code   134  stm32f4xx_tim.o(i.TIM_OC2Init)
    TIM_OC2PreloadConfig                     0x08003689   Thumb Code    20  stm32f4xx_tim.o(i.TIM_OC2PreloadConfig)
    TIM_OC3Init                              0x0800369d   Thumb Code   132  stm32f4xx_tim.o(i.TIM_OC3Init)
    TIM_OC3PreloadConfig                     0x08003721   Thumb Code    12  stm32f4xx_tim.o(i.TIM_OC3PreloadConfig)
    TIM_OC4Init                              0x0800372d   Thumb Code   104  stm32f4xx_tim.o(i.TIM_OC4Init)
    TIM_OC4PreloadConfig                     0x08003795   Thumb Code    20  stm32f4xx_tim.o(i.TIM_OC4PreloadConfig)
    TIM_OCStructInit                         0x080037a9   Thumb Code    20  stm32f4xx_tim.o(i.TIM_OCStructInit)
    TIM_SetCompare1                          0x080037bd   Thumb Code     4  stm32f4xx_tim.o(i.TIM_SetCompare1)
    TIM_SetCompare2                          0x080037c1   Thumb Code     4  stm32f4xx_tim.o(i.TIM_SetCompare2)
    TIM_SetCompare3                          0x080037c5   Thumb Code     4  stm32f4xx_tim.o(i.TIM_SetCompare3)
    TIM_SetCompare4                          0x080037c9   Thumb Code     4  stm32f4xx_tim.o(i.TIM_SetCompare4)
    TIM_SetCounter                           0x080037cd   Thumb Code     4  stm32f4xx_tim.o(i.TIM_SetCounter)
    TIM_TimeBaseInit                         0x080037d1   Thumb Code   120  stm32f4xx_tim.o(i.TIM_TimeBaseInit)
    Task_Debug                               0x08003851   Thumb Code  1664  task.o(i.Task_Debug)
    Task_MoveProcess                         0x08003efd   Thumb Code    92  task.o(i.Task_MoveProcess)
    Task_MoveProcessToMaterial               0x08003f65   Thumb Code    66  task.o(i.Task_MoveProcessToMaterial)
    Task_MoveToGrab                          0x08003fad   Thumb Code    76  task.o(i.Task_MoveToGrab)
    Task_OLED                                0x08004005   Thumb Code   150  task.o(i.Task_OLED)
    Task_PlaceFinish                         0x080040a9   Thumb Code    58  task.o(i.Task_PlaceFinish)
    UART5_IRQHandler                         0x080040ed   Thumb Code    84  uart5.o(i.UART5_IRQHandler)
    USART2_IRQHandler                        0x08004151   Thumb Code   102  usart2.o(i.USART2_IRQHandler)
    USART3_IRQHandler                        0x080041c5   Thumb Code   102  usart3.o(i.USART3_IRQHandler)
    USART_Cmd                                0x08004239   Thumb Code    18  stm32f4xx_usart.o(i.USART_Cmd)
    USART_GetFlagStatus                      0x0800424b   Thumb Code    14  stm32f4xx_usart.o(i.USART_GetFlagStatus)
    USART_GetITStatus                        0x08004259   Thumb Code    66  stm32f4xx_usart.o(i.USART_GetITStatus)
    USART_ITConfig                           0x0800429b   Thumb Code    48  stm32f4xx_usart.o(i.USART_ITConfig)
    USART_Init                               0x080042cd   Thumb Code   180  stm32f4xx_usart.o(i.USART_Init)
    USART_ReceiveData                        0x08004385   Thumb Code     8  stm32f4xx_usart.o(i.USART_ReceiveData)
    USART_SendData                           0x0800438d   Thumb Code     8  stm32f4xx_usart.o(i.USART_SendData)
    UsageFault_Handler                       0x08004395   Thumb Code     2  stm32f4xx_it.o(i.UsageFault_Handler)
    __0sprintf                               0x08004399   Thumb Code    34  printfa.o(i.__0sprintf)
    __1sprintf                               0x08004399   Thumb Code     0  printfa.o(i.__0sprintf)
    __2sprintf                               0x08004399   Thumb Code     0  printfa.o(i.__0sprintf)
    __c89sprintf                             0x08004399   Thumb Code     0  printfa.o(i.__0sprintf)
    sprintf                                  0x08004399   Thumb Code     0  printfa.o(i.__0sprintf)
    __0vsprintf                              0x080043c1   Thumb Code    30  printfa.o(i.__0vsprintf)
    __1vsprintf                              0x080043c1   Thumb Code     0  printfa.o(i.__0vsprintf)
    __2vsprintf                              0x080043c1   Thumb Code     0  printfa.o(i.__0vsprintf)
    __c89vsprintf                            0x080043c1   Thumb Code     0  printfa.o(i.__0vsprintf)
    vsprintf                                 0x080043c1   Thumb Code     0  printfa.o(i.__0vsprintf)
    __aeabi_errno_addr                       0x080043e5   Thumb Code     4  errno.o(i.__aeabi_errno_addr)
    __rt_errno_addr                          0x080043e5   Thumb Code     0  errno.o(i.__aeabi_errno_addr)
    __scatterload_copy                       0x080043ed   Thumb Code    14  handlers.o(i.__scatterload_copy)
    __scatterload_null                       0x080043fb   Thumb Code     2  handlers.o(i.__scatterload_null)
    __scatterload_zeroinit                   0x080043fd   Thumb Code    14  handlers.o(i.__scatterload_zeroinit)
    delay_init                               0x08004cc9   Thumb Code    38  delay.o(i.delay_init)
    delay_ms                                 0x08004cf5   Thumb Code   100  delay.o(i.delay_ms)
    delay_us                                 0x08004d5d   Thumb Code    50  delay.o(i.delay_us)
    delay_xms                                0x08004d95   Thumb Code    50  delay.o(i.delay_xms)
    main                                     0x08004dcd   Thumb Code   214  main.o(i.main)
    usart2_Clear                             0x08004ead   Thumb Code    22  usart2.o(i.usart2_Clear)
    usart2_Init                              0x08004ecd   Thumb Code   166  usart2.o(i.usart2_Init)
    usart2_printf                            0x08004f7d   Thumb Code    80  usart2.o(i.usart2_printf)
    usart3_Init                              0x08004fd5   Thumb Code   162  usart3.o(i.usart3_Init)
    F16x16                                   0x08005080   Data         480  oled.o(.constdata)
    F6x8                                     0x08005260   Data         552  oled.o(.constdata)
    F8X16                                    0x08005488   Data        1520  oled.o(.constdata)
    __ctype_table                            0x08005a78   Data         129  ctype_o.o(.constdata)
    Region$$Table$$Base                      0x08005b00   Number         0  anon$$obj.o(Region$$Table)
    Region$$Table$$Limit                     0x08005b20   Number         0  anon$$obj.o(Region$$Table)
    Motor_A                                  0x20000000   Data           4  main.o(.data)
    Motor_B                                  0x20000004   Data           4  main.o(.data)
    Motor_C                                  0x20000008   Data           4  main.o(.data)
    Motor_D                                  0x2000000c   Data           4  main.o(.data)
    Encoder_A                                0x20000010   Data           4  main.o(.data)
    Encoder_B                                0x20000014   Data           4  main.o(.data)
    Encoder_C                                0x20000018   Data           4  main.o(.data)
    Encoder_D                                0x2000001c   Data           4  main.o(.data)
    Target_A                                 0x20000020   Data           4  main.o(.data)
    Target_B                                 0x20000024   Data           4  main.o(.data)
    Target_C                                 0x20000028   Data           4  main.o(.data)
    Target_D                                 0x2000002c   Data           4  main.o(.data)
    COUNT_FRONT_L                            0x20000030   Data           1  main.o(.data)
    COUNT_FRONT_R                            0x20000031   Data           1  main.o(.data)
    COUNT_RIGHT_U                            0x20000032   Data           1  main.o(.data)
    COUNT_RIGHT_D                            0x20000033   Data           1  main.o(.data)
    counter                                  0x20000034   Data           2  main.o(.data)
    key                                      0x20000036   Data           1  main.o(.data)
    TIME                                     0x20000038   Data           2  main.o(.data)
    USART3_RX_STA                            0x20000050   Data           2  usart3.o(.data)
    Kp                                       0x20000054   Data           4  control.o(.data)
    Ki                                       0x20000058   Data           4  control.o(.data)
    UART5_RX_STA                             0x2000008e   Data           2  uart5.o(.data)
    FLAG_QR                                  0x20000090   Data           1  strategy.o(.data)
    FLAG_WIFI                                0x20000091   Data           1  strategy.o(.data)
    QrcodeNum                                0x20000092   Data           2  strategy.o(.data)
    Position_R                               0x20000094   Data           4  strategy.o(.data)
    Position_G                               0x20000098   Data           4  strategy.o(.data)
    Position_B                               0x2000009c   Data           4  strategy.o(.data)
    Process_R                                0x200000a0   Data           4  strategy.o(.data)
    Process_G                                0x200000a4   Data           4  strategy.o(.data)
    Process_B                                0x200000a8   Data           4  strategy.o(.data)
    Finish_R                                 0x200000ac   Data           4  strategy.o(.data)
    Finish_G                                 0x200000b0   Data           4  strategy.o(.data)
    Finish_B                                 0x200000b4   Data           4  strategy.o(.data)
    flag                                     0x200000b8   Data           1  usart2.o(.data)
    USART2_RX_STA                            0x200000ba   Data           2  usart2.o(.data)
    USART3_RX_BUF                            0x200000d8   Data         255  usart3.o(.bss)
    USART3_TX_BUF                            0x200001d8   Data         255  usart3.o(.bss)
    BUFF                                     0x200002d7   Data          16  task.o(.bss)
    UART5_RX_BUF                             0x200002e8   Data         255  uart5.o(.bss)
    UART5_TX_BUF                             0x200003e8   Data         255  uart5.o(.bss)
    Take_Material_Order                      0x200004e8   Data          12  strategy.o(.bss)
    Place_Process_Order                      0x200004f4   Data          12  strategy.o(.bss)
    Take_Process_Order                       0x20000500   Data          12  strategy.o(.bss)
    Place_Finish_Order                       0x2000050c   Data          12  strategy.o(.bss)
    USART2_RX_BUF                            0x20000518   Data         255  usart2.o(.bss)
    USART2_TX_BUF                            0x20000618   Data         255  usart2.o(.bss)
    __initial_sp                             0x20000b18   Data           0  startup_stm32f40_41xxx.o(STACK)



==============================================================================

Memory Map of the image

  Image Entry point : 0x08000189

  Load Region LR_IROM1 (Base: 0x08000000, Size: 0x00005bf4, Max: 0x00080000, ABSOLUTE)

    Execution Region ER_IROM1 (Exec base: 0x08000000, Load base: 0x08000000, Size: 0x00005b20, Max: 0x00080000, ABSOLUTE)

    Exec Addr    Load Addr    Size         Type   Attr      Idx    E Section Name        Object

    0x08000000   0x08000000   0x00000188   Data   RO         1545    RESET               startup_stm32f40_41xxx.o
    0x08000188   0x08000188   0x00000000   Code   RO         2898  * .ARM.Collect$$$$00000000  mc_w.l(entry.o)
    0x08000188   0x08000188   0x00000004   Code   RO         3187    .ARM.Collect$$$$00000001  mc_w.l(entry2.o)
    0x0800018c   0x0800018c   0x00000004   Code   RO         3190    .ARM.Collect$$$$00000004  mc_w.l(entry5.o)
    0x08000190   0x08000190   0x00000000   Code   RO         3192    .ARM.Collect$$$$00000008  mc_w.l(entry7b.o)
    0x08000190   0x08000190   0x00000000   Code   RO         3194    .ARM.Collect$$$$0000000A  mc_w.l(entry8b.o)
    0x08000190   0x08000190   0x00000008   Code   RO         3195    .ARM.Collect$$$$0000000B  mc_w.l(entry9a.o)
    0x08000198   0x08000198   0x00000000   Code   RO         3197    .ARM.Collect$$$$0000000D  mc_w.l(entry10a.o)
    0x08000198   0x08000198   0x00000000   Code   RO         3199    .ARM.Collect$$$$0000000F  mc_w.l(entry11a.o)
    0x08000198   0x08000198   0x00000004   Code   RO         3188    .ARM.Collect$$$$00002712  mc_w.l(entry2.o)
    0x0800019c   0x0800019c   0x00000024   Code   RO         1546    .text               startup_stm32f40_41xxx.o
    0x080001c0   0x080001c0   0x0000000e   Code   RO         2901    .text               mc_w.l(strlen.o)
    0x080001ce   0x080001ce   0x0000001c   Code   RO         2903    .text               mc_w.l(strcmp.o)
    0x080001ea   0x080001ea   0x0000001a   Code   RO         3166    .text               mc_w.l(atoi.o)
    0x08000204   0x08000204   0x0000002c   Code   RO         3204    .text               mc_w.l(uidiv.o)
    0x08000230   0x08000230   0x00000062   Code   RO         3206    .text               mc_w.l(uldiv.o)
    0x08000292   0x08000292   0x00000070   Code   RO         3215    .text               mc_w.l(strtol.o)
    0x08000302   0x08000302   0x00000000   Code   RO         3217    .text               mc_w.l(iusefp.o)
    0x08000302   0x08000302   0x0000014e   Code   RO         3218    .text               mf_w.l(dadd.o)
    0x08000450   0x08000450   0x000000e4   Code   RO         3220    .text               mf_w.l(dmul.o)
    0x08000534   0x08000534   0x000000de   Code   RO         3222    .text               mf_w.l(ddiv.o)
    0x08000612   0x08000612   0x00000030   Code   RO         3224    .text               mf_w.l(dfixul.o)
    0x08000642   0x08000642   0x00000002   PAD
    0x08000644   0x08000644   0x00000030   Code   RO         3226    .text               mf_w.l(cdrcmple.o)
    0x08000674   0x08000674   0x00000024   Code   RO         3228    .text               mc_w.l(init.o)
    0x08000698   0x08000698   0x0000001e   Code   RO         3231    .text               mc_w.l(llshl.o)
    0x080006b6   0x080006b6   0x00000020   Code   RO         3233    .text               mc_w.l(llushr.o)
    0x080006d6   0x080006d6   0x00000024   Code   RO         3235    .text               mc_w.l(llsshr.o)
    0x080006fa   0x080006fa   0x00000002   PAD
    0x080006fc   0x080006fc   0x00000008   Code   RO         3237    .text               mc_w.l(ctype_o.o)
    0x08000704   0x08000704   0x0000009e   Code   RO         3265    .text               mc_w.l(_strtoul.o)
    0x080007a2   0x080007a2   0x000000ba   Code   RO         3268    .text               mf_w.l(depilogue.o)
    0x0800085c   0x0800085c   0x0000001c   Code   RO         3270    .text               mc_w.l(_chval.o)
    0x08000878   0x08000878   0x0000005c   Code   RO         1374    i.Action_3          action.o
    0x080008d4   0x080008d4   0x00000074   Code   RO         1375    i.Action_4          action.o
    0x08000948   0x08000948   0x0000005c   Code   RO         1376    i.Action_5          action.o
    0x080009a4   0x080009a4   0x0000005a   Code   RO         1377    i.Action_FindBlob   action.o
    0x080009fe   0x080009fe   0x0000005e   Code   RO         1379    i.Action_Place_Finish  action.o
    0x08000a5c   0x08000a5c   0x0000002e   Code   RO         1380    i.Action_Place_Process  action.o
    0x08000a8a   0x08000a8a   0x0000005e   Code   RO         1381    i.Action_Take_Process  action.o
    0x08000ae8   0x08000ae8   0x00000040   Code   RO          571    i.Beep_Init         beep.o
    0x08000b28   0x08000b28   0x00000038   Code   RO          572    i.Beep_ring         beep.o
    0x08000b60   0x08000b60   0x00000002   Code   RO          212    i.BusFault_Handler  stm32f4xx_it.o
    0x08000b62   0x08000b62   0x00000002   PAD
    0x08000b64   0x08000b64   0x00000094   Code   RO          800    i.Car_TrackBack1    move.o
    0x08000bf8   0x08000bf8   0x00000090   Code   RO          803    i.Car_TrackFront1   move.o
    0x08000c88   0x08000c88   0x00000094   Code   RO          806    i.Car_TrackLeft1    move.o
    0x08000d1c   0x08000d1c   0x00000084   Code   RO          809    i.Car_TrackRight1   move.o
    0x08000da0   0x08000da0   0x00000002   Code   RO          213    i.DebugMon_Handler  stm32f4xx_it.o
    0x08000da2   0x08000da2   0x00000002   PAD
    0x08000da4   0x08000da4   0x00000038   Code   RO          691    i.EXTI0_IRQHandler  sensor.o
    0x08000ddc   0x08000ddc   0x0000003c   Code   RO          692    i.EXTI15_10_IRQHandler  sensor.o
    0x08000e18   0x08000e18   0x00000038   Code   RO          693    i.EXTI3_IRQHandler  sensor.o
    0x08000e50   0x08000e50   0x00000038   Code   RO          694    i.EXTI9_5_IRQHandler  sensor.o
    0x08000e88   0x08000e88   0x0000000c   Code   RO         2815    i.EXTI_ClearITPendingBit  stm32f4xx_exti.o
    0x08000e94   0x08000e94   0x00000014   Code   RO         2819    i.EXTI_GetITStatus  stm32f4xx_exti.o
    0x08000ea8   0x08000ea8   0x00000090   Code   RO         2820    i.EXTI_Init         stm32f4xx_exti.o
    0x08000f38   0x08000f38   0x000000c4   Code   RO          597    i.Encoder_MotorA_Init  encoder.o
    0x08000ffc   0x08000ffc   0x000000a8   Code   RO          598    i.Encoder_MotorB_Init  encoder.o
    0x080010a4   0x080010a4   0x000000a8   Code   RO          599    i.Encoder_MotorC_Init  encoder.o
    0x0800114c   0x0800114c   0x000000a8   Code   RO          600    i.Encoder_MotorD_Init  encoder.o
    0x080011f4   0x080011f4   0x0000009e   Code   RO         1597    i.GPIO_Init         stm32f4xx_gpio.o
    0x08001292   0x08001292   0x00000022   Code   RO         1598    i.GPIO_PinAFConfig  stm32f4xx_gpio.o
    0x080012b4   0x080012b4   0x0000000e   Code   RO         1601    i.GPIO_ReadInputDataBit  stm32f4xx_gpio.o
    0x080012c2   0x080012c2   0x00000004   Code   RO         1604    i.GPIO_ResetBits    stm32f4xx_gpio.o
    0x080012c6   0x080012c6   0x00000002   Code   RO          214    i.HardFault_Handler  stm32f4xx_it.o
    0x080012c8   0x080012c8   0x00000048   Code   RO          932    i.IIC_Init          myiic.o
    0x08001310   0x08001310   0x00000068   Code   RO          935    i.IIC_Send_Byte     myiic.o
    0x08001378   0x08001378   0x00000040   Code   RO          936    i.IIC_Start         myiic.o
    0x080013b8   0x080013b8   0x00000044   Code   RO          937    i.IIC_Stop          myiic.o
    0x080013fc   0x080013fc   0x00000088   Code   RO          938    i.IIC_Wait_Ack      myiic.o
    0x08001484   0x08001484   0x00000064   Code   RO          749    i.Incremental_PI_MotorA  control.o
    0x080014e8   0x080014e8   0x00000064   Code   RO          750    i.Incremental_PI_MotorB  control.o
    0x0800154c   0x0800154c   0x00000064   Code   RO          751    i.Incremental_PI_MotorC  control.o
    0x080015b0   0x080015b0   0x00000064   Code   RO          752    i.Incremental_PI_MotorD  control.o
    0x08001614   0x08001614   0x00000034   Code   RO         1084    i.KEY_Init          key.o
    0x08001648   0x08001648   0x000000a4   Code   RO         1085    i.KEY_Scan          key.o
    0x080016ec   0x080016ec   0x00000030   Code   RO          811    i.Kinematic_Analysis  move.o
    0x0800171c   0x0800171c   0x00000002   Code   RO          215    i.MemManage_Handler  stm32f4xx_it.o
    0x0800171e   0x0800171e   0x00000002   PAD
    0x08001720   0x08001720   0x000000f8   Code   RO          545    i.Motor_Init        motor.o
    0x08001818   0x08001818   0x00000098   Code   RO          546    i.Motor_Pin_Init    motor.o
    0x080018b0   0x080018b0   0x00000002   Code   RO          216    i.NMI_Handler       stm32f4xx_it.o
    0x080018b2   0x080018b2   0x00000002   PAD
    0x080018b4   0x080018b4   0x00000074   Code   RO         1552    i.NVIC_Init         misc.o
    0x08001928   0x08001928   0x00000014   Code   RO         1553    i.NVIC_PriorityGroupConfig  misc.o
    0x0800193c   0x0800193c   0x00000056   Code   RO          998    i.OLED_Clear        oled.o
    0x08001992   0x08001992   0x00000110   Code   RO         1000    i.OLED_Init         oled.o
    0x08001aa2   0x08001aa2   0x00000028   Code   RO         1002    i.OLED_Set_Pos      oled.o
    0x08001aca   0x08001aca   0x00000002   PAD
    0x08001acc   0x08001acc   0x0000008c   Code   RO         1003    i.OLED_ShowCHinese  oled.o
    0x08001b58   0x08001b58   0x00000104   Code   RO         1005    i.OLED_ShowString   oled.o
    0x08001c5c   0x08001c5c   0x00000032   Code   RO         1006    i.OLED_WrCmd        oled.o
    0x08001c8e   0x08001c8e   0x00000002   Code   RO          217    i.PendSV_Handler    stm32f4xx_it.o
    0x08001c90   0x08001c90   0x00000018   Code   RO         1694    i.RCC_AHB1PeriphClockCmd  stm32f4xx_rcc.o
    0x08001ca8   0x08001ca8   0x00000018   Code   RO         1703    i.RCC_APB1PeriphClockCmd  stm32f4xx_rcc.o
    0x08001cc0   0x08001cc0   0x00000018   Code   RO         1705    i.RCC_APB1PeriphResetCmd  stm32f4xx_rcc.o
    0x08001cd8   0x08001cd8   0x00000018   Code   RO         1706    i.RCC_APB2PeriphClockCmd  stm32f4xx_rcc.o
    0x08001cf0   0x08001cf0   0x00000018   Code   RO         1708    i.RCC_APB2PeriphResetCmd  stm32f4xx_rcc.o
    0x08001d08   0x08001d08   0x00000088   Code   RO         1715    i.RCC_GetClocksFreq  stm32f4xx_rcc.o
    0x08001d90   0x08001d90   0x0000004c   Code   RO          601    i.Read_Encoder      encoder.o
    0x08001ddc   0x08001ddc   0x00000002   Code   RO          218    i.SVC_Handler       stm32f4xx_it.o
    0x08001dde   0x08001dde   0x0000002e   Code   RO         2031    i.SYSCFG_EXTILineConfig  stm32f4xx_syscfg.o
    0x08001e0c   0x08001e0c   0x00000110   Code   RO          695    i.Sensor_Track_Init  sensor.o
    0x08001f1c   0x08001f1c   0x0000008c   Code   RO          400    i.Servo1_SpeedRegulation  servo.o
    0x08001fa8   0x08001fa8   0x000000c0   Code   RO          402    i.Servo2_SpeedRegulation  servo.o
    0x08002068   0x08002068   0x000000c0   Code   RO          404    i.Servo3_SpeedRegulation  servo.o
    0x08002128   0x08002128   0x000000c0   Code   RO          406    i.Servo4_SpeedRegulation  servo.o
    0x080021e8   0x080021e8   0x000000c0   Code   RO          408    i.Servo5_SpeedRegulation  servo.o
    0x080022a8   0x080022a8   0x000000ec   Code   RO          409    i.Servo_Init        servo.o
    0x08002394   0x08002394   0x000000ac   Code   RO          753    i.Set_PWM           control.o
    0x08002440   0x08002440   0x00000060   Code   RO         1312    i.Strategy_FinishColorInit  strategy.o
    0x080024a0   0x080024a0   0x00000278   Code   RO         1313    i.Strategy_MaterialColor  strategy.o
    0x08002718   0x08002718   0x00000060   Code   RO         1314    i.Strategy_ProcessColorInit  strategy.o
    0x08002778   0x08002778   0x000002a4   Code   RO         1315    i.Strategy_QrcodeSquence  strategy.o
    0x08002a1c   0x08002a1c   0x0000024c   Code   RO         1316    i.Strategy_WIFISquence  strategy.o
    0x08002c68   0x08002c68   0x00000074   Code   RO         1317    i.Strategy_Xaxis_Move  strategy.o
    0x08002cdc   0x08002cdc   0x00000088   Code   RO         1318    i.Strategy_Yaxis_Move  strategy.o
    0x08002d64   0x08002d64   0x00000016   Code   RO         1556    i.SysTick_CLKSourceConfig  misc.o
    0x08002d7a   0x08002d7a   0x00000002   Code   RO          219    i.SysTick_Handler   stm32f4xx_it.o
    0x08002d7c   0x08002d7c   0x00000114   Code   RO          310    i.SystemInit        system_stm32f4xx.o
    0x08002e90   0x08002e90   0x0000003e   Code   RO         2272    i.TI2_Config        stm32f4xx_tim.o
    0x08002ece   0x08002ece   0x00000002   PAD
    0x08002ed0   0x08002ed0   0x00000060   Code   RO          341    i.TIM11_Int_Init    timer.o
    0x08002f30   0x08002f30   0x000000a0   Code   RO          410    i.TIM12_PWM_Init    servo.o
    0x08002fd0   0x08002fd0   0x00000060   Code   RO          342    i.TIM13_Int_Init    timer.o
    0x08003030   0x08003030   0x00000034   Code   RO         1226    i.TIM1_BRK_TIM9_IRQHandler  uart5.o
    0x08003064   0x08003064   0x0000002c   Code   RO          343    i.TIM1_TRG_COM_TIM11_IRQHandler  timer.o
    0x08003090   0x08003090   0x000000c4   Code   RO          344    i.TIM7_IRQHandler   timer.o
    0x08003154   0x08003154   0x00000060   Code   RO          345    i.TIM7_Int_Init     timer.o
    0x080031b4   0x080031b4   0x0000002c   Code   RO          346    i.TIM8_UP_TIM13_IRQHandler  timer.o
    0x080031e0   0x080031e0   0x00000060   Code   RO         1227    i.TIM9_Int_Init     uart5.o
    0x08003240   0x08003240   0x00000006   Code   RO         2280    i.TIM_ClearITPendingBit  stm32f4xx_tim.o
    0x08003246   0x08003246   0x00000012   Code   RO         2285    i.TIM_Cmd           stm32f4xx_tim.o
    0x08003258   0x08003258   0x00000016   Code   RO         2287    i.TIM_CtrlPWMOutputs  stm32f4xx_tim.o
    0x0800326e   0x0800326e   0x000001b4   Code   RO         2290    i.TIM_DeInit        stm32f4xx_tim.o
    0x08003422   0x08003422   0x0000003c   Code   RO         2294    i.TIM_EncoderInterfaceConfig  stm32f4xx_tim.o
    0x0800345e   0x0800345e   0x00000016   Code   RO         2306    i.TIM_GetITStatus   stm32f4xx_tim.o
    0x08003474   0x08003474   0x000000fa   Code   RO         2308    i.TIM_ICInit        stm32f4xx_tim.o
    0x0800356e   0x0800356e   0x00000010   Code   RO         2309    i.TIM_ICStructInit  stm32f4xx_tim.o
    0x0800357e   0x0800357e   0x00000010   Code   RO         2310    i.TIM_ITConfig      stm32f4xx_tim.o
    0x0800358e   0x0800358e   0x00000068   Code   RO         2314    i.TIM_OC1Init       stm32f4xx_tim.o
    0x080035f6   0x080035f6   0x0000000c   Code   RO         2317    i.TIM_OC1PreloadConfig  stm32f4xx_tim.o
    0x08003602   0x08003602   0x00000086   Code   RO         2319    i.TIM_OC2Init       stm32f4xx_tim.o
    0x08003688   0x08003688   0x00000014   Code   RO         2322    i.TIM_OC2PreloadConfig  stm32f4xx_tim.o
    0x0800369c   0x0800369c   0x00000084   Code   RO         2324    i.TIM_OC3Init       stm32f4xx_tim.o
    0x08003720   0x08003720   0x0000000c   Code   RO         2327    i.TIM_OC3PreloadConfig  stm32f4xx_tim.o
    0x0800372c   0x0800372c   0x00000068   Code   RO         2329    i.TIM_OC4Init       stm32f4xx_tim.o
    0x08003794   0x08003794   0x00000014   Code   RO         2331    i.TIM_OC4PreloadConfig  stm32f4xx_tim.o
    0x080037a8   0x080037a8   0x00000014   Code   RO         2332    i.TIM_OCStructInit  stm32f4xx_tim.o
    0x080037bc   0x080037bc   0x00000004   Code   RO         2347    i.TIM_SetCompare1   stm32f4xx_tim.o
    0x080037c0   0x080037c0   0x00000004   Code   RO         2348    i.TIM_SetCompare2   stm32f4xx_tim.o
    0x080037c4   0x080037c4   0x00000004   Code   RO         2349    i.TIM_SetCompare3   stm32f4xx_tim.o
    0x080037c8   0x080037c8   0x00000004   Code   RO         2350    i.TIM_SetCompare4   stm32f4xx_tim.o
    0x080037cc   0x080037cc   0x00000004   Code   RO         2351    i.TIM_SetCounter    stm32f4xx_tim.o
    0x080037d0   0x080037d0   0x00000080   Code   RO         2357    i.TIM_TimeBaseInit  stm32f4xx_tim.o
    0x08003850   0x08003850   0x000006ac   Code   RO         1111    i.Task_Debug        task.o
    0x08003efc   0x08003efc   0x00000068   Code   RO         1117    i.Task_MoveProcess  task.o
    0x08003f64   0x08003f64   0x00000048   Code   RO         1118    i.Task_MoveProcessToMaterial  task.o
    0x08003fac   0x08003fac   0x00000058   Code   RO         1119    i.Task_MoveToGrab   task.o
    0x08004004   0x08004004   0x000000a4   Code   RO         1120    i.Task_OLED         task.o
    0x080040a8   0x080040a8   0x00000044   Code   RO         1121    i.Task_PlaceFinish  task.o
    0x080040ec   0x080040ec   0x00000064   Code   RO         1228    i.UART5_IRQHandler  uart5.o
    0x08004150   0x08004150   0x00000074   Code   RO         1437    i.USART2_IRQHandler  usart2.o
    0x080041c4   0x080041c4   0x00000074   Code   RO          490    i.USART3_IRQHandler  usart3.o
    0x08004238   0x08004238   0x00000012   Code   RO         2088    i.USART_Cmd         stm32f4xx_usart.o
    0x0800424a   0x0800424a   0x0000000e   Code   RO         2091    i.USART_GetFlagStatus  stm32f4xx_usart.o
    0x08004258   0x08004258   0x00000042   Code   RO         2092    i.USART_GetITStatus  stm32f4xx_usart.o
    0x0800429a   0x0800429a   0x00000030   Code   RO         2094    i.USART_ITConfig    stm32f4xx_usart.o
    0x080042ca   0x080042ca   0x00000002   PAD
    0x080042cc   0x080042cc   0x000000b8   Code   RO         2095    i.USART_Init        stm32f4xx_usart.o
    0x08004384   0x08004384   0x00000008   Code   RO         2102    i.USART_ReceiveData  stm32f4xx_usart.o
    0x0800438c   0x0800438c   0x00000008   Code   RO         2105    i.USART_SendData    stm32f4xx_usart.o
    0x08004394   0x08004394   0x00000002   Code   RO          220    i.UsageFault_Handler  stm32f4xx_it.o
    0x08004396   0x08004396   0x00000002   PAD
    0x08004398   0x08004398   0x00000028   Code   RO         3140    i.__0sprintf        mc_w.l(printfa.o)
    0x080043c0   0x080043c0   0x00000024   Code   RO         3144    i.__0vsprintf       mc_w.l(printfa.o)
    0x080043e4   0x080043e4   0x00000008   Code   RO         3208    i.__aeabi_errno_addr  mc_w.l(errno.o)
    0x080043ec   0x080043ec   0x0000000e   Code   RO         3274    i.__scatterload_copy  mc_w.l(handlers.o)
    0x080043fa   0x080043fa   0x00000002   Code   RO         3275    i.__scatterload_null  mc_w.l(handlers.o)
    0x080043fc   0x080043fc   0x0000000e   Code   RO         3276    i.__scatterload_zeroinit  mc_w.l(handlers.o)
    0x0800440a   0x0800440a   0x00000002   PAD
    0x0800440c   0x0800440c   0x00000184   Code   RO         3145    i._fp_digits        mc_w.l(printfa.o)
    0x08004590   0x08004590   0x000006dc   Code   RO         3146    i._printf_core      mc_w.l(printfa.o)
    0x08004c6c   0x08004c6c   0x00000024   Code   RO         3147    i._printf_post_padding  mc_w.l(printfa.o)
    0x08004c90   0x08004c90   0x0000002e   Code   RO         3148    i._printf_pre_padding  mc_w.l(printfa.o)
    0x08004cbe   0x08004cbe   0x0000000a   Code   RO         3150    i._sputc            mc_w.l(printfa.o)
    0x08004cc8   0x08004cc8   0x0000002c   Code   RO         1487    i.delay_init        delay.o
    0x08004cf4   0x08004cf4   0x00000068   Code   RO         1488    i.delay_ms          delay.o
    0x08004d5c   0x08004d5c   0x00000038   Code   RO         1489    i.delay_us          delay.o
    0x08004d94   0x08004d94   0x00000038   Code   RO         1490    i.delay_xms         delay.o
    0x08004dcc   0x08004dcc   0x000000e0   Code   RO            3    i.main              main.o
    0x08004eac   0x08004eac   0x00000020   Code   RO         1438    i.usart2_Clear      usart2.o
    0x08004ecc   0x08004ecc   0x000000b0   Code   RO         1439    i.usart2_Init       usart2.o
    0x08004f7c   0x08004f7c   0x00000058   Code   RO         1440    i.usart2_printf     usart2.o
    0x08004fd4   0x08004fd4   0x000000ac   Code   RO          492    i.usart3_Init       usart3.o
    0x08005080   0x08005080   0x000009f8   Data   RO         1009    .constdata          oled.o
    0x08005a78   0x08005a78   0x00000081   Data   RO         3238    .constdata          mc_w.l(ctype_o.o)
    0x08005af9   0x08005af9   0x00000003   PAD
    0x08005afc   0x08005afc   0x00000004   Data   RO         3239    .constdata          mc_w.l(ctype_o.o)
    0x08005b00   0x08005b00   0x00000020   Data   RO         3272    Region$$Table       anon$$obj.o


    Execution Region RW_IRAM1 (Exec base: 0x20000000, Load base: 0x08005b20, Size: 0x00000b18, Max: 0x00020000, ABSOLUTE)

    Exec Addr    Load Addr    Size         Type   Attr      Idx    E Section Name        Object

    0x20000000   0x08005b20   0x00000004   Data   RW            4    .data               main.o
    0x20000004   0x08005b24   0x00000004   Data   RW            5    .data               main.o
    0x20000008   0x08005b28   0x00000004   Data   RW            6    .data               main.o
    0x2000000c   0x08005b2c   0x00000004   Data   RW            7    .data               main.o
    0x20000010   0x08005b30   0x00000004   Data   RW            8    .data               main.o
    0x20000014   0x08005b34   0x00000004   Data   RW            9    .data               main.o
    0x20000018   0x08005b38   0x00000004   Data   RW           10    .data               main.o
    0x2000001c   0x08005b3c   0x00000004   Data   RW           11    .data               main.o
    0x20000020   0x08005b40   0x00000004   Data   RW           12    .data               main.o
    0x20000024   0x08005b44   0x00000004   Data   RW           13    .data               main.o
    0x20000028   0x08005b48   0x00000004   Data   RW           14    .data               main.o
    0x2000002c   0x08005b4c   0x00000004   Data   RW           15    .data               main.o
    0x20000030   0x08005b50   0x00000001   Data   RW           16    .data               main.o
    0x20000031   0x08005b51   0x00000001   Data   RW           17    .data               main.o
    0x20000032   0x08005b52   0x00000001   Data   RW           19    .data               main.o
    0x20000033   0x08005b53   0x00000001   Data   RW           20    .data               main.o
    0x20000034   0x08005b54   0x00000002   Data   RW           21    .data               main.o
    0x20000036   0x08005b56   0x00000004   Data   RW           22    .data               main.o
    0x2000003a   0x08005b5a   0x00000002   PAD
    0x2000003c   0x08005b5c   0x00000014   Data   RW          413    .data               servo.o
    0x20000050   0x08005b70   0x00000002   Data   RW          495    .data               usart3.o
    0x20000052   0x08005b72   0x00000002   PAD
    0x20000054   0x08005b74   0x00000038   Data   RW          754    .data               control.o
    0x2000008c   0x08005bac   0x00000001   Data   RW         1086    .data               key.o
    0x2000008d   0x08005bad   0x00000001   PAD
    0x2000008e   0x08005bae   0x00000002   Data   RW         1234    .data               uart5.o
    0x20000090   0x08005bb0   0x00000028   Data   RW         1321    .data               strategy.o
    0x200000b8   0x08005bd8   0x00000004   Data   RW         1442    .data               usart2.o
    0x200000bc   0x08005bdc   0x00000004   Data   RW         1491    .data               delay.o
    0x200000c0   0x08005be0   0x00000010   Data   RW         1747    .data               stm32f4xx_rcc.o
    0x200000d0   0x08005bf0   0x00000004   Data   RW         3211    .data               mc_w.l(errno.o)
    0x200000d4   0x08005bf4   0x00000004   PAD
    0x200000d8        -       0x000001ff   Zero   RW          494    .bss                usart3.o
    0x200002d7        -       0x00000010   Zero   RW         1129    .bss                task.o
    0x200002e7   0x08005bf4   0x00000001   PAD
    0x200002e8        -       0x000001ff   Zero   RW         1233    .bss                uart5.o
    0x200004e7   0x08005bf4   0x00000001   PAD
    0x200004e8        -       0x00000030   Zero   RW         1319    .bss                strategy.o
    0x20000518        -       0x000001ff   Zero   RW         1441    .bss                usart2.o
    0x20000717   0x08005bf4   0x00000001   PAD
    0x20000718        -       0x00000400   Zero   RW         1543    STACK               startup_stm32f40_41xxx.o


==============================================================================

Image component sizes


      Code (inc. data)   RO Data    RW Data    ZI Data      Debug   Object Name

       624          0          0          0          0       3958   action.o
       120         10          0          0          0       1104   beep.o
       572         66          0         56          0       4042   control.o
       260         22          0          4          0       3027   delay.o
       776         64          0          0          0       3799   encoder.o
       216         14          0          1          0       1330   key.o
       224         10          0         58          0     286355   main.o
       158         12          0          0          0       2197   misc.o
       400         26          0          0          0       1606   motor.o
       620        112          0          0          0       4299   move.o
       444         46          0          0          0       3458   myiic.o
       848         10       2552          0          0       5973   oled.o
       500         54          0          0          0       3078   sensor.o
      1304        100          0         20          0       7967   servo.o
        36          8        392          0       1024        840   startup_stm32f40_41xxx.o
       176         18          0          0          0       2180   stm32f4xx_exti.o
       210          0          0          0          0       3024   stm32f4xx_gpio.o
        18          0          0          0          0       4126   stm32f4xx_it.o
       256         48          0         16          0       6109   stm32f4xx_rcc.o
        46          0          0          0          0        656   stm32f4xx_syscfg.o
      1614          8          0          0          0      19704   stm32f4xx_tim.o
       346          4          0          0          0       5629   stm32f4xx_usart.o
      2340        684          0         40         48       7329   strategy.o
       276         38          0          0          0       1125   system_stm32f4xx.o
      2204        582          0          0         16       7074   task.o
       572         84          0          0          0       3947   timer.o
       248         30          0          2        511       2773   uart5.o
       412         42          0          4        511       3566   usart2.o
       288         24          0          2        511       2786   usart3.o

    ----------------------------------------------------------------------
     16124       2116       2976        208       2624     403061   Object Totals
         0          0         32          0          0          0   (incl. Generated)
        16          0          0          5          3          0   (incl. Padding)

    ----------------------------------------------------------------------

      Code (inc. data)   RO Data    RW Data    ZI Data      Debug   Library Member Name

        28          0          0          0          0         68   _chval.o
       158          0          0          0          0         92   _strtoul.o
        26          0          0          0          0         80   atoi.o
         8          4        133          0          0         68   ctype_o.o
         0          0          0          0          0          0   entry.o
         0          0          0          0          0          0   entry10a.o
         0          0          0          0          0          0   entry11a.o
         8          4          0          0          0          0   entry2.o
         4          0          0          0          0          0   entry5.o
         0          0          0          0          0          0   entry7b.o
         0          0          0          0          0          0   entry8b.o
         8          4          0          0          0          0   entry9a.o
         8          4          0          4          0         68   errno.o
        30          0          0          0          0          0   handlers.o
        36          8          0          0          0         68   init.o
         0          0          0          0          0          0   iusefp.o
        30          0          0          0          0         68   llshl.o
        36          0          0          0          0         68   llsshr.o
        32          0          0          0          0         68   llushr.o
      2312         92          0          0          0        600   printfa.o
        28          0          0          0          0         76   strcmp.o
        14          0          0          0          0         68   strlen.o
       112          0          0          0          0         88   strtol.o
        44          0          0          0          0         80   uidiv.o
        98          0          0          0          0         92   uldiv.o
        48          0          0          0          0         68   cdrcmple.o
       334          0          0          0          0        148   dadd.o
       222          0          0          0          0        100   ddiv.o
       186          0          0          0          0        176   depilogue.o
        48          0          0          0          0         68   dfixul.o
       228          0          0          0          0         96   dmul.o

    ----------------------------------------------------------------------
      4092        116        136          4          4       2308   Library Totals
         6          0          3          0          4          0   (incl. Padding)

    ----------------------------------------------------------------------

      Code (inc. data)   RO Data    RW Data    ZI Data      Debug   Library Name

      3020        116        133          4          0       1652   mc_w.l
      1066          0          0          0          0        656   mf_w.l

    ----------------------------------------------------------------------
      4092        116        136          4          4       2308   Library Totals

    ----------------------------------------------------------------------

==============================================================================


      Code (inc. data)   RO Data    RW Data    ZI Data      Debug   

     20216       2232       3112        212       2628     390877   Grand Totals
     20216       2232       3112        212       2628     390877   ELF Image Totals
     20216       2232       3112        212          0          0   ROM Totals

==============================================================================

    Total RO  Size (Code + RO Data)                23328 (  22.78kB)
    Total RW  Size (RW Data + ZI Data)              2840 (   2.77kB)
    Total ROM Size (Code + RO Data + RW Data)      23540 (  22.99kB)

==============================================================================

